Archive member included to satisfy reference by file (symbol)

c:/gnuarm~1/102021~1.10/bin/../lib/gcc/arm-none-eabi/10.3.1/thumb/v7e-m+fp/hard\libgcc.a(_aeabi_uldivmod.o)
                              CMakeFiles/STM32F429IGT6_FreeRTOS_Clion.elf.dir/Drivers/STM32F4xx_HAL_Driver/Src/stm32f4xx_hal_rcc.c.obj (__aeabi_uldivmod)
c:/gnuarm~1/102021~1.10/bin/../lib/gcc/arm-none-eabi/10.3.1/thumb/v7e-m+fp/hard\libgcc.a(_udivmoddi4.o)
                              c:/gnuarm~1/102021~1.10/bin/../lib/gcc/arm-none-eabi/10.3.1/thumb/v7e-m+fp/hard\libgcc.a(_aeabi_uldivmod.o) (__udivmoddi4)
c:/gnuarm~1/102021~1.10/bin/../lib/gcc/arm-none-eabi/10.3.1/thumb/v7e-m+fp/hard\libgcc.a(_dvmd_tls.o)
                              c:/gnuarm~1/102021~1.10/bin/../lib/gcc/arm-none-eabi/10.3.1/thumb/v7e-m+fp/hard\libgcc.a(_aeabi_uldivmod.o) (__aeabi_ldiv0)
c:/gnuarm~1/102021~1.10/bin/../lib/gcc/arm-none-eabi/10.3.1/../../../../arm-none-eabi/lib/thumb/v7e-m+fp/hard\libg.a(lib_a-errno.o)
                              CMakeFiles/STM32F429IGT6_FreeRTOS_Clion.elf.dir/Core/Src/syscalls.c.obj (__errno)
c:/gnuarm~1/102021~1.10/bin/../lib/gcc/arm-none-eabi/10.3.1/../../../../arm-none-eabi/lib/thumb/v7e-m+fp/hard\libg.a(lib_a-exit.o)
                              c:/gnuarm~1/102021~1.10/bin/../lib/gcc/arm-none-eabi/10.3.1/../../../../arm-none-eabi/lib/thumb/v7e-m+fp/hard/crt0.o (exit)
c:/gnuarm~1/102021~1.10/bin/../lib/gcc/arm-none-eabi/10.3.1/../../../../arm-none-eabi/lib/thumb/v7e-m+fp/hard\libg.a(lib_a-impure.o)
                              c:/gnuarm~1/102021~1.10/bin/../lib/gcc/arm-none-eabi/10.3.1/../../../../arm-none-eabi/lib/thumb/v7e-m+fp/hard\libg.a(lib_a-exit.o) (_global_impure_ptr)
c:/gnuarm~1/102021~1.10/bin/../lib/gcc/arm-none-eabi/10.3.1/../../../../arm-none-eabi/lib/thumb/v7e-m+fp/hard\libg.a(lib_a-init.o)
                              c:/gnuarm~1/102021~1.10/bin/../lib/gcc/arm-none-eabi/10.3.1/../../../../arm-none-eabi/lib/thumb/v7e-m+fp/hard/crt0.o (__libc_init_array)
c:/gnuarm~1/102021~1.10/bin/../lib/gcc/arm-none-eabi/10.3.1/../../../../arm-none-eabi/lib/thumb/v7e-m+fp/hard\libg.a(lib_a-memcpy.o)
                              CMakeFiles/STM32F429IGT6_FreeRTOS_Clion.elf.dir/Middlewares/Third_Party/FreeRTOS/Source/queue.c.obj (memcpy)
c:/gnuarm~1/102021~1.10/bin/../lib/gcc/arm-none-eabi/10.3.1/../../../../arm-none-eabi/lib/thumb/v7e-m+fp/hard\libg.a(lib_a-memset.o)
                              c:/gnuarm~1/102021~1.10/bin/../lib/gcc/arm-none-eabi/10.3.1/../../../../arm-none-eabi/lib/thumb/v7e-m+fp/hard/crt0.o (memset)
c:/gnuarm~1/102021~1.10/bin/../lib/gcc/arm-none-eabi/10.3.1/../../../../arm-none-eabi/lib/thumb/v7e-m+fp/hard\libg.a(lib_a-printf.o)
                              CMakeFiles/STM32F429IGT6_FreeRTOS_Clion.elf.dir/Core/Src/freertos.c.obj (printf)
c:/gnuarm~1/102021~1.10/bin/../lib/gcc/arm-none-eabi/10.3.1/../../../../arm-none-eabi/lib/thumb/v7e-m+fp/hard\libg.a(lib_a-setvbuf.o)
                              CMakeFiles/STM32F429IGT6_FreeRTOS_Clion.elf.dir/User/USART/retarget.c.obj (setvbuf)
c:/gnuarm~1/102021~1.10/bin/../lib/gcc/arm-none-eabi/10.3.1/../../../../arm-none-eabi/lib/thumb/v7e-m+fp/hard\libg.a(lib_a-vfprintf.o)
                              c:/gnuarm~1/102021~1.10/bin/../lib/gcc/arm-none-eabi/10.3.1/../../../../arm-none-eabi/lib/thumb/v7e-m+fp/hard\libg.a(lib_a-printf.o) (_vfprintf_r)
c:/gnuarm~1/102021~1.10/bin/../lib/gcc/arm-none-eabi/10.3.1/../../../../arm-none-eabi/lib/thumb/v7e-m+fp/hard\libg.a(lib_a-wsetup.o)
                              c:/gnuarm~1/102021~1.10/bin/../lib/gcc/arm-none-eabi/10.3.1/../../../../arm-none-eabi/lib/thumb/v7e-m+fp/hard\libg.a(lib_a-vfprintf.o) (__swsetup_r)
c:/gnuarm~1/102021~1.10/bin/../lib/gcc/arm-none-eabi/10.3.1/../../../../arm-none-eabi/lib/thumb/v7e-m+fp/hard\libg.a(lib_a-__call_atexit.o)
                              c:/gnuarm~1/102021~1.10/bin/../lib/gcc/arm-none-eabi/10.3.1/../../../../arm-none-eabi/lib/thumb/v7e-m+fp/hard\libg.a(lib_a-exit.o) (__call_exitprocs)
c:/gnuarm~1/102021~1.10/bin/../lib/gcc/arm-none-eabi/10.3.1/../../../../arm-none-eabi/lib/thumb/v7e-m+fp/hard\libg.a(lib_a-atexit.o)
                              c:/gnuarm~1/102021~1.10/bin/../lib/gcc/arm-none-eabi/10.3.1/../../../../arm-none-eabi/lib/thumb/v7e-m+fp/hard\libg.a(lib_a-__call_atexit.o) (atexit)
c:/gnuarm~1/102021~1.10/bin/../lib/gcc/arm-none-eabi/10.3.1/../../../../arm-none-eabi/lib/thumb/v7e-m+fp/hard\libg.a(lib_a-dtoa.o)
                              c:/gnuarm~1/102021~1.10/bin/../lib/gcc/arm-none-eabi/10.3.1/../../../../arm-none-eabi/lib/thumb/v7e-m+fp/hard\libg.a(lib_a-vfprintf.o) (_dtoa_r)
c:/gnuarm~1/102021~1.10/bin/../lib/gcc/arm-none-eabi/10.3.1/../../../../arm-none-eabi/lib/thumb/v7e-m+fp/hard\libg.a(lib_a-fflush.o)
                              c:/gnuarm~1/102021~1.10/bin/../lib/gcc/arm-none-eabi/10.3.1/../../../../arm-none-eabi/lib/thumb/v7e-m+fp/hard\libg.a(lib_a-setvbuf.o) (_fflush_r)
[...]
Memory Configuration

Name             Origin             Length             Attributes
CCMRAM           0x10000000         0x00010000         xrw
RAM              0x20000000         0x00030000         xrw
FLASH            0x08000000         0x00100000         xr
*default*        0x00000000         0xffffffff

Linker script and memory map

LOAD c:/gnuarm~1/102021~1.10/bin/../lib/gcc/arm-none-eabi/10.3.1/thumb/v7e-m+fp/hard/crti.o
LOAD c:/gnuarm~1/102021~1.10/bin/../lib/gcc/arm-none-eabi/10.3.1/thumb/v7e-m+fp/hard/crtbegin.o
LOAD c:/gnuarm~1/102021~1.10/bin/../lib/gcc/arm-none-eabi/10.3.1/../../../../arm-none-eabi/lib/thumb/v7e-m+fp/hard/crt0.o
LOAD CMakeFiles/STM32F429IGT6_FreeRTOS_Clion.elf.dir/Core/Src/freertos.c.obj
LOAD CMakeFiles/STM32F429IGT6_FreeRTOS_Clion.elf.dir/Core/Src/gpio.c.obj
LOAD CMakeFiles/STM32F429IGT6_FreeRTOS_Clion.elf.dir/Core/Src/i2c.c.obj
LOAD CMakeFiles/STM32F429IGT6_FreeRTOS_Clion.elf.dir/Core/Src/main.c.obj
LOAD CMakeFiles/STM32F429IGT6_FreeRTOS_Clion.elf.dir/Core/Src/stm32f4xx_hal_msp.c.obj
LOAD CMakeFiles/STM32F429IGT6_FreeRTOS_Clion.elf.dir/Core/Src/stm32f4xx_hal_timebase_tim.c.obj
LOAD CMakeFiles/STM32F429IGT6_FreeRTOS_Clion.elf.dir/Core/Src/stm32f4xx_it.c.obj
LOAD CMakeFiles/STM32F429IGT6_FreeRTOS_Clion.elf.dir/Core/Src/syscalls.c.obj
LOAD CMakeFiles/STM32F429IGT6_FreeRTOS_Clion.elf.dir/Core/Src/sysmem.c.obj
LOAD CMakeFiles/STM32F429IGT6_FreeRTOS_Clion.elf.dir/Core/Src/system_stm32f4xx.c.obj
LOAD CMakeFiles/STM32F429IGT6_FreeRTOS_Clion.elf.dir/Core/Src/usart.c.obj
LOAD CMakeFiles/STM32F429IGT6_FreeRTOS_Clion.elf.dir/Core/Startup/startup_stm32f429igtx.s.obj
LOAD CMakeFiles/STM32F429IGT6_FreeRTOS_Clion.elf.dir/Drivers/STM32F4xx_HAL_Driver/Src/stm32f4xx_hal.c.obj
LOAD CMakeFiles/STM32F429IGT6_FreeRTOS_Clion.elf.dir/Drivers/STM32F4xx_HAL_Driver/Src/stm32f4xx_hal_cortex.c.obj
LOAD CMakeFiles/STM32F429IGT6_FreeRTOS_Clion.elf.dir/Drivers/STM32F4xx_HAL_Driver/Src/stm32f4xx_hal_dma.c.obj
LOAD CMakeFiles/STM32F429IGT6_FreeRTOS_Clion.elf.dir/Drivers/STM32F4xx_HAL_Driver/Src/stm32f4xx_hal_dma_ex.c.obj
LOAD CMakeFiles/STM32F429IGT6_FreeRTOS_Clion.elf.dir/Drivers/STM32F4xx_HAL_Driver/Src/stm32f4xx_hal_exti.c.obj
LOAD CMakeFiles/STM32F429IGT6_FreeRTOS_Clion.elf.dir/Drivers/STM32F4xx_HAL_Driver/Src/stm32f4xx_hal_flash.c.obj
LOAD CMakeFiles/STM32F429IGT6_FreeRTOS_Clion.elf.dir/Drivers/STM32F4xx_HAL_Driver/Src/stm32f4xx_hal_flash_ex.c.obj
LOAD CMakeFiles/STM32F429IGT6_FreeRTOS_Clion.elf.dir/Drivers/STM32F4xx_HAL_Driver/Src/stm32f4xx_hal_flash_ramfunc.c.obj
LOAD CMakeFiles/STM32F429IGT6_FreeRTOS_Clion.elf.dir/Drivers/STM32F4xx_HAL_Driver/Src/stm32f4xx_hal_gpio.c.obj
LOAD CMakeFiles/STM32F429IGT6_FreeRTOS_Clion.elf.dir/Drivers/STM32F4xx_HAL_Driver/Src/stm32f4xx_hal_i2c.c.obj
LOAD CMakeFiles/STM32F429IGT6_FreeRTOS_Clion.elf.dir/Drivers/STM32F4xx_HAL_Driver/Src/stm32f4xx_hal_i2c_ex.c.obj
LOAD CMakeFiles/STM32F429IGT6_FreeRTOS_Clion.elf.dir/Drivers/STM32F4xx_HAL_Driver/Src/stm32f4xx_hal_pwr.c.obj
LOAD CMakeFiles/STM32F429IGT6_FreeRTOS_Clion.elf.dir/Drivers/STM32F4xx_HAL_Driver/Src/stm32f4xx_hal_pwr_ex.c.obj
LOAD CMakeFiles/STM32F429IGT6_FreeRTOS_Clion.elf.dir/Drivers/STM32F4xx_HAL_Driver/Src/stm32f4xx_hal_rcc.c.obj
LOAD CMakeFiles/STM32F429IGT6_FreeRTOS_Clion.elf.dir/Drivers/STM32F4xx_HAL_Driver/Src/stm32f4xx_hal_rcc_ex.c.obj
LOAD CMakeFiles/STM32F429IGT6_FreeRTOS_Clion.elf.dir/Drivers/STM32F4xx_HAL_Driver/Src/stm32f4xx_hal_tim.c.obj
LOAD CMakeFiles/STM32F429IGT6_FreeRTOS_Clion.elf.dir/Drivers/STM32F4xx_HAL_Driver/Src/stm32f4xx_hal_tim_ex.c.obj
LOAD CMakeFiles/STM32F429IGT6_FreeRTOS_Clion.elf.dir/Drivers/STM32F4xx_HAL_Driver/Src/stm32f4xx_hal_uart.c.obj
LOAD CMakeFiles/STM32F429IGT6_FreeRTOS_Clion.elf.dir/Middlewares/Third_Party/FreeRTOS/Source/CMSIS_RTOS/cmsis_os.c.obj
LOAD CMakeFiles/STM32F429IGT6_FreeRTOS_Clion.elf.dir/Middlewares/Third_Party/FreeRTOS/Source/croutine.c.obj
LOAD CMakeFiles/STM32F429IGT6_FreeRTOS_Clion.elf.dir/Middlewares/Third_Party/FreeRTOS/Source/event_groups.c.obj
LOAD CMakeFiles/STM32F429IGT6_FreeRTOS_Clion.elf.dir/Middlewares/Third_Party/FreeRTOS/Source/list.c.obj
LOAD CMakeFiles/STM32F429IGT6_FreeRTOS_Clion.elf.dir/Middlewares/Third_Party/FreeRTOS/Source/portable/GCC/ARM_CM4F/port.c.obj
LOAD CMakeFiles/STM32F429IGT6_FreeRTOS_Clion.elf.dir/Middlewares/Third_Party/FreeRTOS/Source/portable/MemMang/heap_4.c.obj
LOAD CMakeFiles/STM32F429IGT6_FreeRTOS_Clion.elf.dir/Middlewares/Third_Party/FreeRTOS/Source/queue.c.obj
LOAD CMakeFiles/STM32F429IGT6_FreeRTOS_Clion.elf.dir/Middlewares/Third_Party/FreeRTOS/Source/stream_buffer.c.obj
LOAD CMakeFiles/STM32F429IGT6_FreeRTOS_Clion.elf.dir/Middlewares/Third_Party/FreeRTOS/Source/tasks.c.obj
LOAD CMakeFiles/STM32F429IGT6_FreeRTOS_Clion.elf.dir/Middlewares/Third_Party/FreeRTOS/Source/timers.c.obj
LOAD CMakeFiles/STM32F429IGT6_FreeRTOS_Clion.elf.dir/User/DHT11/bsp_dht11.c.obj
LOAD CMakeFiles/STM32F429IGT6_FreeRTOS_Clion.elf.dir/User/Functions/delay.c.obj
LOAD CMakeFiles/STM32F429IGT6_FreeRTOS_Clion.elf.dir/User/LED/bsp_led.c.obj
LOAD CMakeFiles/STM32F429IGT6_FreeRTOS_Clion.elf.dir/User/MPU6050/bsp_mpu6050.c.obj
LOAD CMakeFiles/STM32F429IGT6_FreeRTOS_Clion.elf.dir/User/USART/bsp_usart1.c.obj
LOAD CMakeFiles/STM32F429IGT6_FreeRTOS_Clion.elf.dir/User/USART/retarget.c.obj
START GROUP
LOAD c:/gnuarm~1/102021~1.10/bin/../lib/gcc/arm-none-eabi/10.3.1/thumb/v7e-m+fp/hard\libgcc.a
LOAD c:/gnuarm~1/102021~1.10/bin/../lib/gcc/arm-none-eabi/10.3.1/../../../../arm-none-eabi/lib/thumb/v7e-m+fp/hard\libg.a
LOAD c:/gnuarm~1/102021~1.10/bin/../lib/gcc/arm-none-eabi/10.3.1/../../../../arm-none-eabi/lib/thumb/v7e-m+fp/hard\libc.a
END GROUP
LOAD c:/gnuarm~1/102021~1.10/bin/../lib/gcc/arm-none-eabi/10.3.1/thumb/v7e-m+fp/hard/crtend.o
LOAD c:/gnuarm~1/102021~1.10/bin/../lib/gcc/arm-none-eabi/10.3.1/thumb/v7e-m+fp/hard/crtn.o
                0x20030000                _estack = (ORIGIN (RAM) + LENGTH (RAM))
                0x00000200                _Min_Heap_Size = 0x200
                0x00000400                _Min_Stack_Size = 0x400

.isr_vector     0x08000000      0x1ac
                0x08000000                . = ALIGN (0x4)
 *(.isr_vector)
 .isr_vector    0x08000000      0x1ac CMakeFiles/STM32F429IGT6_FreeRTOS_Clion.elf.dir/Core/Startup/startup_stm32f429igtx.s.obj
                0x08000000                g_pfnVectors
                0x080001ac                . = ALIGN (0x4)

.text           0x080001c0     0xa6d0
                0x080001c0                . = ALIGN (0x4)
 *(.text)
 .text          0x080001c0       0x40 c:/gnuarm~1/102021~1.10/bin/../lib/gcc/arm-none-eabi/10.3.1/thumb/v7e-m+fp/hard/crtbegin.o
 .text          0x08000200       0x30 c:/gnuarm~1/102021~1.10/bin/../lib/gcc/arm-none-eabi/10.3.1/thumb/v7e-m+fp/hard\libgcc.a(_aeabi_uldivmod.o)
                0x08000200                __aeabi_uldivmod
 .text          0x08000230      0x2d0 c:/gnuarm~1/102021~1.10/bin/../lib/gcc/arm-none-eabi/10.3.1/thumb/v7e-m+fp/hard\libgcc.a(_udivmoddi4.o)
                0x08000230                __udivmoddi4
 .text          0x08000500        0x4 c:/gnuarm~1/102021~1.10/bin/../lib/gcc/arm-none-eabi/10.3.1/thumb/v7e-m+fp/hard\libgcc.a(_dvmd_tls.o)
                0x08000500                __aeabi_idiv0
                0x08000500                __aeabi_ldiv0
 .text          0x08000504      0x134 c:/gnuarm~1/102021~1.10/bin/../lib/gcc/arm-none-eabi/10.3.1/../../../../arm-none-eabi/lib/thumb/v7e-m+fp/hard\libg.a(lib_a-memcpy.o)
                0x08000504                memcpy
 *fill*         0x08000638        0x8 
 .text          0x08000640       0xa0 c:/gnuarm~1/102021~1.10/bin/../lib/gcc/arm-none-eabi/10.3.1/../../../../arm-none-eabi/lib/thumb/v7e-m+fp/hard\libg.a(lib_a-memchr.o)
                0x08000640                memchr
 *fill*         0x080006e0       0x20 
 .text          0x08000700       0xdc c:/gnuarm~1/102021~1.10/bin/../lib/gcc/arm-none-eabi/10.3.1/../../../../arm-none-eabi/lib/thumb/v7e-m+fp/hard\libg.a(lib_a-strlen.o)
                0x08000700                strlen
 .text          0x080007dc      0x378 c:/gnuarm~1/102021~1.10/bin/../lib/gcc/arm-none-eabi/10.3.1/thumb/v7e-m+fp/hard\libgcc.a(_arm_addsubdf3.o)
                0x080007dc                __aeabi_drsub
                0x080007e4                __aeabi_dsub
                0x080007e4                __subdf3
                0x080007e8                __aeabi_dadd
                0x080007e8                __adddf3
                0x08000a60                __floatunsidf
                0x08000a60                __aeabi_ui2d
                0x08000a80                __floatsidf
                0x08000a80                __aeabi_i2d
                0x08000aa4                __aeabi_f2d
                0x08000aa4                __extendsfdf2
                0x08000ae8                __floatundidf
                0x08000ae8                __aeabi_ul2d
                0x08000af8                __floatdidf
                0x08000af8                __aeabi_l2d
 .text          0x08000b54      0x424 c:/gnuarm~1/102021~1.10/bin/../lib/gcc/arm-none-eabi/10.3.1/thumb/v7e-m+fp/hard\libgcc.a(_arm_muldivdf3.o)
                0x08000b54                __aeabi_dmul
                0x08000b54                __muldf3
                0x08000da8                __divdf3
                0x08000da8                __aeabi_ddiv
 .text          0x08000f78      0x110 c:/gnuarm~1/102021~1.10/bin/../lib/gcc/arm-none-eabi/10.3.1/thumb/v7e-m+fp/hard\libgcc.a(_arm_cmpdf2.o)
                0x08000f78                __gtdf2
                0x08000f78                __gedf2
                0x08000f80                __ltdf2
                0x08000f80                __ledf2
                0x08000f88                __nedf2
                0x08000f88                __eqdf2
                0x08000f88                __cmpdf2
                0x08001004                __aeabi_cdrcmple
                0x08001014                __aeabi_cdcmpeq
                0x08001014                __aeabi_cdcmple
                0x08001024                __aeabi_dcmpeq
                0x08001038                __aeabi_dcmplt
                0x0800104c                __aeabi_dcmple
                0x08001060                __aeabi_dcmpge
                0x08001074                __aeabi_dcmpgt
 .text          0x08001088       0x2c c:/gnuarm~1/102021~1.10/bin/../lib/gcc/arm-none-eabi/10.3.1/thumb/v7e-m+fp/hard\libgcc.a(_arm_unorddf2.o)
                0x08001088                __unorddf2
                0x08001088                __aeabi_dcmpun
 .text          0x080010b4       0x50 c:/gnuarm~1/102021~1.10/bin/../lib/gcc/arm-none-eabi/10.3.1/thumb/v7e-m+fp/hard\libgcc.a(_arm_fixdfsi.o)
                0x080010b4                __aeabi_d2iz
                0x080010b4                __fixdfsi
 *(.text*)
 .text.StartDefaultTask
                0x08001104       0x74 CMakeFiles/STM32F429IGT6_FreeRTOS_Clion.elf.dir/Core/Src/freertos.c.obj
                0x08001104                StartDefaultTask
 .text.StartLED
                0x08001178        0xc CMakeFiles/STM32F429IGT6_FreeRTOS_Clion.elf.dir/Core/Src/freertos.c.obj
                0x08001178                StartLED
 .text.StartPrint1
                0x08001184       0x30 CMakeFiles/STM32F429IGT6_FreeRTOS_Clion.elf.dir/Core/Src/freertos.c.obj
                0x08001184                StartPrint1
 .text.StartPrint2
                0x080011b4       0x34 CMakeFiles/STM32F429IGT6_FreeRTOS_Clion.elf.dir/Core/Src/freertos.c.obj
                0x080011b4                StartPrint2
 .text.StartKEY
                0x080011e8       0x4c CMakeFiles/STM32F429IGT6_FreeRTOS_Clion.elf.dir/Core/Src/freertos.c.obj
                0x080011e8                StartKEY
 .text.StartDHT11
                0x08001234       0x44 CMakeFiles/STM32F429IGT6_FreeRTOS_Clion.elf.dir/Core/Src/freertos.c.obj
                0x08001234                StartDHT11
 .text.vApplicationGetIdleTaskMemory
                0x08001278       0x18 CMakeFiles/STM32F429IGT6_FreeRTOS_Clion.elf.dir/Core/Src/freertos.c.obj
                0x08001278                vApplicationGetIdleTaskMemory
 .text.MX_FREERTOS_Init
                0x08001290      0x130 CMakeFiles/STM32F429IGT6_FreeRTOS_Clion.elf.dir/Core/Src/freertos.c.obj
                0x08001290                MX_FREERTOS_Init
 .text.MX_GPIO_Init
                0x080013c0       0xf0 CMakeFiles/STM32F429IGT6_FreeRTOS_Clion.elf.dir/Core/Src/gpio.c.obj
                0x080013c0                MX_GPIO_Init
 .text.MX_I2C1_Init
                0x080014b0       0x5c CMakeFiles/STM32F429IGT6_FreeRTOS_Clion.elf.dir/Core/Src/i2c.c.obj
                0x080014b0                MX_I2C1_Init
 .text.HAL_I2C_MspInit
                0x0800150c       0x70 CMakeFiles/STM32F429IGT6_FreeRTOS_Clion.elf.dir/Core/Src/i2c.c.obj
                0x0800150c                HAL_I2C_MspInit
 .text.HAL_TIM_PeriodElapsedCallback
                0x0800157c       0x18 CMakeFiles/STM32F429IGT6_FreeRTOS_Clion.elf.dir/Core/Src/main.c.obj
                0x0800157c                HAL_TIM_PeriodElapsedCallback
 .text.Error_Handler
                0x08001594        0x4 CMakeFiles/STM32F429IGT6_FreeRTOS_Clion.elf.dir/Core/Src/main.c.obj
                0x08001594                Error_Handler
 .text.SystemClock_Config
                0x08001598       0xb4 CMakeFiles/STM32F429IGT6_FreeRTOS_Clion.elf.dir/Core/Src/main.c.obj
                0x08001598                SystemClock_Config
 .text.main     0x0800164c       0x30 CMakeFiles/STM32F429IGT6_FreeRTOS_Clion.elf.dir/Core/Src/main.c.obj
                0x0800164c                main
 .text.HAL_MspInit
                0x0800167c       0x44 CMakeFiles/STM32F429IGT6_FreeRTOS_Clion.elf.dir/Core/Src/stm32f4xx_hal_msp.c.obj
                0x0800167c                HAL_MspInit
 .text.HAL_InitTick
                0x080016c0       0x98 CMakeFiles/STM32F429IGT6_FreeRTOS_Clion.elf.dir/Core/Src/stm32f4xx_hal_timebase_tim.c.obj
                0x080016c0                HAL_InitTick
 .text.NMI_Handler
                0x08001758        0x2 CMakeFiles/STM32F429IGT6_FreeRTOS_Clion.elf.dir/Core/Src/stm32f4xx_it.c.obj
                0x08001758                NMI_Handler
 .text.HardFault_Handler
                0x0800175a        0x2 CMakeFiles/STM32F429IGT6_FreeRTOS_Clion.elf.dir/Core/Src/stm32f4xx_it.c.obj
                0x0800175a                HardFault_Handler
 .text.MemManage_Handler
                0x0800175c        0x2 CMakeFiles/STM32F429IGT6_FreeRTOS_Clion.elf.dir/Core/Src/stm32f4xx_it.c.obj
                0x0800175c                MemManage_Handler
 .text.BusFault_Handler
                0x0800175e        0x2 CMakeFiles/STM32F429IGT6_FreeRTOS_Clion.elf.dir/Core/Src/stm32f4xx_it.c.obj
                0x0800175e                BusFault_Handler
 .text.UsageFault_Handler
                0x08001760        0x2 CMakeFiles/STM32F429IGT6_FreeRTOS_Clion.elf.dir/Core/Src/stm32f4xx_it.c.obj
                0x08001760                UsageFault_Handler
 .text.DebugMon_Handler
                0x08001762        0x2 CMakeFiles/STM32F429IGT6_FreeRTOS_Clion.elf.dir/Core/Src/stm32f4xx_it.c.obj
                0x08001762                DebugMon_Handler
 .text.TIM1_UP_TIM10_IRQHandler
                0x08001764       0x10 CMakeFiles/STM32F429IGT6_FreeRTOS_Clion.elf.dir/Core/Src/stm32f4xx_it.c.obj
                0x08001764                TIM1_UP_TIM10_IRQHandler
 .text._getpid  0x08001774        0x4 CMakeFiles/STM32F429IGT6_FreeRTOS_Clion.elf.dir/Core/Src/syscalls.c.obj
                0x08001774                _getpid
 .text._kill    0x08001778       0x10 CMakeFiles/STM32F429IGT6_FreeRTOS_Clion.elf.dir/Core/Src/syscalls.c.obj
                0x08001778                _kill
 .text._exit    0x08001788        0xc CMakeFiles/STM32F429IGT6_FreeRTOS_Clion.elf.dir/Core/Src/syscalls.c.obj
                0x08001788                _exit
 .text._sbrk    0x08001794       0x48 CMakeFiles/STM32F429IGT6_FreeRTOS_Clion.elf.dir/Core/Src/sysmem.c.obj
                0x08001794                _sbrk
 .text.SystemInit
                0x080017dc       0x14 CMakeFiles/STM32F429IGT6_FreeRTOS_Clion.elf.dir/Core/Src/system_stm32f4xx.c.obj
                0x080017dc                SystemInit
 .text.MX_USART1_UART_Init
                0x080017f0       0x34 CMakeFiles/STM32F429IGT6_FreeRTOS_Clion.elf.dir/Core/Src/usart.c.obj
                0x080017f0                MX_USART1_UART_Init
 .text.HAL_UART_MspInit
                0x08001824       0x74 CMakeFiles/STM32F429IGT6_FreeRTOS_Clion.elf.dir/Core/Src/usart.c.obj
                0x08001824                HAL_UART_MspInit
 .text.Reset_Handler
                0x08001898       0x50 CMakeFiles/STM32F429IGT6_FreeRTOS_Clion.elf.dir/Core/Startup/startup_stm32f429igtx.s.obj
                0x08001898                Reset_Handler
 .text.Default_Handler
                0x080018e8        0x2 CMakeFiles/STM32F429IGT6_FreeRTOS_Clion.elf.dir/Core/Startup/startup_stm32f429igtx.s.obj
                0x080018e8                RTC_Alarm_IRQHandler
                0x080018e8                HASH_RNG_IRQHandler
                0x080018e8                EXTI2_IRQHandler
                0x080018e8                TIM8_CC_IRQHandler
                0x080018e8                UART8_IRQHandler
                0x080018e8                SPI4_IRQHandler
                0x080018e8                TIM1_CC_IRQHandler
                0x080018e8                DMA2_Stream5_IRQHandler
                0x080018e8                DMA1_Stream5_IRQHandler
                0x080018e8                PVD_IRQHandler
                0x080018e8                SDIO_IRQHandler
                0x080018e8                TAMP_STAMP_IRQHandler
                0x080018e8                CAN2_RX1_IRQHandler
                0x080018e8                EXTI3_IRQHandler
                0x080018e8                TIM8_TRG_COM_TIM14_IRQHandler
                0x080018e8                TIM8_UP_TIM13_IRQHandler
                0x080018e8                I2C3_ER_IRQHandler
                0x080018e8                EXTI0_IRQHandler
                0x080018e8                I2C2_EV_IRQHandler
                0x080018e8                DMA1_Stream2_IRQHandler
                0x080018e8                CAN1_RX0_IRQHandler
                0x080018e8                FPU_IRQHandler
                0x080018e8                OTG_HS_WKUP_IRQHandler
                0x080018e8                LTDC_ER_IRQHandler
                0x080018e8                CAN2_SCE_IRQHandler
                0x080018e8                DMA2_Stream2_IRQHandler
                0x080018e8                SPI1_IRQHandler
                0x080018e8                TIM6_DAC_IRQHandler
                0x080018e8                TIM1_BRK_TIM9_IRQHandler
                0x080018e8                DCMI_IRQHandler
                0x080018e8                CAN2_RX0_IRQHandler
                0x080018e8                DMA2_Stream3_IRQHandler
                0x080018e8                USART6_IRQHandler
                0x080018e8                USART3_IRQHandler
                0x080018e8                CAN1_RX1_IRQHandler
                0x080018e8                UART5_IRQHandler
                0x080018e8                DMA2_Stream0_IRQHandler
                0x080018e8                TIM4_IRQHandler
                0x080018e8                I2C1_EV_IRQHandler
                0x080018e8                DMA1_Stream6_IRQHandler
                0x080018e8                DMA1_Stream1_IRQHandler
                0x080018e8                UART4_IRQHandler
                0x080018e8                TIM3_IRQHandler
                0x080018e8                RCC_IRQHandler
                0x080018e8                TIM8_BRK_TIM12_IRQHandler
                0x080018e8                Default_Handler
                0x080018e8                EXTI15_10_IRQHandler
                0x080018e8                ADC_IRQHandler
                0x080018e8                DMA1_Stream7_IRQHandler
                0x080018e8                SPI5_IRQHandler
                0x080018e8                TIM7_IRQHandler
                0x080018e8                CAN2_TX_IRQHandler
                0x080018e8                TIM5_IRQHandler
                0x080018e8                DMA2_Stream7_IRQHandler
                0x080018e8                I2C3_EV_IRQHandler
                0x080018e8                EXTI9_5_IRQHandler
                0x080018e8                RTC_WKUP_IRQHandler
                0x080018e8                LTDC_IRQHandler
                0x080018e8                ETH_WKUP_IRQHandler
                0x080018e8                SPI2_IRQHandler
                0x080018e8                OTG_HS_EP1_IN_IRQHandler
                0x080018e8                DMA1_Stream0_IRQHandler
                0x080018e8                CAN1_TX_IRQHandler
                0x080018e8                EXTI4_IRQHandler
                0x080018e8                ETH_IRQHandler
                0x080018e8                OTG_HS_EP1_OUT_IRQHandler
                0x080018e8                WWDG_IRQHandler
                0x080018e8                SPI6_IRQHandler
                0x080018e8                TIM2_IRQHandler
                0x080018e8                OTG_FS_WKUP_IRQHandler
                0x080018e8                TIM1_TRG_COM_TIM11_IRQHandler
                0x080018e8                OTG_HS_IRQHandler
                0x080018e8                DMA2D_IRQHandler
                0x080018e8                EXTI1_IRQHandler
                0x080018e8                UART7_IRQHandler
                0x080018e8                USART2_IRQHandler
                0x080018e8                I2C2_ER_IRQHandler
                0x080018e8                DMA2_Stream1_IRQHandler
                0x080018e8                CAN1_SCE_IRQHandler
                0x080018e8                FLASH_IRQHandler
                0x080018e8                DMA2_Stream4_IRQHandler
                0x080018e8                USART1_IRQHandler
                0x080018e8                OTG_FS_IRQHandler
                0x080018e8                SPI3_IRQHandler
                0x080018e8                DMA1_Stream4_IRQHandler
                0x080018e8                I2C1_ER_IRQHandler
                0x080018e8                FMC_IRQHandler
                0x080018e8                DMA2_Stream6_IRQHandler
                0x080018e8                SAI1_IRQHandler
                0x080018e8                DMA1_Stream3_IRQHandler
 *fill*         0x080018ea        0x2 
 .text.HAL_Init
                0x080018ec       0x34 CMakeFiles/STM32F429IGT6_FreeRTOS_Clion.elf.dir/Drivers/STM32F4xx_HAL_Driver/Src/stm32f4xx_hal.c.obj
                0x080018ec                HAL_Init
 .text.HAL_IncTick
                0x08001920       0x18 CMakeFiles/STM32F429IGT6_FreeRTOS_Clion.elf.dir/Drivers/STM32F4xx_HAL_Driver/Src/stm32f4xx_hal.c.obj
                0x08001920                HAL_IncTick
 .text.HAL_GetTick
                0x08001938        0xc CMakeFiles/STM32F429IGT6_FreeRTOS_Clion.elf.dir/Drivers/STM32F4xx_HAL_Driver/Src/stm32f4xx_hal.c.obj
                0x08001938                HAL_GetTick
 .text.HAL_NVIC_SetPriorityGrouping
                0x08001944       0x24 CMakeFiles/STM32F429IGT6_FreeRTOS_Clion.elf.dir/Drivers/STM32F4xx_HAL_Driver/Src/stm32f4xx_hal_cortex.c.obj
                0x08001944                HAL_NVIC_SetPriorityGrouping
 .text.HAL_NVIC_SetPriority
                0x08001968       0x70 CMakeFiles/STM32F429IGT6_FreeRTOS_Clion.elf.dir/Drivers/STM32F4xx_HAL_Driver/Src/stm32f4xx_hal_cortex.c.obj
                0x08001968                HAL_NVIC_SetPriority
 .text.HAL_NVIC_EnableIRQ
                0x080019d8       0x1c CMakeFiles/STM32F429IGT6_FreeRTOS_Clion.elf.dir/Drivers/STM32F4xx_HAL_Driver/Src/stm32f4xx_hal_cortex.c.obj
                0x080019d8                HAL_NVIC_EnableIRQ
 .text.HAL_GPIO_Init
                0x080019f4      0x1fc CMakeFiles/STM32F429IGT6_FreeRTOS_Clion.elf.dir/Drivers/STM32F4xx_HAL_Driver/Src/stm32f4xx_hal_gpio.c.obj
                0x080019f4                HAL_GPIO_Init
 .text.HAL_GPIO_ReadPin
                0x08001bf0        0xe CMakeFiles/STM32F429IGT6_FreeRTOS_Clion.elf.dir/Drivers/STM32F4xx_HAL_Driver/Src/stm32f4xx_hal_gpio.c.obj
                0x08001bf0                HAL_GPIO_ReadPin
 .text.HAL_GPIO_WritePin
                0x08001bfe        0xc CMakeFiles/STM32F429IGT6_FreeRTOS_Clion.elf.dir/Drivers/STM32F4xx_HAL_Driver/Src/stm32f4xx_hal_gpio.c.obj
                0x08001bfe                HAL_GPIO_WritePin
 *fill*         0x08001c0a        0x2 
 .text.HAL_I2C_Init
                0x08001c0c      0x1bc CMakeFiles/STM32F429IGT6_FreeRTOS_Clion.elf.dir/Drivers/STM32F4xx_HAL_Driver/Src/stm32f4xx_hal_i2c.c.obj
                0x08001c0c                HAL_I2C_Init
 .text.HAL_I2CEx_ConfigAnalogFilter
                0x08001dc8       0x44 CMakeFiles/STM32F429IGT6_FreeRTOS_Clion.elf.dir/Drivers/STM32F4xx_HAL_Driver/Src/stm32f4xx_hal_i2c_ex.c.obj
                0x08001dc8                HAL_I2CEx_ConfigAnalogFilter
 .text.HAL_I2CEx_ConfigDigitalFilter
                0x08001e0c       0x42 CMakeFiles/STM32F429IGT6_FreeRTOS_Clion.elf.dir/Drivers/STM32F4xx_HAL_Driver/Src/stm32f4xx_hal_i2c_ex.c.obj
                0x08001e0c                HAL_I2CEx_ConfigDigitalFilter
 *fill*         0x08001e4e        0x2 
 .text.HAL_PWREx_EnableOverDrive
                0x08001e50       0x7c CMakeFiles/STM32F429IGT6_FreeRTOS_Clion.elf.dir/Drivers/STM32F4xx_HAL_Driver/Src/stm32f4xx_hal_pwr_ex.c.obj
                0x08001e50                HAL_PWREx_EnableOverDrive
 .text.HAL_RCC_OscConfig
                0x08001ecc      0x3f8 CMakeFiles/STM32F429IGT6_FreeRTOS_Clion.elf.dir/Drivers/STM32F4xx_HAL_Driver/Src/stm32f4xx_hal_rcc.c.obj
                0x08001ecc                HAL_RCC_OscConfig
 .text.HAL_RCC_GetSysClockFreq
                0x080022c4       0xa4 CMakeFiles/STM32F429IGT6_FreeRTOS_Clion.elf.dir/Drivers/STM32F4xx_HAL_Driver/Src/stm32f4xx_hal_rcc.c.obj
                0x080022c4                HAL_RCC_GetSysClockFreq
 .text.HAL_RCC_ClockConfig
                0x08002368      0x160 CMakeFiles/STM32F429IGT6_FreeRTOS_Clion.elf.dir/Drivers/STM32F4xx_HAL_Driver/Src/stm32f4xx_hal_rcc.c.obj
                0x08002368                HAL_RCC_ClockConfig
 .text.HAL_RCC_GetHCLKFreq
                0x080024c8        0xc CMakeFiles/STM32F429IGT6_FreeRTOS_Clion.elf.dir/Drivers/STM32F4xx_HAL_Driver/Src/stm32f4xx_hal_rcc.c.obj
                0x080024c8                HAL_RCC_GetHCLKFreq
 .text.HAL_RCC_GetPCLK1Freq
                0x080024d4       0x20 CMakeFiles/STM32F429IGT6_FreeRTOS_Clion.elf.dir/Drivers/STM32F4xx_HAL_Driver/Src/stm32f4xx_hal_rcc.c.obj
                0x080024d4                HAL_RCC_GetPCLK1Freq
 .text.HAL_RCC_GetPCLK2Freq
                0x080024f4       0x20 CMakeFiles/STM32F429IGT6_FreeRTOS_Clion.elf.dir/Drivers/STM32F4xx_HAL_Driver/Src/stm32f4xx_hal_rcc.c.obj
                0x080024f4                HAL_RCC_GetPCLK2Freq
 .text.HAL_RCC_GetClockConfig
                0x08002514       0x3c CMakeFiles/STM32F429IGT6_FreeRTOS_Clion.elf.dir/Drivers/STM32F4xx_HAL_Driver/Src/stm32f4xx_hal_rcc.c.obj
                0x08002514                HAL_RCC_GetClockConfig
 .text.HAL_TIM_Base_MspInit
                0x08002550        0x2 CMakeFiles/STM32F429IGT6_FreeRTOS_Clion.elf.dir/Drivers/STM32F4xx_HAL_Driver/Src/stm32f4xx_hal_tim.c.obj
                0x08002550                HAL_TIM_Base_MspInit
 *fill*         0x08002552        0x2 
 .text.HAL_TIM_Base_Start_IT
                0x08002554       0x88 CMakeFiles/STM32F429IGT6_FreeRTOS_Clion.elf.dir/Drivers/STM32F4xx_HAL_Driver/Src/stm32f4xx_hal_tim.c.obj
                0x08002554                HAL_TIM_Base_Start_IT
 .text.HAL_TIM_OC_DelayElapsedCallback
                0x080025dc        0x2 CMakeFiles/STM32F429IGT6_FreeRTOS_Clion.elf.dir/Drivers/STM32F4xx_HAL_Driver/Src/stm32f4xx_hal_tim.c.obj
                0x080025dc                HAL_TIM_OC_DelayElapsedCallback
 .text.HAL_TIM_IC_CaptureCallback
                0x080025de        0x2 CMakeFiles/STM32F429IGT6_FreeRTOS_Clion.elf.dir/Drivers/STM32F4xx_HAL_Driver/Src/stm32f4xx_hal_tim.c.obj
                0x080025de                HAL_TIM_IC_CaptureCallback
 .text.HAL_TIM_PWM_PulseFinishedCallback
                0x080025e0        0x2 CMakeFiles/STM32F429IGT6_FreeRTOS_Clion.elf.dir/Drivers/STM32F4xx_HAL_Driver/Src/stm32f4xx_hal_tim.c.obj
                0x080025e0                HAL_TIM_PWM_PulseFinishedCallback
 .text.HAL_TIM_TriggerCallback
                0x080025e2        0x2 CMakeFiles/STM32F429IGT6_FreeRTOS_Clion.elf.dir/Drivers/STM32F4xx_HAL_Driver/Src/stm32f4xx_hal_tim.c.obj
                0x080025e2                HAL_TIM_TriggerCallback
 .text.HAL_TIM_IRQHandler
                0x080025e4      0x17a CMakeFiles/STM32F429IGT6_FreeRTOS_Clion.elf.dir/Drivers/STM32F4xx_HAL_Driver/Src/stm32f4xx_hal_tim.c.obj
                0x080025e4                HAL_TIM_IRQHandler
 *fill*         0x0800275e        0x2 
 .text.TIM_Base_SetConfig
                0x08002760       0xc8 CMakeFiles/STM32F429IGT6_FreeRTOS_Clion.elf.dir/Drivers/STM32F4xx_HAL_Driver/Src/stm32f4xx_hal_tim.c.obj
                0x08002760                TIM_Base_SetConfig
 .text.HAL_TIM_Base_Init
                0x08002828       0x58 CMakeFiles/STM32F429IGT6_FreeRTOS_Clion.elf.dir/Drivers/STM32F4xx_HAL_Driver/Src/stm32f4xx_hal_tim.c.obj
                0x08002828                HAL_TIM_Base_Init
 .text.HAL_TIMEx_CommutCallback
                0x08002880        0x2 CMakeFiles/STM32F429IGT6_FreeRTOS_Clion.elf.dir/Drivers/STM32F4xx_HAL_Driver/Src/stm32f4xx_hal_tim_ex.c.obj
                0x08002880                HAL_TIMEx_CommutCallback
 .text.HAL_TIMEx_BreakCallback
                0x08002882        0x2 CMakeFiles/STM32F429IGT6_FreeRTOS_Clion.elf.dir/Drivers/STM32F4xx_HAL_Driver/Src/stm32f4xx_hal_tim_ex.c.obj
                0x08002882                HAL_TIMEx_BreakCallback
 .text.UART_SetConfig
                0x08002884      0x110 CMakeFiles/STM32F429IGT6_FreeRTOS_Clion.elf.dir/Drivers/STM32F4xx_HAL_Driver/Src/stm32f4xx_hal_uart.c.obj
 .text.UART_WaitOnFlagUntilTimeout
                0x08002994       0x88 CMakeFiles/STM32F429IGT6_FreeRTOS_Clion.elf.dir/Drivers/STM32F4xx_HAL_Driver/Src/stm32f4xx_hal_uart.c.obj
 .text.HAL_UART_Init
                0x08002a1c       0x5e CMakeFiles/STM32F429IGT6_FreeRTOS_Clion.elf.dir/Drivers/STM32F4xx_HAL_Driver/Src/stm32f4xx_hal_uart.c.obj
                0x08002a1c                HAL_UART_Init
 .text.HAL_UART_Transmit
                0x08002a7a       0xd8 CMakeFiles/STM32F429IGT6_FreeRTOS_Clion.elf.dir/Drivers/STM32F4xx_HAL_Driver/Src/stm32f4xx_hal_uart.c.obj
                0x08002a7a                HAL_UART_Transmit
 .text.HAL_UART_Receive
                0x08002b52       0xe4 CMakeFiles/STM32F429IGT6_FreeRTOS_Clion.elf.dir/Drivers/STM32F4xx_HAL_Driver/Src/stm32f4xx_hal_uart.c.obj
                0x08002b52                HAL_UART_Receive
 .text.makeFreeRtosPriority
                0x08002c36        0xc CMakeFiles/STM32F429IGT6_FreeRTOS_Clion.elf.dir/Middlewares/Third_Party/FreeRTOS/Source/CMSIS_RTOS/cmsis_os.c.obj
 .text.osKernelStart
                0x08002c42        0xa CMakeFiles/STM32F429IGT6_FreeRTOS_Clion.elf.dir/Middlewares/Third_Party/FreeRTOS/Source/CMSIS_RTOS/cmsis_os.c.obj
                0x08002c42                osKernelStart
 .text.osThreadCreate
                0x08002c4c       0x6a CMakeFiles/STM32F429IGT6_FreeRTOS_Clion.elf.dir/Middlewares/Third_Party/FreeRTOS/Source/CMSIS_RTOS/cmsis_os.c.obj
                0x08002c4c                osThreadCreate
 .text.osDelay  0x08002cb6        0xe CMakeFiles/STM32F429IGT6_FreeRTOS_Clion.elf.dir/Middlewares/Third_Party/FreeRTOS/Source/CMSIS_RTOS/cmsis_os.c.obj
                0x08002cb6                osDelay
 .text.osMutexCreate
                0x08002cc4       0x16 CMakeFiles/STM32F429IGT6_FreeRTOS_Clion.elf.dir/Middlewares/Third_Party/FreeRTOS/Source/CMSIS_RTOS/cmsis_os.c.obj
                0x08002cc4                osMutexCreate
 .text.osMessageCreate
                0x08002cda       0x2a CMakeFiles/STM32F429IGT6_FreeRTOS_Clion.elf.dir/Middlewares/Third_Party/FreeRTOS/Source/CMSIS_RTOS/cmsis_os.c.obj
                0x08002cda                osMessageCreate
 .text.vListInitialise
                0x08002d04       0x16 CMakeFiles/STM32F429IGT6_FreeRTOS_Clion.elf.dir/Middlewares/Third_Party/FreeRTOS/Source/list.c.obj
                0x08002d04                vListInitialise
 .text.vListInitialiseItem
                0x08002d1a        0x6 CMakeFiles/STM32F429IGT6_FreeRTOS_Clion.elf.dir/Middlewares/Third_Party/FreeRTOS/Source/list.c.obj
                0x08002d1a                vListInitialiseItem
 .text.vListInsertEnd
                0x08002d20       0x16 CMakeFiles/STM32F429IGT6_FreeRTOS_Clion.elf.dir/Middlewares/Third_Party/FreeRTOS/Source/list.c.obj
                0x08002d20                vListInsertEnd
 .text.vListInsert
                0x08002d36       0x32 CMakeFiles/STM32F429IGT6_FreeRTOS_Clion.elf.dir/Middlewares/Third_Party/FreeRTOS/Source/list.c.obj
                0x08002d36                vListInsert
 .text.uxListRemove
                0x08002d68       0x26 CMakeFiles/STM32F429IGT6_FreeRTOS_Clion.elf.dir/Middlewares/Third_Party/FreeRTOS/Source/list.c.obj
                0x08002d68                uxListRemove
 *fill*         0x08002d8e        0x2 
 .text.prvTaskExitError
                0x08002d90       0x40 CMakeFiles/STM32F429IGT6_FreeRTOS_Clion.elf.dir/Middlewares/Third_Party/FreeRTOS/Source/portable/GCC/ARM_CM4F/port.c.obj
 .text.prvPortStartFirstTask
                0x08002dd0       0x28 CMakeFiles/STM32F429IGT6_FreeRTOS_Clion.elf.dir/Middlewares/Third_Party/FreeRTOS/Source/portable/GCC/ARM_CM4F/port.c.obj
 .text.vPortEnableVFP
                0x08002df8       0x14 CMakeFiles/STM32F429IGT6_FreeRTOS_Clion.elf.dir/Middlewares/Third_Party/FreeRTOS/Source/portable/GCC/ARM_CM4F/port.c.obj
 .text.pxPortInitialiseStack
                0x08002e0c       0x2c CMakeFiles/STM32F429IGT6_FreeRTOS_Clion.elf.dir/Middlewares/Third_Party/FreeRTOS/Source/portable/GCC/ARM_CM4F/port.c.obj
                0x08002e0c                pxPortInitialiseStack
 *fill*         0x08002e38        0x8 
 .text.SVC_Handler
                0x08002e40       0x24 CMakeFiles/STM32F429IGT6_FreeRTOS_Clion.elf.dir/Middlewares/Third_Party/FreeRTOS/Source/portable/GCC/ARM_CM4F/port.c.obj
                0x08002e40                SVC_Handler
 .text.vPortEnterCritical
                0x08002e64       0x44 CMakeFiles/STM32F429IGT6_FreeRTOS_Clion.elf.dir/Middlewares/Third_Party/FreeRTOS/Source/portable/GCC/ARM_CM4F/port.c.obj
                0x08002e64                vPortEnterCritical
 .text.vPortExitCritical
                0x08002ea8       0x2c CMakeFiles/STM32F429IGT6_FreeRTOS_Clion.elf.dir/Middlewares/Third_Party/FreeRTOS/Source/portable/GCC/ARM_CM4F/port.c.obj
                0x08002ea8                vPortExitCritical
 *fill*         0x08002ed4        0xc 
 .text.PendSV_Handler
                0x08002ee0       0x64 CMakeFiles/STM32F429IGT6_FreeRTOS_Clion.elf.dir/Middlewares/Third_Party/FreeRTOS/Source/portable/GCC/ARM_CM4F/port.c.obj
                0x08002ee0                PendSV_Handler
 .text.SysTick_Handler
                0x08002f44       0x2c CMakeFiles/STM32F429IGT6_FreeRTOS_Clion.elf.dir/Middlewares/Third_Party/FreeRTOS/Source/portable/GCC/ARM_CM4F/port.c.obj
                0x08002f44                SysTick_Handler
 .text.vPortSetupTimerInterrupt
                0x08002f70       0x28 CMakeFiles/STM32F429IGT6_FreeRTOS_Clion.elf.dir/Middlewares/Third_Party/FreeRTOS/Source/portable/GCC/ARM_CM4F/port.c.obj
                0x08002f70                vPortSetupTimerInterrupt
 .text.xPortStartScheduler
                0x08002f98      0x118 CMakeFiles/STM32F429IGT6_FreeRTOS_Clion.elf.dir/Middlewares/Third_Party/FreeRTOS/Source/portable/GCC/ARM_CM4F/port.c.obj
                0x08002f98                xPortStartScheduler
 .text.prvHeapInit
                0x080030b0       0x64 CMakeFiles/STM32F429IGT6_FreeRTOS_Clion.elf.dir/Middlewares/Third_Party/FreeRTOS/Source/portable/MemMang/heap_4.c.obj
 .text.prvInsertBlockIntoFreeList
                0x08003114       0x64 CMakeFiles/STM32F429IGT6_FreeRTOS_Clion.elf.dir/Middlewares/Third_Party/FreeRTOS/Source/portable/MemMang/heap_4.c.obj
 .text.pvPortMalloc
                0x08003178       0xfc CMakeFiles/STM32F429IGT6_FreeRTOS_Clion.elf.dir/Middlewares/Third_Party/FreeRTOS/Source/portable/MemMang/heap_4.c.obj
                0x08003178                pvPortMalloc
 .text.vPortFree
                0x08003274       0x7c CMakeFiles/STM32F429IGT6_FreeRTOS_Clion.elf.dir/Middlewares/Third_Party/FreeRTOS/Source/portable/MemMang/heap_4.c.obj
                0x08003274                vPortFree
 .text.prvIsQueueFull
                0x080032f0       0x1e CMakeFiles/STM32F429IGT6_FreeRTOS_Clion.elf.dir/Middlewares/Third_Party/FreeRTOS/Source/queue.c.obj
 .text.prvIsQueueEmpty
                0x0800330e       0x1a CMakeFiles/STM32F429IGT6_FreeRTOS_Clion.elf.dir/Middlewares/Third_Party/FreeRTOS/Source/queue.c.obj
 .text.prvCopyDataToQueue
                0x08003328       0x76 CMakeFiles/STM32F429IGT6_FreeRTOS_Clion.elf.dir/Middlewares/Third_Party/FreeRTOS/Source/queue.c.obj
 .text.prvCopyDataFromQueue
                0x0800339e       0x24 CMakeFiles/STM32F429IGT6_FreeRTOS_Clion.elf.dir/Middlewares/Third_Party/FreeRTOS/Source/queue.c.obj
 .text.prvUnlockQueue
                0x080033c2       0x6e CMakeFiles/STM32F429IGT6_FreeRTOS_Clion.elf.dir/Middlewares/Third_Party/FreeRTOS/Source/queue.c.obj
 .text.xQueueGenericReset
                0x08003430       0x84 CMakeFiles/STM32F429IGT6_FreeRTOS_Clion.elf.dir/Middlewares/Third_Party/FreeRTOS/Source/queue.c.obj
                0x08003430                xQueueGenericReset
 .text.prvInitialiseNewQueue
                0x080034b4       0x1c CMakeFiles/STM32F429IGT6_FreeRTOS_Clion.elf.dir/Middlewares/Third_Party/FreeRTOS/Source/queue.c.obj
 .text.xQueueGenericCreateStatic
                0x080034d0       0x94 CMakeFiles/STM32F429IGT6_FreeRTOS_Clion.elf.dir/Middlewares/Third_Party/FreeRTOS/Source/queue.c.obj
                0x080034d0                xQueueGenericCreateStatic
 .text.xQueueGenericCreate
                0x08003564       0x48 CMakeFiles/STM32F429IGT6_FreeRTOS_Clion.elf.dir/Middlewares/Third_Party/FreeRTOS/Source/queue.c.obj
                0x08003564                xQueueGenericCreate
 .text.xQueueGenericSend
                0x080035ac      0x188 CMakeFiles/STM32F429IGT6_FreeRTOS_Clion.elf.dir/Middlewares/Third_Party/FreeRTOS/Source/queue.c.obj
                0x080035ac                xQueueGenericSend
 .text.prvInitialiseMutex
                0x08003734       0x18 CMakeFiles/STM32F429IGT6_FreeRTOS_Clion.elf.dir/Middlewares/Third_Party/FreeRTOS/Source/queue.c.obj
 .text.xQueueCreateMutex
                0x0800374c       0x16 CMakeFiles/STM32F429IGT6_FreeRTOS_Clion.elf.dir/Middlewares/Third_Party/FreeRTOS/Source/queue.c.obj
                0x0800374c                xQueueCreateMutex
 .text.xQueueCreateMutexStatic
                0x08003762       0x1e CMakeFiles/STM32F429IGT6_FreeRTOS_Clion.elf.dir/Middlewares/Third_Party/FreeRTOS/Source/queue.c.obj
                0x08003762                xQueueCreateMutexStatic
 .text.xQueueReceive
                0x08003780      0x15e CMakeFiles/STM32F429IGT6_FreeRTOS_Clion.elf.dir/Middlewares/Third_Party/FreeRTOS/Source/queue.c.obj
                0x08003780                xQueueReceive
 .text.prvTaskCheckFreeStackSpace
                0x080038de       0x14 CMakeFiles/STM32F429IGT6_FreeRTOS_Clion.elf.dir/Middlewares/Third_Party/FreeRTOS/Source/tasks.c.obj
 *fill*         0x080038f2        0x2 
 .text.prvResetNextTaskUnblockTime
                0x080038f4       0x2c CMakeFiles/STM32F429IGT6_FreeRTOS_Clion.elf.dir/Middlewares/Third_Party/FreeRTOS/Source/tasks.c.obj
 .text.prvInitialiseNewTask
                0x08003920       0xa6 CMakeFiles/STM32F429IGT6_FreeRTOS_Clion.elf.dir/Middlewares/Third_Party/FreeRTOS/Source/tasks.c.obj
 *fill*         0x080039c6        0x2 
 .text.prvInitialiseTaskLists
                0x080039c8       0x68 CMakeFiles/STM32F429IGT6_FreeRTOS_Clion.elf.dir/Middlewares/Third_Party/FreeRTOS/Source/tasks.c.obj
 .text.prvAddNewTaskToReadyList
                0x08003a30       0xa8 CMakeFiles/STM32F429IGT6_FreeRTOS_Clion.elf.dir/Middlewares/Third_Party/FreeRTOS/Source/tasks.c.obj
 .text.prvDeleteTCB
                0x08003ad8       0x38 CMakeFiles/STM32F429IGT6_FreeRTOS_Clion.elf.dir/Middlewares/Third_Party/FreeRTOS/Source/tasks.c.obj
 .text.prvCheckTasksWaitingTermination
                0x08003b10       0x4c CMakeFiles/STM32F429IGT6_FreeRTOS_Clion.elf.dir/Middlewares/Third_Party/FreeRTOS/Source/tasks.c.obj
 .text.prvIdleTask
                0x08003b5c       0x28 CMakeFiles/STM32F429IGT6_FreeRTOS_Clion.elf.dir/Middlewares/Third_Party/FreeRTOS/Source/tasks.c.obj
 .text.prvAddCurrentTaskToDelayedList
                0x08003b84       0x98 CMakeFiles/STM32F429IGT6_FreeRTOS_Clion.elf.dir/Middlewares/Third_Party/FreeRTOS/Source/tasks.c.obj
 .text.xTaskCreateStatic
                0x08003c1c       0x76 CMakeFiles/STM32F429IGT6_FreeRTOS_Clion.elf.dir/Middlewares/Third_Party/FreeRTOS/Source/tasks.c.obj
                0x08003c1c                xTaskCreateStatic
 .text.xTaskCreate
                0x08003c92       0x68 CMakeFiles/STM32F429IGT6_FreeRTOS_Clion.elf.dir/Middlewares/Third_Party/FreeRTOS/Source/tasks.c.obj
                0x08003c92                xTaskCreate
 *fill*         0x08003cfa        0x2 
 .text.vTaskStartScheduler
                0x08003cfc       0x74 CMakeFiles/STM32F429IGT6_FreeRTOS_Clion.elf.dir/Middlewares/Third_Party/FreeRTOS/Source/tasks.c.obj
                0x08003cfc                vTaskStartScheduler
 .text.vTaskSuspendAll
                0x08003d70       0x10 CMakeFiles/STM32F429IGT6_FreeRTOS_Clion.elf.dir/Middlewares/Third_Party/FreeRTOS/Source/tasks.c.obj
                0x08003d70                vTaskSuspendAll
 .text.xTaskIncrementTick
                0x08003d80      0x118 CMakeFiles/STM32F429IGT6_FreeRTOS_Clion.elf.dir/Middlewares/Third_Party/FreeRTOS/Source/tasks.c.obj
                0x08003d80                xTaskIncrementTick
 .text.xTaskResumeAll
                0x08003e98       0xf8 CMakeFiles/STM32F429IGT6_FreeRTOS_Clion.elf.dir/Middlewares/Third_Party/FreeRTOS/Source/tasks.c.obj
                0x08003e98                xTaskResumeAll
 .text.vTaskDelay
                0x08003f90       0x4c CMakeFiles/STM32F429IGT6_FreeRTOS_Clion.elf.dir/Middlewares/Third_Party/FreeRTOS/Source/tasks.c.obj
                0x08003f90                vTaskDelay
 .text.vTaskSwitchContext
                0x08003fdc       0x98 CMakeFiles/STM32F429IGT6_FreeRTOS_Clion.elf.dir/Middlewares/Third_Party/FreeRTOS/Source/tasks.c.obj
                0x08003fdc                vTaskSwitchContext
 .text.vTaskPlaceOnEventList
                0x08004074       0x30 CMakeFiles/STM32F429IGT6_FreeRTOS_Clion.elf.dir/Middlewares/Third_Party/FreeRTOS/Source/tasks.c.obj
                0x08004074                vTaskPlaceOnEventList
 .text.xTaskRemoveFromEventList
                0x080040a4       0x8c CMakeFiles/STM32F429IGT6_FreeRTOS_Clion.elf.dir/Middlewares/Third_Party/FreeRTOS/Source/tasks.c.obj
                0x080040a4                xTaskRemoveFromEventList
 .text.vTaskInternalSetTimeOutState
                0x08004130       0x18 CMakeFiles/STM32F429IGT6_FreeRTOS_Clion.elf.dir/Middlewares/Third_Party/FreeRTOS/Source/tasks.c.obj
                0x08004130                vTaskInternalSetTimeOutState
 .text.xTaskCheckForTimeOut
                0x08004148       0x84 CMakeFiles/STM32F429IGT6_FreeRTOS_Clion.elf.dir/Middlewares/Third_Party/FreeRTOS/Source/tasks.c.obj
                0x08004148                xTaskCheckForTimeOut
 .text.vTaskMissedYield
                0x080041cc        0xc CMakeFiles/STM32F429IGT6_FreeRTOS_Clion.elf.dir/Middlewares/Third_Party/FreeRTOS/Source/tasks.c.obj
                0x080041cc                vTaskMissedYield
 .text.uxTaskGetStackHighWaterMark
                0x080041d8       0x18 CMakeFiles/STM32F429IGT6_FreeRTOS_Clion.elf.dir/Middlewares/Third_Party/FreeRTOS/Source/tasks.c.obj
                0x080041d8                uxTaskGetStackHighWaterMark
 .text.xTaskGetSchedulerState
                0x080041f0       0x20 CMakeFiles/STM32F429IGT6_FreeRTOS_Clion.elf.dir/Middlewares/Third_Party/FreeRTOS/Source/tasks.c.obj
                0x080041f0                xTaskGetSchedulerState
 .text.xTaskPriorityDisinherit
                0x08004210       0xb4 CMakeFiles/STM32F429IGT6_FreeRTOS_Clion.elf.dir/Middlewares/Third_Party/FreeRTOS/Source/tasks.c.obj
                0x08004210                xTaskPriorityDisinherit
 .text.DHT11_Pin_Mode
                0x080042c4       0x40 CMakeFiles/STM32F429IGT6_FreeRTOS_Clion.elf.dir/User/DHT11/bsp_dht11.c.obj
                0x080042c4                DHT11_Pin_Mode
 .text.DHT11_Read_Byte
                0x08004304       0x60 CMakeFiles/STM32F429IGT6_FreeRTOS_Clion.elf.dir/User/DHT11/bsp_dht11.c.obj
                0x08004304                DHT11_Read_Byte
 .text.DHT11_Read_Temperature_and_Humidity
                0x08004364       0xd8 CMakeFiles/STM32F429IGT6_FreeRTOS_Clion.elf.dir/User/DHT11/bsp_dht11.c.obj
                0x08004364                DHT11_Read_Temperature_and_Humidity
 .text.Delay_us
                0x0800443c       0x5c CMakeFiles/STM32F429IGT6_FreeRTOS_Clion.elf.dir/User/Functions/delay.c.obj
                0x0800443c                Delay_us
 .text.Delay_ms
                0x08004498       0x16 CMakeFiles/STM32F429IGT6_FreeRTOS_Clion.elf.dir/User/Functions/delay.c.obj
                0x08004498                Delay_ms
 *fill*         0x080044ae        0x2 
 .text.LED_Init
                0x080044b0       0x14 CMakeFiles/STM32F429IGT6_FreeRTOS_Clion.elf.dir/User/LED/bsp_led.c.obj
                0x080044b0                LED_Init
 .text.RetargetInit
                0x080044c4       0x20 CMakeFiles/STM32F429IGT6_FreeRTOS_Clion.elf.dir/User/USART/retarget.c.obj
                0x080044c4                RetargetInit
 .text._isatty  0x080044e4       0x16 CMakeFiles/STM32F429IGT6_FreeRTOS_Clion.elf.dir/User/USART/retarget.c.obj
                0x080044e4                _isatty
 *fill*         0x080044fa        0x2 
 .text._write   0x080044fc       0x34 CMakeFiles/STM32F429IGT6_FreeRTOS_Clion.elf.dir/User/USART/retarget.c.obj
                0x080044fc                _write
 .text._close   0x08004530       0x18 CMakeFiles/STM32F429IGT6_FreeRTOS_Clion.elf.dir/User/USART/retarget.c.obj
                0x08004530                _close
 .text._lseek   0x08004548       0x10 CMakeFiles/STM32F429IGT6_FreeRTOS_Clion.elf.dir/User/USART/retarget.c.obj
                0x08004548                _lseek
 .text._read    0x08004558       0x30 CMakeFiles/STM32F429IGT6_FreeRTOS_Clion.elf.dir/User/USART/retarget.c.obj
                0x08004558                _read
 .text._fstat   0x08004588       0x1a CMakeFiles/STM32F429IGT6_FreeRTOS_Clion.elf.dir/User/USART/retarget.c.obj
                0x08004588                _fstat
 *fill*         0x080045a2        0x2 
 .text.__errno  0x080045a4        0xc c:/gnuarm~1/102021~1.10/bin/../lib/gcc/arm-none-eabi/10.3.1/../../../../arm-none-eabi/lib/thumb/v7e-m+fp/hard\libg.a(lib_a-errno.o)
                0x080045a4                __errno
 .text.__libc_init_array
                0x080045b0       0x48 c:/gnuarm~1/102021~1.10/bin/../lib/gcc/arm-none-eabi/10.3.1/../../../../arm-none-eabi/lib/thumb/v7e-m+fp/hard\libg.a(lib_a-init.o)
                0x080045b0                __libc_init_array
 .text.memset   0x080045f8       0xa4 c:/gnuarm~1/102021~1.10/bin/../lib/gcc/arm-none-eabi/10.3.1/../../../../arm-none-eabi/lib/thumb/v7e-m+fp/hard\libg.a(lib_a-memset.o)
                0x080045f8                memset
 .text.printf   0x0800469c       0x28 c:/gnuarm~1/102021~1.10/bin/../lib/gcc/arm-none-eabi/10.3.1/../../../../arm-none-eabi/lib/thumb/v7e-m+fp/hard\libg.a(lib_a-printf.o)
                0x0800469c                printf
 .text.setvbuf  0x080046c4      0x1b0 c:/gnuarm~1/102021~1.10/bin/../lib/gcc/arm-none-eabi/10.3.1/../../../../arm-none-eabi/lib/thumb/v7e-m+fp/hard\libg.a(lib_a-setvbuf.o)
                0x080046c4                setvbuf
 *fill*         0x08004874        0x4 
 .text._vfprintf_r
                0x08004878     0x1b90 c:/gnuarm~1/102021~1.10/bin/../lib/gcc/arm-none-eabi/10.3.1/../../../../arm-none-eabi/lib/thumb/v7e-m+fp/hard\libg.a(lib_a-vfprintf.o)
                0x08004878                _vfprintf_r
 .text.__sbprintf
                0x08006408       0x80 c:/gnuarm~1/102021~1.10/bin/../lib/gcc/arm-none-eabi/10.3.1/../../../../arm-none-eabi/lib/thumb/v7e-m+fp/hard\libg.a(lib_a-vfprintf.o)
 .text.__swsetup_r
                0x08006488       0xd4 c:/gnuarm~1/102021~1.10/bin/../lib/gcc/arm-none-eabi/10.3.1/../../../../arm-none-eabi/lib/thumb/v7e-m+fp/hard\libg.a(lib_a-wsetup.o)
                0x08006488                __swsetup_r
 .text.startup.register_fini
                0x0800655c       0x14 c:/gnuarm~1/102021~1.10/bin/../lib/gcc/arm-none-eabi/10.3.1/../../../../arm-none-eabi/lib/thumb/v7e-m+fp/hard\libg.a(lib_a-__call_atexit.o)
 .text.atexit   0x08006570        0xc c:/gnuarm~1/102021~1.10/bin/../lib/gcc/arm-none-eabi/10.3.1/../../../../arm-none-eabi/lib/thumb/v7e-m+fp/hard\libg.a(lib_a-atexit.o)
                0x08006570                atexit
 .text.quorem   0x0800657c      0x128 c:/gnuarm~1/102021~1.10/bin/../lib/gcc/arm-none-eabi/10.3.1/../../../../arm-none-eabi/lib/thumb/v7e-m+fp/hard\libg.a(lib_a-dtoa.o)
 *fill*         0x080066a4        0x4 
 .text._dtoa_r  0x080066a8      0xf3c c:/gnuarm~1/102021~1.10/bin/../lib/gcc/arm-none-eabi/10.3.1/../../../../arm-none-eabi/lib/thumb/v7e-m+fp/hard\libg.a(lib_a-dtoa.o)
                0x080066a8                _dtoa_r
 .text.__sflush_r
                0x080075e4      0x130 c:/gnuarm~1/102021~1.10/bin/../lib/gcc/arm-none-eabi/10.3.1/../../../../arm-none-eabi/lib/thumb/v7e-m+fp/hard\libg.a(lib_a-fflush.o)
                0x080075e4                __sflush_r
 .text._fflush_r
                0x08007714       0x5c c:/gnuarm~1/102021~1.10/bin/../lib/gcc/arm-none-eabi/10.3.1/../../../../arm-none-eabi/lib/thumb/v7e-m+fp/hard\libg.a(lib_a-fflush.o)
                0x08007714                _fflush_r
 .text._cleanup_r
                0x08007770        0xc c:/gnuarm~1/102021~1.10/bin/../lib/gcc/arm-none-eabi/10.3.1/../../../../arm-none-eabi/lib/thumb/v7e-m+fp/hard\libg.a(lib_a-findfp.o)
                0x08007770                _cleanup_r
 .text.__sinit  0x0800777c      0x10c c:/gnuarm~1/102021~1.10/bin/../lib/gcc/arm-none-eabi/10.3.1/../../../../arm-none-eabi/lib/thumb/v7e-m+fp/hard\libg.a(lib_a-findfp.o)
                0x0800777c                __sinit
 .text.__sfp_lock_acquire
                0x08007888        0xc c:/gnuarm~1/102021~1.10/bin/../lib/gcc/arm-none-eabi/10.3.1/../../../../arm-none-eabi/lib/thumb/v7e-m+fp/hard\libg.a(lib_a-findfp.o)
                0x08007888                __sfp_lock_acquire
 .text.__sfp_lock_release
                0x08007894        0xc c:/gnuarm~1/102021~1.10/bin/../lib/gcc/arm-none-eabi/10.3.1/../../../../arm-none-eabi/lib/thumb/v7e-m+fp/hard\libg.a(lib_a-findfp.o)
                0x08007894                __sfp_lock_release
 .text.__libc_fini_array
                0x080078a0       0x2c c:/gnuarm~1/102021~1.10/bin/../lib/gcc/arm-none-eabi/10.3.1/../../../../arm-none-eabi/lib/thumb/v7e-m+fp/hard\libg.a(lib_a-fini.o)
                0x080078a0                __libc_fini_array
 .text._malloc_trim_r
                0x080078cc       0xa0 c:/gnuarm~1/102021~1.10/bin/../lib/gcc/arm-none-eabi/10.3.1/../../../../arm-none-eabi/lib/thumb/v7e-m+fp/hard\libg.a(lib_a-freer.o)
                0x080078cc                _malloc_trim_r
 .text._free_r  0x0800796c      0x20c c:/gnuarm~1/102021~1.10/bin/../lib/gcc/arm-none-eabi/10.3.1/../../../../arm-none-eabi/lib/thumb/v7e-m+fp/hard\libg.a(lib_a-freer.o)
                0x0800796c                _free_r
 .text._fwalk_reent
                0x08007b78       0x48 c:/gnuarm~1/102021~1.10/bin/../lib/gcc/arm-none-eabi/10.3.1/../../../../arm-none-eabi/lib/thumb/v7e-m+fp/hard\libg.a(lib_a-fwalk.o)
                0x08007b78                _fwalk_reent
 .text._localeconv_r
                0x08007bc0        0x8 c:/gnuarm~1/102021~1.10/bin/../lib/gcc/arm-none-eabi/10.3.1/../../../../arm-none-eabi/lib/thumb/v7e-m+fp/hard\libg.a(lib_a-localeconv.o)
                0x08007bc0                _localeconv_r
 .text.__retarget_lock_init_recursive
                0x08007bc8        0x4 c:/gnuarm~1/102021~1.10/bin/../lib/gcc/arm-none-eabi/10.3.1/../../../../arm-none-eabi/lib/thumb/v7e-m+fp/hard\libg.a(lib_a-lock.o)
                0x08007bc8                __retarget_lock_init_recursive
 .text.__retarget_lock_close_recursive
                0x08007bcc        0x4 c:/gnuarm~1/102021~1.10/bin/../lib/gcc/arm-none-eabi/10.3.1/../../../../arm-none-eabi/lib/thumb/v7e-m+fp/hard\libg.a(lib_a-lock.o)
                0x08007bcc                __retarget_lock_close_recursive
 .text.__retarget_lock_acquire_recursive
                0x08007bd0        0x4 c:/gnuarm~1/102021~1.10/bin/../lib/gcc/arm-none-eabi/10.3.1/../../../../arm-none-eabi/lib/thumb/v7e-m+fp/hard\libg.a(lib_a-lock.o)
                0x08007bd0                __retarget_lock_acquire_recursive
 .text.__retarget_lock_release_recursive
                0x08007bd4        0x4 c:/gnuarm~1/102021~1.10/bin/../lib/gcc/arm-none-eabi/10.3.1/../../../../arm-none-eabi/lib/thumb/v7e-m+fp/hard\libg.a(lib_a-lock.o)
                0x08007bd4                __retarget_lock_release_recursive
 .text.__smakebuf_r
                0x08007bd8       0xe0 c:/gnuarm~1/102021~1.10/bin/../lib/gcc/arm-none-eabi/10.3.1/../../../../arm-none-eabi/lib/thumb/v7e-m+fp/hard\libg.a(lib_a-makebuf.o)
                0x08007bd8                __smakebuf_r
 .text.__swhatbuf_r
                0x08007cb8       0x60 c:/gnuarm~1/102021~1.10/bin/../lib/gcc/arm-none-eabi/10.3.1/../../../../arm-none-eabi/lib/thumb/v7e-m+fp/hard\libg.a(lib_a-makebuf.o)
                0x08007cb8                __swhatbuf_r
 .text.malloc   0x08007d18       0x10 c:/gnuarm~1/102021~1.10/bin/../lib/gcc/arm-none-eabi/10.3.1/../../../../arm-none-eabi/lib/thumb/v7e-m+fp/hard\libg.a(lib_a-malloc.o)
                0x08007d18                malloc
 .text._malloc_r
                0x08007d28      0x560 c:/gnuarm~1/102021~1.10/bin/../lib/gcc/arm-none-eabi/10.3.1/../../../../arm-none-eabi/lib/thumb/v7e-m+fp/hard\libg.a(lib_a-mallocr.o)
                0x08007d28                _malloc_r
 .text.__malloc_lock
                0x08008288        0xc c:/gnuarm~1/102021~1.10/bin/../lib/gcc/arm-none-eabi/10.3.1/../../../../arm-none-eabi/lib/thumb/v7e-m+fp/hard\libg.a(lib_a-mlock.o)
                0x08008288                __malloc_lock
 .text.__malloc_unlock
                0x08008294        0xc c:/gnuarm~1/102021~1.10/bin/../lib/gcc/arm-none-eabi/10.3.1/../../../../arm-none-eabi/lib/thumb/v7e-m+fp/hard\libg.a(lib_a-mlock.o)
                0x08008294                __malloc_unlock
 .text._Balloc  0x080082a0       0x4c c:/gnuarm~1/102021~1.10/bin/../lib/gcc/arm-none-eabi/10.3.1/../../../../arm-none-eabi/lib/thumb/v7e-m+fp/hard\libg.a(lib_a-mprec.o)
                0x080082a0                _Balloc
 .text._Bfree   0x080082ec       0x14 c:/gnuarm~1/102021~1.10/bin/../lib/gcc/arm-none-eabi/10.3.1/../../../../arm-none-eabi/lib/thumb/v7e-m+fp/hard\libg.a(lib_a-mprec.o)
                0x080082ec                _Bfree
 .text.__multadd
                0x08008300       0xa8 c:/gnuarm~1/102021~1.10/bin/../lib/gcc/arm-none-eabi/10.3.1/../../../../arm-none-eabi/lib/thumb/v7e-m+fp/hard\libg.a(lib_a-mprec.o)
                0x08008300                __multadd
 .text.__hi0bits
                0x080083a8       0x40 c:/gnuarm~1/102021~1.10/bin/../lib/gcc/arm-none-eabi/10.3.1/../../../../arm-none-eabi/lib/thumb/v7e-m+fp/hard\libg.a(lib_a-mprec.o)
                0x080083a8                __hi0bits
 .text.__lo0bits
                0x080083e8       0x60 c:/gnuarm~1/102021~1.10/bin/../lib/gcc/arm-none-eabi/10.3.1/../../../../arm-none-eabi/lib/thumb/v7e-m+fp/hard\libg.a(lib_a-mprec.o)
                0x080083e8                __lo0bits
 .text.__i2b    0x08008448       0x5c c:/gnuarm~1/102021~1.10/bin/../lib/gcc/arm-none-eabi/10.3.1/../../../../arm-none-eabi/lib/thumb/v7e-m+fp/hard\libg.a(lib_a-mprec.o)
                0x08008448                __i2b
 .text.__multiply
                0x080084a4      0x15c c:/gnuarm~1/102021~1.10/bin/../lib/gcc/arm-none-eabi/10.3.1/../../../../arm-none-eabi/lib/thumb/v7e-m+fp/hard\libg.a(lib_a-mprec.o)
                0x080084a4                __multiply
 .text.__pow5mult
                0x08008600       0xc0 c:/gnuarm~1/102021~1.10/bin/../lib/gcc/arm-none-eabi/10.3.1/../../../../arm-none-eabi/lib/thumb/v7e-m+fp/hard\libg.a(lib_a-mprec.o)
                0x08008600                __pow5mult
 .text.__lshift
                0x080086c0       0xf0 c:/gnuarm~1/102021~1.10/bin/../lib/gcc/arm-none-eabi/10.3.1/../../../../arm-none-eabi/lib/thumb/v7e-m+fp/hard\libg.a(lib_a-mprec.o)
                0x080086c0                __lshift
 .text.__mcmp   0x080087b0       0x44 c:/gnuarm~1/102021~1.10/bin/../lib/gcc/arm-none-eabi/10.3.1/../../../../arm-none-eabi/lib/thumb/v7e-m+fp/hard\libg.a(lib_a-mprec.o)
                0x080087b0                __mcmp
 .text.__mdiff  0x080087f4      0x14c c:/gnuarm~1/102021~1.10/bin/../lib/gcc/arm-none-eabi/10.3.1/../../../../arm-none-eabi/lib/thumb/v7e-m+fp/hard\libg.a(lib_a-mprec.o)
                0x080087f4                __mdiff
 .text.__d2b    0x08008940       0xd0 c:/gnuarm~1/102021~1.10/bin/../lib/gcc/arm-none-eabi/10.3.1/../../../../arm-none-eabi/lib/thumb/v7e-m+fp/hard\libg.a(lib_a-mprec.o)
                0x08008940                __d2b
 .text.frexp    0x08008a10       0x6c c:/gnuarm~1/102021~1.10/bin/../lib/gcc/arm-none-eabi/10.3.1/../../../../arm-none-eabi/lib/thumb/v7e-m+fp/hard\libg.a(lib_a-s_frexp.o)
                0x08008a10                frexp
 .text._sbrk_r  0x08008a7c       0x24 c:/gnuarm~1/102021~1.10/bin/../lib/gcc/arm-none-eabi/10.3.1/../../../../arm-none-eabi/lib/thumb/v7e-m+fp/hard\libg.a(lib_a-sbrkr.o)
                0x08008a7c                _sbrk_r
 .text.__sread  0x08008aa0       0x24 c:/gnuarm~1/102021~1.10/bin/../lib/gcc/arm-none-eabi/10.3.1/../../../../arm-none-eabi/lib/thumb/v7e-m+fp/hard\libg.a(lib_a-stdio.o)
                0x08008aa0                __sread
 .text.__swrite
                0x08008ac4       0x40 c:/gnuarm~1/102021~1.10/bin/../lib/gcc/arm-none-eabi/10.3.1/../../../../arm-none-eabi/lib/thumb/v7e-m+fp/hard\libg.a(lib_a-stdio.o)
                0x08008ac4                __swrite
 .text.__sseek  0x08008b04       0x20 c:/gnuarm~1/102021~1.10/bin/../lib/gcc/arm-none-eabi/10.3.1/../../../../arm-none-eabi/lib/thumb/v7e-m+fp/hard\libg.a(lib_a-stdio.o)
                0x08008b04                __sseek
 .text.__sclose
                0x08008b24        0x8 c:/gnuarm~1/102021~1.10/bin/../lib/gcc/arm-none-eabi/10.3.1/../../../../arm-none-eabi/lib/thumb/v7e-m+fp/hard\libg.a(lib_a-stdio.o)
                0x08008b24                __sclose
 .text.strncpy  0x08008b2c       0x64 c:/gnuarm~1/102021~1.10/bin/../lib/gcc/arm-none-eabi/10.3.1/../../../../arm-none-eabi/lib/thumb/v7e-m+fp/hard\libg.a(lib_a-strncpy.o)
                0x08008b2c                strncpy
 .text.__sprint_r.part.0
                0x08008b90       0x78 c:/gnuarm~1/102021~1.10/bin/../lib/gcc/arm-none-eabi/10.3.1/../../../../arm-none-eabi/lib/thumb/v7e-m+fp/hard\libg.a(lib_a-vfiprintf.o)
 .text.__sprint_r
                0x08008c08       0x18 c:/gnuarm~1/102021~1.10/bin/../lib/gcc/arm-none-eabi/10.3.1/../../../../arm-none-eabi/lib/thumb/v7e-m+fp/hard\libg.a(lib_a-vfiprintf.o)
                0x08008c08                __sprint_r
 .text._vfiprintf_r
                0x08008c20      0xdfc c:/gnuarm~1/102021~1.10/bin/../lib/gcc/arm-none-eabi/10.3.1/../../../../arm-none-eabi/lib/thumb/v7e-m+fp/hard\libg.a(lib_a-vfiprintf.o)
                0x08008c20                _vfiprintf_r
 .text.__sbprintf
                0x08009a1c       0x80 c:/gnuarm~1/102021~1.10/bin/../lib/gcc/arm-none-eabi/10.3.1/../../../../arm-none-eabi/lib/thumb/v7e-m+fp/hard\libg.a(lib_a-vfiprintf.o)
 .text._write_r
                0x08009a9c       0x2c c:/gnuarm~1/102021~1.10/bin/../lib/gcc/arm-none-eabi/10.3.1/../../../../arm-none-eabi/lib/thumb/v7e-m+fp/hard\libg.a(lib_a-writer.o)
                0x08009a9c                _write_r
 .text.__register_exitproc
                0x08009ac8       0x8c c:/gnuarm~1/102021~1.10/bin/../lib/gcc/arm-none-eabi/10.3.1/../../../../arm-none-eabi/lib/thumb/v7e-m+fp/hard\libg.a(lib_a-__atexit.o)
                0x08009ac8                __register_exitproc
 .text.__assert_func
                0x08009b54       0x40 c:/gnuarm~1/102021~1.10/bin/../lib/gcc/arm-none-eabi/10.3.1/../../../../arm-none-eabi/lib/thumb/v7e-m+fp/hard\libg.a(lib_a-assert.o)
                0x08009b54                __assert_func
 .text._calloc_r
                0x08009b94       0x78 c:/gnuarm~1/102021~1.10/bin/../lib/gcc/arm-none-eabi/10.3.1/../../../../arm-none-eabi/lib/thumb/v7e-m+fp/hard\libg.a(lib_a-callocr.o)
                0x08009b94                _calloc_r
 .text._close_r
                0x08009c0c       0x24 c:/gnuarm~1/102021~1.10/bin/../lib/gcc/arm-none-eabi/10.3.1/../../../../arm-none-eabi/lib/thumb/v7e-m+fp/hard\libg.a(lib_a-closer.o)
                0x08009c0c                _close_r
 .text._fclose_r
                0x08009c30       0xcc c:/gnuarm~1/102021~1.10/bin/../lib/gcc/arm-none-eabi/10.3.1/../../../../arm-none-eabi/lib/thumb/v7e-m+fp/hard\libg.a(lib_a-fclose.o)
                0x08009c30                _fclose_r
 .text.fiprintf
                0x08009cfc       0x28 c:/gnuarm~1/102021~1.10/bin/../lib/gcc/arm-none-eabi/10.3.1/../../../../arm-none-eabi/lib/thumb/v7e-m+fp/hard\libg.a(lib_a-fiprintf.o)
                0x08009cfc                fiprintf
 .text.__fputwc
                0x08009d24       0xa8 c:/gnuarm~1/102021~1.10/bin/../lib/gcc/arm-none-eabi/10.3.1/../../../../arm-none-eabi/lib/thumb/v7e-m+fp/hard\libg.a(lib_a-fputwc.o)
                0x08009d24                __fputwc
 .text._fputwc_r
                0x08009dcc       0x68 c:/gnuarm~1/102021~1.10/bin/../lib/gcc/arm-none-eabi/10.3.1/../../../../arm-none-eabi/lib/thumb/v7e-m+fp/hard\libg.a(lib_a-fputwc.o)
                0x08009dcc                _fputwc_r
 .text._fstat_r
                0x08009e34       0x2c c:/gnuarm~1/102021~1.10/bin/../lib/gcc/arm-none-eabi/10.3.1/../../../../arm-none-eabi/lib/thumb/v7e-m+fp/hard\libg.a(lib_a-fstatr.o)
                0x08009e34                _fstat_r
 .text.__sfvwrite_r
                0x08009e60      0x2f0 c:/gnuarm~1/102021~1.10/bin/../lib/gcc/arm-none-eabi/10.3.1/../../../../arm-none-eabi/lib/thumb/v7e-m+fp/hard\libg.a(lib_a-fvwrite.o)
                0x08009e60                __sfvwrite_r
 .text._isatty_r
                0x0800a150       0x24 c:/gnuarm~1/102021~1.10/bin/../lib/gcc/arm-none-eabi/10.3.1/../../../../arm-none-eabi/lib/thumb/v7e-m+fp/hard\libg.a(lib_a-isattyr.o)
                0x0800a150                _isatty_r
 .text.__locale_mb_cur_max
                0x0800a174        0xc c:/gnuarm~1/102021~1.10/bin/../lib/gcc/arm-none-eabi/10.3.1/../../../../arm-none-eabi/lib/thumb/v7e-m+fp/hard\libg.a(lib_a-locale.o)
                0x0800a174                __locale_mb_cur_max
 .text._lseek_r
                0x0800a180       0x2c c:/gnuarm~1/102021~1.10/bin/../lib/gcc/arm-none-eabi/10.3.1/../../../../arm-none-eabi/lib/thumb/v7e-m+fp/hard\libg.a(lib_a-lseekr.o)
                0x0800a180                _lseek_r
 .text.__ascii_mbtowc
                0x0800a1ac       0x2c c:/gnuarm~1/102021~1.10/bin/../lib/gcc/arm-none-eabi/10.3.1/../../../../arm-none-eabi/lib/thumb/v7e-m+fp/hard\libg.a(lib_a-mbtowc_r.o)
                0x0800a1ac                __ascii_mbtowc
 .text.memmove  0x0800a1d8       0xf8 c:/gnuarm~1/102021~1.10/bin/../lib/gcc/arm-none-eabi/10.3.1/../../../../arm-none-eabi/lib/thumb/v7e-m+fp/hard\libg.a(lib_a-memmove.o)
                0x0800a1d8                memmove
 .text._read_r  0x0800a2d0       0x2c c:/gnuarm~1/102021~1.10/bin/../lib/gcc/arm-none-eabi/10.3.1/../../../../arm-none-eabi/lib/thumb/v7e-m+fp/hard\libg.a(lib_a-readr.o)
                0x0800a2d0                _read_r
 .text._realloc_r
                0x0800a2fc      0x3d8 c:/gnuarm~1/102021~1.10/bin/../lib/gcc/arm-none-eabi/10.3.1/../../../../arm-none-eabi/lib/thumb/v7e-m+fp/hard\libg.a(lib_a-reallocr.o)
                0x0800a2fc                _realloc_r
 .text.__swbuf_r
                0x0800a6d4       0xb0 c:/gnuarm~1/102021~1.10/bin/../lib/gcc/arm-none-eabi/10.3.1/../../../../arm-none-eabi/lib/thumb/v7e-m+fp/hard\libg.a(lib_a-wbuf.o)
                0x0800a6d4                __swbuf_r
 .text._wcrtomb_r
                0x0800a784       0x3c c:/gnuarm~1/102021~1.10/bin/../lib/gcc/arm-none-eabi/10.3.1/../../../../arm-none-eabi/lib/thumb/v7e-m+fp/hard\libg.a(lib_a-wcrtomb.o)
                0x0800a784                _wcrtomb_r
 .text.__ascii_wctomb
                0x0800a7c0       0x1c c:/gnuarm~1/102021~1.10/bin/../lib/gcc/arm-none-eabi/10.3.1/../../../../arm-none-eabi/lib/thumb/v7e-m+fp/hard\libg.a(lib_a-wctomb_r.o)
                0x0800a7c0                __ascii_wctomb
 .text.abort    0x0800a7dc       0x10 c:/gnuarm~1/102021~1.10/bin/../lib/gcc/arm-none-eabi/10.3.1/../../../../arm-none-eabi/lib/thumb/v7e-m+fp/hard\libg.a(lib_a-abort.o)
                0x0800a7dc                abort
 .text.raise    0x0800a7ec       0x5c c:/gnuarm~1/102021~1.10/bin/../lib/gcc/arm-none-eabi/10.3.1/../../../../arm-none-eabi/lib/thumb/v7e-m+fp/hard\libg.a(lib_a-signal.o)
                0x0800a7ec                raise
 .text._kill_r  0x0800a848       0x2c c:/gnuarm~1/102021~1.10/bin/../lib/gcc/arm-none-eabi/10.3.1/../../../../arm-none-eabi/lib/thumb/v7e-m+fp/hard\libg.a(lib_a-signalr.o)
                0x0800a848                _kill_r
 .text._getpid_r
                0x0800a874        0x4 c:/gnuarm~1/102021~1.10/bin/../lib/gcc/arm-none-eabi/10.3.1/../../../../arm-none-eabi/lib/thumb/v7e-m+fp/hard\libg.a(lib_a-signalr.o)
                0x0800a874                _getpid_r
 *(.glue_7)
 .glue_7        0x0800a878        0x0 linker stubs
 *(.glue_7t)
 .glue_7t       0x0800a878        0x0 linker stubs
 *(.eh_frame)
 .eh_frame      0x0800a878        0x0 c:/gnuarm~1/102021~1.10/bin/../lib/gcc/arm-none-eabi/10.3.1/thumb/v7e-m+fp/hard/crtbegin.o
 *(.init)
 .init          0x0800a878        0x4 c:/gnuarm~1/102021~1.10/bin/../lib/gcc/arm-none-eabi/10.3.1/thumb/v7e-m+fp/hard/crti.o
                0x0800a878                _init
 .init          0x0800a87c        0x8 c:/gnuarm~1/102021~1.10/bin/../lib/gcc/arm-none-eabi/10.3.1/thumb/v7e-m+fp/hard/crtn.o
 *(.fini)
 .fini          0x0800a884        0x4 c:/gnuarm~1/102021~1.10/bin/../lib/gcc/arm-none-eabi/10.3.1/thumb/v7e-m+fp/hard/crti.o
                0x0800a884                _fini
 .fini          0x0800a888        0x8 c:/gnuarm~1/102021~1.10/bin/../lib/gcc/arm-none-eabi/10.3.1/thumb/v7e-m+fp/hard/crtn.o
                0x0800a890                . = ALIGN (0x4)
                0x0800a890                _etext = .

.vfp11_veneer   0x0800a890        0x0
 .vfp11_veneer  0x0800a890        0x0 linker stubs

.v4_bx          0x0800a890        0x0
 .v4_bx         0x0800a890        0x0 linker stubs

.iplt           0x0800a890        0x0
 .iplt          0x0800a890        0x0 c:/gnuarm~1/102021~1.10/bin/../lib/gcc/arm-none-eabi/10.3.1/thumb/v7e-m+fp/hard/crtbegin.o

.rodata         0x0800a890      0x578
                0x0800a890                . = ALIGN (0x4)
 *(.rodata)
 .rodata        0x0800a890       0xb8 CMakeFiles/STM32F429IGT6_FreeRTOS_Clion.elf.dir/Core/Src/freertos.c.obj
 *(.rodata*)
 .rodata.str1.4
                0x0800a948       0x2e CMakeFiles/STM32F429IGT6_FreeRTOS_Clion.elf.dir/Core/Src/freertos.c.obj
 *fill*         0x0800a976        0x2 
 .rodata.StartDefaultTask.str1.4
                0x0800a978       0x49 CMakeFiles/STM32F429IGT6_FreeRTOS_Clion.elf.dir/Core/Src/freertos.c.obj
 *fill*         0x0800a9c1        0x3 
 .rodata.StartPrint1.str1.4
                0x0800a9c4        0x8 CMakeFiles/STM32F429IGT6_FreeRTOS_Clion.elf.dir/Core/Src/freertos.c.obj
 .rodata.StartPrint2.str1.4
                0x0800a9cc        0x8 CMakeFiles/STM32F429IGT6_FreeRTOS_Clion.elf.dir/Core/Src/freertos.c.obj
 .rodata.StartDHT11.str1.4
                0x0800a9d4       0x18 CMakeFiles/STM32F429IGT6_FreeRTOS_Clion.elf.dir/Core/Src/freertos.c.obj
 .rodata.AHBPrescTable
                0x0800a9ec       0x10 CMakeFiles/STM32F429IGT6_FreeRTOS_Clion.elf.dir/Core/Src/system_stm32f4xx.c.obj
                0x0800a9ec                AHBPrescTable
 .rodata.APBPrescTable
                0x0800a9fc        0x8 CMakeFiles/STM32F429IGT6_FreeRTOS_Clion.elf.dir/Core/Src/system_stm32f4xx.c.obj
                0x0800a9fc                APBPrescTable
 .rodata.vTaskStartScheduler.str1.4
                0x0800aa04        0x5 CMakeFiles/STM32F429IGT6_FreeRTOS_Clion.elf.dir/Middlewares/Third_Party/FreeRTOS/Source/tasks.c.obj
 *fill*         0x0800aa09        0x3 
 .rodata._global_impure_ptr
                0x0800aa0c        0x4 c:/gnuarm~1/102021~1.10/bin/../lib/gcc/arm-none-eabi/10.3.1/../../../../arm-none-eabi/lib/thumb/v7e-m+fp/hard\libg.a(lib_a-impure.o)
                0x0800aa0c                _global_impure_ptr
 .rodata._vfprintf_r.str1.4
                0x0800aa10       0x42 c:/gnuarm~1/102021~1.10/bin/../lib/gcc/arm-none-eabi/10.3.1/../../../../arm-none-eabi/lib/thumb/v7e-m+fp/hard\libg.a(lib_a-vfprintf.o)
 *fill*         0x0800aa52        0x2 
 .rodata.blanks.1
                0x0800aa54       0x10 c:/gnuarm~1/102021~1.10/bin/../lib/gcc/arm-none-eabi/10.3.1/../../../../arm-none-eabi/lib/thumb/v7e-m+fp/hard\libg.a(lib_a-vfprintf.o)
 .rodata.zeroes.0
                0x0800aa64       0x10 c:/gnuarm~1/102021~1.10/bin/../lib/gcc/arm-none-eabi/10.3.1/../../../../arm-none-eabi/lib/thumb/v7e-m+fp/hard\libg.a(lib_a-vfprintf.o)
 .rodata._dtoa_r.str1.4
                0x0800aa74       0xa2 c:/gnuarm~1/102021~1.10/bin/../lib/gcc/arm-none-eabi/10.3.1/../../../../arm-none-eabi/lib/thumb/v7e-m+fp/hard\libg.a(lib_a-dtoa.o)
                                 0xa6 (size before relaxing)
 *fill*         0x0800ab16        0x2 
 .rodata.__multadd.str1.4
                0x0800ab18       0x7f c:/gnuarm~1/102021~1.10/bin/../lib/gcc/arm-none-eabi/10.3.1/../../../../arm-none-eabi/lib/thumb/v7e-m+fp/hard\libg.a(lib_a-mprec.o)
                                 0x93 (size before relaxing)
 *fill*         0x0800ab97        0x1 
 .rodata.__mprec_bigtens
                0x0800ab98       0x28 c:/gnuarm~1/102021~1.10/bin/../lib/gcc/arm-none-eabi/10.3.1/../../../../arm-none-eabi/lib/thumb/v7e-m+fp/hard\libg.a(lib_a-mprec.o)
                0x0800ab98                __mprec_bigtens
 .rodata.__mprec_tens
                0x0800abc0       0xc8 c:/gnuarm~1/102021~1.10/bin/../lib/gcc/arm-none-eabi/10.3.1/../../../../arm-none-eabi/lib/thumb/v7e-m+fp/hard\libg.a(lib_a-mprec.o)
                0x0800abc0                __mprec_tens
 .rodata.p05.0  0x0800ac88        0xc c:/gnuarm~1/102021~1.10/bin/../lib/gcc/arm-none-eabi/10.3.1/../../../../arm-none-eabi/lib/thumb/v7e-m+fp/hard\libg.a(lib_a-mprec.o)
 .rodata._vfiprintf_r.str1.4
                0x0800ac94       0x2f c:/gnuarm~1/102021~1.10/bin/../lib/gcc/arm-none-eabi/10.3.1/../../../../arm-none-eabi/lib/thumb/v7e-m+fp/hard\libg.a(lib_a-vfiprintf.o)
 .rodata.blanks.1
                0x0800ac94       0x10 c:/gnuarm~1/102021~1.10/bin/../lib/gcc/arm-none-eabi/10.3.1/../../../../arm-none-eabi/lib/thumb/v7e-m+fp/hard\libg.a(lib_a-vfiprintf.o)
 .rodata.zeroes.0
                0x0800aca4       0x10 c:/gnuarm~1/102021~1.10/bin/../lib/gcc/arm-none-eabi/10.3.1/../../../../arm-none-eabi/lib/thumb/v7e-m+fp/hard\libg.a(lib_a-vfiprintf.o)
 .rodata.__assert_func.str1.4
                0x0800acb4       0x3f c:/gnuarm~1/102021~1.10/bin/../lib/gcc/arm-none-eabi/10.3.1/../../../../arm-none-eabi/lib/thumb/v7e-m+fp/hard\libg.a(lib_a-assert.o)
                                 0x43 (size before relaxing)
 *fill*         0x0800acf3        0x1 
 .rodata._setlocale_r.str1.4
                0x0800acf4        0xa c:/gnuarm~1/102021~1.10/bin/../lib/gcc/arm-none-eabi/10.3.1/../../../../arm-none-eabi/lib/thumb/v7e-m+fp/hard\libg.a(lib_a-locale.o)
                                  0xd (size before relaxing)
 *fill*         0x0800acfe        0x2 
 .rodata.str1.4
                0x0800ad00        0x2 c:/gnuarm~1/102021~1.10/bin/../lib/gcc/arm-none-eabi/10.3.1/../../../../arm-none-eabi/lib/thumb/v7e-m+fp/hard\libg.a(lib_a-locale.o)
 *fill*         0x0800ad02        0x2 
 .rodata._ctype_
                0x0800ad04      0x101 c:/gnuarm~1/102021~1.10/bin/../lib/gcc/arm-none-eabi/10.3.1/../../../../arm-none-eabi/lib/thumb/v7e-m+fp/hard\libg.a(lib_a-ctype_.o)
                0x0800ad04                _ctype_
                0x0800ae08                . = ALIGN (0x4)
 *fill*         0x0800ae05        0x3 

.ARM.extab      0x0800ae08        0x0
                0x0800ae08                . = ALIGN (0x4)
 *(.ARM.extab* .gnu.linkonce.armextab.*)
                0x0800ae08                . = ALIGN (0x4)

.ARM            0x0800ae08        0x8
                0x0800ae08                . = ALIGN (0x4)
                0x0800ae08                __exidx_start = .
 *(.ARM.exidx*)
 .ARM.exidx     0x0800ae08        0x8 c:/gnuarm~1/102021~1.10/bin/../lib/gcc/arm-none-eabi/10.3.1/thumb/v7e-m+fp/hard\libgcc.a(_udivmoddi4.o)
                0x0800ae10                __exidx_end = .
                0x0800ae10                . = ALIGN (0x4)

.rel.dyn        0x0800ae10        0x0
 .rel.iplt      0x0800ae10        0x0 c:/gnuarm~1/102021~1.10/bin/../lib/gcc/arm-none-eabi/10.3.1/thumb/v7e-m+fp/hard/crtbegin.o

.preinit_array  0x0800ae10        0x0
                0x0800ae10                . = ALIGN (0x4)
                0x0800ae10                PROVIDE (__preinit_array_start = .)
 *(.preinit_array*)
                0x0800ae10                PROVIDE (__preinit_array_end = .)
                0x0800ae10                . = ALIGN (0x4)

.init_array     0x0800ae10        0x8
                0x0800ae10                . = ALIGN (0x4)
                0x0800ae10                PROVIDE (__init_array_start = .)
 *(SORT_BY_NAME(.init_array.*))
 .init_array.00000
                0x0800ae10        0x4 c:/gnuarm~1/102021~1.10/bin/../lib/gcc/arm-none-eabi/10.3.1/../../../../arm-none-eabi/lib/thumb/v7e-m+fp/hard\libg.a(lib_a-__call_atexit.o)
 *(.init_array*)
 .init_array    0x0800ae14        0x4 c:/gnuarm~1/102021~1.10/bin/../lib/gcc/arm-none-eabi/10.3.1/thumb/v7e-m+fp/hard/crtbegin.o
                0x0800ae18                PROVIDE (__init_array_end = .)
                0x0800ae18                . = ALIGN (0x4)

.fini_array     0x0800ae18        0x4
                0x0800ae18                . = ALIGN (0x4)
                0x0800ae18                PROVIDE (__fini_array_start = .)
 *(SORT_BY_NAME(.fini_array.*))
 *(.fini_array*)
 .fini_array    0x0800ae18        0x4 c:/gnuarm~1/102021~1.10/bin/../lib/gcc/arm-none-eabi/10.3.1/thumb/v7e-m+fp/hard/crtbegin.o
                0x0800ae1c                PROVIDE (__fini_array_end = .)
                0x0800ae1c                . = ALIGN (0x4)
                0x0800ae1c                _sidata = LOADADDR (.data)

.data           0x20000000      0x9c0 load address 0x0800ae1c
                0x20000000                . = ALIGN (0x4)
                0x20000000                _sdata = .
 *(.data)
 *(.data*)
 .data.SystemCoreClock
                0x20000000        0x4 CMakeFiles/STM32F429IGT6_FreeRTOS_Clion.elf.dir/Core/Src/system_stm32f4xx.c.obj
                0x20000000                SystemCoreClock
 .data.uwTickFreq
                0x20000004        0x1 CMakeFiles/STM32F429IGT6_FreeRTOS_Clion.elf.dir/Drivers/STM32F4xx_HAL_Driver/Src/stm32f4xx_hal.c.obj
                0x20000004                uwTickFreq
 *fill*         0x20000005        0x3 
 .data.uwTickPrio
                0x20000008        0x4 CMakeFiles/STM32F429IGT6_FreeRTOS_Clion.elf.dir/Drivers/STM32F4xx_HAL_Driver/Src/stm32f4xx_hal.c.obj
                0x20000008                uwTickPrio
 .data.uxCriticalNesting
                0x2000000c        0x4 CMakeFiles/STM32F429IGT6_FreeRTOS_Clion.elf.dir/Middlewares/Third_Party/FreeRTOS/Source/portable/GCC/ARM_CM4F/port.c.obj
 .data._impure_ptr
                0x20000010        0x4 c:/gnuarm~1/102021~1.10/bin/../lib/gcc/arm-none-eabi/10.3.1/../../../../arm-none-eabi/lib/thumb/v7e-m+fp/hard\libg.a(lib_a-impure.o)
                0x20000010                _impure_ptr
 *fill*         0x20000014        0x4 
 .data.impure_data
                0x20000018      0x428 c:/gnuarm~1/102021~1.10/bin/../lib/gcc/arm-none-eabi/10.3.1/../../../../arm-none-eabi/lib/thumb/v7e-m+fp/hard\libg.a(lib_a-impure.o)
 .data.__atexit_recursive_mutex
                0x20000440        0x4 c:/gnuarm~1/102021~1.10/bin/../lib/gcc/arm-none-eabi/10.3.1/../../../../arm-none-eabi/lib/thumb/v7e-m+fp/hard\libg.a(lib_a-__call_atexit.o)
                0x20000440                __atexit_recursive_mutex
 .data.__malloc_av_
                0x20000444      0x408 c:/gnuarm~1/102021~1.10/bin/../lib/gcc/arm-none-eabi/10.3.1/../../../../arm-none-eabi/lib/thumb/v7e-m+fp/hard\libg.a(lib_a-mallocr.o)
                0x20000444                __malloc_av_
 .data.__malloc_sbrk_base
                0x2000084c        0x4 c:/gnuarm~1/102021~1.10/bin/../lib/gcc/arm-none-eabi/10.3.1/../../../../arm-none-eabi/lib/thumb/v7e-m+fp/hard\libg.a(lib_a-mallocr.o)
                0x2000084c                __malloc_sbrk_base
 .data.__malloc_trim_threshold
                0x20000850        0x4 c:/gnuarm~1/102021~1.10/bin/../lib/gcc/arm-none-eabi/10.3.1/../../../../arm-none-eabi/lib/thumb/v7e-m+fp/hard\libg.a(lib_a-mallocr.o)
                0x20000850                __malloc_trim_threshold
 .data.__global_locale
                0x20000854      0x16c c:/gnuarm~1/102021~1.10/bin/../lib/gcc/arm-none-eabi/10.3.1/../../../../arm-none-eabi/lib/thumb/v7e-m+fp/hard\libg.a(lib_a-locale.o)
                0x20000854                __global_locale
 *(.RamFunc)
 *(.RamFunc*)
                0x200009c0                . = ALIGN (0x4)
                0x200009c0                _edata = .
                0x0800b7dc                _siccmram = LOADADDR (.ccmram)

.igot.plt       0x200009c0        0x0 load address 0x0800b7dc
 .igot.plt      0x200009c0        0x0 c:/gnuarm~1/102021~1.10/bin/../lib/gcc/arm-none-eabi/10.3.1/thumb/v7e-m+fp/hard/crtbegin.o

.ccmram         0x10000000        0x0 load address 0x0800b7dc
                0x10000000                . = ALIGN (0x4)
                0x10000000                _sccmram = .
 *(.ccmram)
 *(.ccmram*)
                0x10000000                . = ALIGN (0x4)
                0x10000000                _eccmram = .
                0x10000000                . = ALIGN (0x4)

.bss            0x200009c0     0x42b4
                0x200009c0                _sbss = .
                0x200009c0                __bss_start__ = _sbss
 *(.bss)
 .bss           0x200009c0       0x1c c:/gnuarm~1/102021~1.10/bin/../lib/gcc/arm-none-eabi/10.3.1/thumb/v7e-m+fp/hard/crtbegin.o
 *(.bss*)
 .bss.DHT11Handle
                0x200009dc        0x4 CMakeFiles/STM32F429IGT6_FreeRTOS_Clion.elf.dir/Core/Src/freertos.c.obj
                0x200009dc                DHT11Handle
 .bss.KEYHandle
                0x200009e0        0x4 CMakeFiles/STM32F429IGT6_FreeRTOS_Clion.elf.dir/Core/Src/freertos.c.obj
                0x200009e0                KEYHandle
 .bss.LEDHandle
                0x200009e4        0x4 CMakeFiles/STM32F429IGT6_FreeRTOS_Clion.elf.dir/Core/Src/freertos.c.obj
                0x200009e4                LEDHandle
 .bss.Print1Handle
                0x200009e8        0x4 CMakeFiles/STM32F429IGT6_FreeRTOS_Clion.elf.dir/Core/Src/freertos.c.obj
                0x200009e8                Print1Handle
 .bss.QueuePrintHandle
                0x200009ec        0x4 CMakeFiles/STM32F429IGT6_FreeRTOS_Clion.elf.dir/Core/Src/freertos.c.obj
                0x200009ec                QueuePrintHandle
 .bss.USART1_MutexControlBlock
                0x200009f0       0x48 CMakeFiles/STM32F429IGT6_FreeRTOS_Clion.elf.dir/Core/Src/freertos.c.obj
                0x200009f0                USART1_MutexControlBlock
 .bss.USART1_MutexHandle
                0x20000a38        0x4 CMakeFiles/STM32F429IGT6_FreeRTOS_Clion.elf.dir/Core/Src/freertos.c.obj
                0x20000a38                USART1_MutexHandle
 .bss.defaultTaskBuffer
                0x20000a3c      0x200 CMakeFiles/STM32F429IGT6_FreeRTOS_Clion.elf.dir/Core/Src/freertos.c.obj
                0x20000a3c                defaultTaskBuffer
 .bss.defaultTaskControlBlock
                0x20000c3c       0x54 CMakeFiles/STM32F429IGT6_FreeRTOS_Clion.elf.dir/Core/Src/freertos.c.obj
                0x20000c3c                defaultTaskControlBlock
 .bss.defaultTaskHandle
                0x20000c90        0x4 CMakeFiles/STM32F429IGT6_FreeRTOS_Clion.elf.dir/Core/Src/freertos.c.obj
                0x20000c90                defaultTaskHandle
 .bss.myPrint2Handle
                0x20000c94        0x4 CMakeFiles/STM32F429IGT6_FreeRTOS_Clion.elf.dir/Core/Src/freertos.c.obj
                0x20000c94                myPrint2Handle
 .bss.xIdleStack
                0x20000c98      0x100 CMakeFiles/STM32F429IGT6_FreeRTOS_Clion.elf.dir/Core/Src/freertos.c.obj
 .bss.xIdleTaskTCBBuffer
                0x20000d98       0x54 CMakeFiles/STM32F429IGT6_FreeRTOS_Clion.elf.dir/Core/Src/freertos.c.obj
 .bss.hi2c1     0x20000dec       0x54 CMakeFiles/STM32F429IGT6_FreeRTOS_Clion.elf.dir/Core/Src/i2c.c.obj
                0x20000dec                hi2c1
 .bss.htim1     0x20000e40       0x48 CMakeFiles/STM32F429IGT6_FreeRTOS_Clion.elf.dir/Core/Src/stm32f4xx_hal_timebase_tim.c.obj
                0x20000e40                htim1
 .bss.__sbrk_heap_end
                0x20000e88        0x4 CMakeFiles/STM32F429IGT6_FreeRTOS_Clion.elf.dir/Core/Src/sysmem.c.obj
 .bss.huart1    0x20000e8c       0x44 CMakeFiles/STM32F429IGT6_FreeRTOS_Clion.elf.dir/Core/Src/usart.c.obj
                0x20000e8c                huart1
 .bss.uwTick    0x20000ed0        0x4 CMakeFiles/STM32F429IGT6_FreeRTOS_Clion.elf.dir/Drivers/STM32F4xx_HAL_Driver/Src/stm32f4xx_hal.c.obj
                0x20000ed0                uwTick
 .bss.ucMaxSysCallPriority
                0x20000ed4        0x1 CMakeFiles/STM32F429IGT6_FreeRTOS_Clion.elf.dir/Middlewares/Third_Party/FreeRTOS/Source/portable/GCC/ARM_CM4F/port.c.obj
 *fill*         0x20000ed5        0x3 
 .bss.ulMaxPRIGROUPValue
                0x20000ed8        0x4 CMakeFiles/STM32F429IGT6_FreeRTOS_Clion.elf.dir/Middlewares/Third_Party/FreeRTOS/Source/portable/GCC/ARM_CM4F/port.c.obj
 .bss.pxEnd     0x20000edc        0x4 CMakeFiles/STM32F429IGT6_FreeRTOS_Clion.elf.dir/Middlewares/Third_Party/FreeRTOS/Source/portable/MemMang/heap_4.c.obj
 .bss.ucHeap    0x20000ee0     0x3c00 CMakeFiles/STM32F429IGT6_FreeRTOS_Clion.elf.dir/Middlewares/Third_Party/FreeRTOS/Source/portable/MemMang/heap_4.c.obj
 .bss.xBlockAllocatedBit
                0x20004ae0        0x4 CMakeFiles/STM32F429IGT6_FreeRTOS_Clion.elf.dir/Middlewares/Third_Party/FreeRTOS/Source/portable/MemMang/heap_4.c.obj
 .bss.xFreeBytesRemaining
                0x20004ae4        0x4 CMakeFiles/STM32F429IGT6_FreeRTOS_Clion.elf.dir/Middlewares/Third_Party/FreeRTOS/Source/portable/MemMang/heap_4.c.obj
 .bss.xMinimumEverFreeBytesRemaining
                0x20004ae8        0x4 CMakeFiles/STM32F429IGT6_FreeRTOS_Clion.elf.dir/Middlewares/Third_Party/FreeRTOS/Source/portable/MemMang/heap_4.c.obj
 .bss.xNumberOfSuccessfulAllocations
                0x20004aec        0x4 CMakeFiles/STM32F429IGT6_FreeRTOS_Clion.elf.dir/Middlewares/Third_Party/FreeRTOS/Source/portable/MemMang/heap_4.c.obj
 .bss.xNumberOfSuccessfulFrees
                0x20004af0        0x4 CMakeFiles/STM32F429IGT6_FreeRTOS_Clion.elf.dir/Middlewares/Third_Party/FreeRTOS/Source/portable/MemMang/heap_4.c.obj
 .bss.xStart    0x20004af4        0x8 CMakeFiles/STM32F429IGT6_FreeRTOS_Clion.elf.dir/Middlewares/Third_Party/FreeRTOS/Source/portable/MemMang/heap_4.c.obj
 .bss.pxCurrentTCB
                0x20004afc        0x4 CMakeFiles/STM32F429IGT6_FreeRTOS_Clion.elf.dir/Middlewares/Third_Party/FreeRTOS/Source/tasks.c.obj
                0x20004afc                pxCurrentTCB
 .bss.pxDelayedTaskList
                0x20004b00        0x4 CMakeFiles/STM32F429IGT6_FreeRTOS_Clion.elf.dir/Middlewares/Third_Party/FreeRTOS/Source/tasks.c.obj
 .bss.pxOverflowDelayedTaskList
                0x20004b04        0x4 CMakeFiles/STM32F429IGT6_FreeRTOS_Clion.elf.dir/Middlewares/Third_Party/FreeRTOS/Source/tasks.c.obj
 .bss.pxReadyTasksLists
                0x20004b08       0x8c CMakeFiles/STM32F429IGT6_FreeRTOS_Clion.elf.dir/Middlewares/Third_Party/FreeRTOS/Source/tasks.c.obj
 .bss.uxCurrentNumberOfTasks
                0x20004b94        0x4 CMakeFiles/STM32F429IGT6_FreeRTOS_Clion.elf.dir/Middlewares/Third_Party/FreeRTOS/Source/tasks.c.obj
 .bss.uxDeletedTasksWaitingCleanUp
                0x20004b98        0x4 CMakeFiles/STM32F429IGT6_FreeRTOS_Clion.elf.dir/Middlewares/Third_Party/FreeRTOS/Source/tasks.c.obj
 .bss.uxSchedulerSuspended
                0x20004b9c        0x4 CMakeFiles/STM32F429IGT6_FreeRTOS_Clion.elf.dir/Middlewares/Third_Party/FreeRTOS/Source/tasks.c.obj
 .bss.uxTaskNumber
                0x20004ba0        0x4 CMakeFiles/STM32F429IGT6_FreeRTOS_Clion.elf.dir/Middlewares/Third_Party/FreeRTOS/Source/tasks.c.obj
 .bss.uxTopReadyPriority
                0x20004ba4        0x4 CMakeFiles/STM32F429IGT6_FreeRTOS_Clion.elf.dir/Middlewares/Third_Party/FreeRTOS/Source/tasks.c.obj
 .bss.xDelayedTaskList1
                0x20004ba8       0x14 CMakeFiles/STM32F429IGT6_FreeRTOS_Clion.elf.dir/Middlewares/Third_Party/FreeRTOS/Source/tasks.c.obj
 .bss.xDelayedTaskList2
                0x20004bbc       0x14 CMakeFiles/STM32F429IGT6_FreeRTOS_Clion.elf.dir/Middlewares/Third_Party/FreeRTOS/Source/tasks.c.obj
 .bss.xIdleTaskHandle
                0x20004bd0        0x4 CMakeFiles/STM32F429IGT6_FreeRTOS_Clion.elf.dir/Middlewares/Third_Party/FreeRTOS/Source/tasks.c.obj
 .bss.xNextTaskUnblockTime
                0x20004bd4        0x4 CMakeFiles/STM32F429IGT6_FreeRTOS_Clion.elf.dir/Middlewares/Third_Party/FreeRTOS/Source/tasks.c.obj
 .bss.xNumOfOverflows
                0x20004bd8        0x4 CMakeFiles/STM32F429IGT6_FreeRTOS_Clion.elf.dir/Middlewares/Third_Party/FreeRTOS/Source/tasks.c.obj
 .bss.xPendedTicks
                0x20004bdc        0x4 CMakeFiles/STM32F429IGT6_FreeRTOS_Clion.elf.dir/Middlewares/Third_Party/FreeRTOS/Source/tasks.c.obj
 .bss.xPendingReadyList
                0x20004be0       0x14 CMakeFiles/STM32F429IGT6_FreeRTOS_Clion.elf.dir/Middlewares/Third_Party/FreeRTOS/Source/tasks.c.obj
 .bss.xSchedulerRunning
                0x20004bf4        0x4 CMakeFiles/STM32F429IGT6_FreeRTOS_Clion.elf.dir/Middlewares/Third_Party/FreeRTOS/Source/tasks.c.obj
 .bss.xSuspendedTaskList
                0x20004bf8       0x14 CMakeFiles/STM32F429IGT6_FreeRTOS_Clion.elf.dir/Middlewares/Third_Party/FreeRTOS/Source/tasks.c.obj
 .bss.xTasksWaitingTermination
                0x20004c0c       0x14 CMakeFiles/STM32F429IGT6_FreeRTOS_Clion.elf.dir/Middlewares/Third_Party/FreeRTOS/Source/tasks.c.obj
 .bss.xTickCount
                0x20004c20        0x4 CMakeFiles/STM32F429IGT6_FreeRTOS_Clion.elf.dir/Middlewares/Third_Party/FreeRTOS/Source/tasks.c.obj
 .bss.xYieldPending
                0x20004c24        0x4 CMakeFiles/STM32F429IGT6_FreeRTOS_Clion.elf.dir/Middlewares/Third_Party/FreeRTOS/Source/tasks.c.obj
 .bss.gHuart    0x20004c28        0x4 CMakeFiles/STM32F429IGT6_FreeRTOS_Clion.elf.dir/User/USART/retarget.c.obj
                0x20004c28                gHuart
 .bss.__lock___atexit_recursive_mutex
                0x20004c2c        0x1 c:/gnuarm~1/102021~1.10/bin/../lib/gcc/arm-none-eabi/10.3.1/../../../../arm-none-eabi/lib/thumb/v7e-m+fp/hard\libg.a(lib_a-lock.o)
                0x20004c2c                __lock___atexit_recursive_mutex
 *fill*         0x20004c2d        0x3 
 .bss.__lock___malloc_recursive_mutex
                0x20004c30        0x1 c:/gnuarm~1/102021~1.10/bin/../lib/gcc/arm-none-eabi/10.3.1/../../../../arm-none-eabi/lib/thumb/v7e-m+fp/hard\libg.a(lib_a-lock.o)
                0x20004c30                __lock___malloc_recursive_mutex
 *fill*         0x20004c31        0x3 
 .bss.__lock___sfp_recursive_mutex
                0x20004c34        0x1 c:/gnuarm~1/102021~1.10/bin/../lib/gcc/arm-none-eabi/10.3.1/../../../../arm-none-eabi/lib/thumb/v7e-m+fp/hard\libg.a(lib_a-lock.o)
                0x20004c34                __lock___sfp_recursive_mutex
 *fill*         0x20004c35        0x3 
 .bss.__lock___sinit_recursive_mutex
                0x20004c38        0x1 c:/gnuarm~1/102021~1.10/bin/../lib/gcc/arm-none-eabi/10.3.1/../../../../arm-none-eabi/lib/thumb/v7e-m+fp/hard\libg.a(lib_a-lock.o)
                0x20004c38                __lock___sinit_recursive_mutex
 *fill*         0x20004c39        0x3 
 .bss.__malloc_current_mallinfo
                0x20004c3c       0x28 c:/gnuarm~1/102021~1.10/bin/../lib/gcc/arm-none-eabi/10.3.1/../../../../arm-none-eabi/lib/thumb/v7e-m+fp/hard\libg.a(lib_a-mallocr.o)
                0x20004c3c                __malloc_current_mallinfo
 .bss.__malloc_max_sbrked_mem
                0x20004c64        0x4 c:/gnuarm~1/102021~1.10/bin/../lib/gcc/arm-none-eabi/10.3.1/../../../../arm-none-eabi/lib/thumb/v7e-m+fp/hard\libg.a(lib_a-mallocr.o)
                0x20004c64                __malloc_max_sbrked_mem
 .bss.__malloc_max_total_mem
                0x20004c68        0x4 c:/gnuarm~1/102021~1.10/bin/../lib/gcc/arm-none-eabi/10.3.1/../../../../arm-none-eabi/lib/thumb/v7e-m+fp/hard\libg.a(lib_a-mallocr.o)
                0x20004c68                __malloc_max_total_mem
 .bss.__malloc_top_pad
                0x20004c6c        0x4 c:/gnuarm~1/102021~1.10/bin/../lib/gcc/arm-none-eabi/10.3.1/../../../../arm-none-eabi/lib/thumb/v7e-m+fp/hard\libg.a(lib_a-mallocr.o)
                0x20004c6c                __malloc_top_pad
 .bss.errno     0x20004c70        0x4 c:/gnuarm~1/102021~1.10/bin/../lib/gcc/arm-none-eabi/10.3.1/../../../../arm-none-eabi/lib/thumb/v7e-m+fp/hard\libg.a(lib_a-reent.o)
                0x20004c70                errno
 *(COMMON)
                0x20004c74                . = ALIGN (0x4)
                0x20004c74                _ebss = .
                0x20004c74                __bss_end__ = _ebss

._user_heap_stack
                0x20004c74      0x604
                0x20004c78                . = ALIGN (0x8)
 *fill*         0x20004c74        0x4 
                [!provide]                PROVIDE (end = .)
                0x20004c78                PROVIDE (_end = .)
                0x20004e78                . = (. + _Min_Heap_Size)
 *fill*         0x20004c78      0x200 
                0x20005278                . = (. + _Min_Stack_Size)
 *fill*         0x20004e78      0x400 
                0x20005278                . = ALIGN (0x8)

/DISCARD/
 libc.a(*)
 libm.a(*)
 libgcc.a(*)

.ARM.attributes
                0x00000000       0x30
 *(.ARM.attributes)
 .ARM.attributes
                0x00000000       0x1e c:/gnuarm~1/102021~1.10/bin/../lib/gcc/arm-none-eabi/10.3.1/thumb/v7e-m+fp/hard/crti.o
 .ARM.attributes
                0x0000001e       0x34 c:/gnuarm~1/102021~1.10/bin/../lib/gcc/arm-none-eabi/10.3.1/thumb/v7e-m+fp/hard/crtbegin.o
 .ARM.attributes
                0x00000052       0x34 CMakeFiles/STM32F429IGT6_FreeRTOS_Clion.elf.dir/Core/Src/freertos.c.obj
 .ARM.attributes
                0x00000086       0x34 CMakeFiles/STM32F429IGT6_FreeRTOS_Clion.elf.dir/Core/Src/gpio.c.obj
 .ARM.attributes
                0x000000ba       0x34 CMakeFiles/STM32F429IGT6_FreeRTOS_Clion.elf.dir/Core/Src/i2c.c.obj
 .ARM.attributes
                0x000000ee       0x34 CMakeFiles/STM32F429IGT6_FreeRTOS_Clion.elf.dir/Core/Src/main.c.obj
 .ARM.attributes
                0x00000122       0x34 CMakeFiles/STM32F429IGT6_FreeRTOS_Clion.elf.dir/Core/Src/stm32f4xx_hal_msp.c.obj
 .ARM.attributes
                0x00000156       0x34 CMakeFiles/STM32F429IGT6_FreeRTOS_Clion.elf.dir/Core/Src/stm32f4xx_hal_timebase_tim.c.obj
 .ARM.attributes
                0x0000018a       0x34 CMakeFiles/STM32F429IGT6_FreeRTOS_Clion.elf.dir/Core/Src/stm32f4xx_it.c.obj
 .ARM.attributes
                0x000001be       0x34 CMakeFiles/STM32F429IGT6_FreeRTOS_Clion.elf.dir/Core/Src/syscalls.c.obj
 .ARM.attributes
                0x000001f2       0x34 CMakeFiles/STM32F429IGT6_FreeRTOS_Clion.elf.dir/Core/Src/sysmem.c.obj
 .ARM.attributes
                0x00000226       0x34 CMakeFiles/STM32F429IGT6_FreeRTOS_Clion.elf.dir/Core/Src/system_stm32f4xx.c.obj
 .ARM.attributes
                0x0000025a       0x34 CMakeFiles/STM32F429IGT6_FreeRTOS_Clion.elf.dir/Core/Src/usart.c.obj
 .ARM.attributes
                0x0000028e       0x21 CMakeFiles/STM32F429IGT6_FreeRTOS_Clion.elf.dir/Core/Startup/startup_stm32f429igtx.s.obj
 .ARM.attributes
                0x000002af       0x34 CMakeFiles/STM32F429IGT6_FreeRTOS_Clion.elf.dir/Drivers/STM32F4xx_HAL_Driver/Src/stm32f4xx_hal.c.obj
 .ARM.attributes
                0x000002e3       0x34 CMakeFiles/STM32F429IGT6_FreeRTOS_Clion.elf.dir/Drivers/STM32F4xx_HAL_Driver/Src/stm32f4xx_hal_cortex.c.obj
 .ARM.attributes
                0x00000317       0x34 CMakeFiles/STM32F429IGT6_FreeRTOS_Clion.elf.dir/Drivers/STM32F4xx_HAL_Driver/Src/stm32f4xx_hal_gpio.c.obj
 .ARM.attributes
                0x0000034b       0x34 CMakeFiles/STM32F429IGT6_FreeRTOS_Clion.elf.dir/Drivers/STM32F4xx_HAL_Driver/Src/stm32f4xx_hal_i2c.c.obj
 .ARM.attributes
                0x0000037f       0x34 CMakeFiles/STM32F429IGT6_FreeRTOS_Clion.elf.dir/Drivers/STM32F4xx_HAL_Driver/Src/stm32f4xx_hal_i2c_ex.c.obj
 .ARM.attributes
                0x000003b3       0x34 CMakeFiles/STM32F429IGT6_FreeRTOS_Clion.elf.dir/Drivers/STM32F4xx_HAL_Driver/Src/stm32f4xx_hal_pwr_ex.c.obj
 .ARM.attributes
                0x000003e7       0x34 CMakeFiles/STM32F429IGT6_FreeRTOS_Clion.elf.dir/Drivers/STM32F4xx_HAL_Driver/Src/stm32f4xx_hal_rcc.c.obj
 .ARM.attributes
                0x0000041b       0x34 CMakeFiles/STM32F429IGT6_FreeRTOS_Clion.elf.dir/Drivers/STM32F4xx_HAL_Driver/Src/stm32f4xx_hal_tim.c.obj
 .ARM.attributes
                0x0000044f       0x34 CMakeFiles/STM32F429IGT6_FreeRTOS_Clion.elf.dir/Drivers/STM32F4xx_HAL_Driver/Src/stm32f4xx_hal_tim_ex.c.obj
 .ARM.attributes
                0x00000483       0x34 CMakeFiles/STM32F429IGT6_FreeRTOS_Clion.elf.dir/Drivers/STM32F4xx_HAL_Driver/Src/stm32f4xx_hal_uart.c.obj
 .ARM.attributes