Archive member included to satisfy reference by file (symbol)

c:/gnuarm~1/102021~1.10/bin/../lib/gcc/arm-none-eabi/10.3.1/thumb/v7e-m+fp/hard\libgcc.a(_aeabi_uldivmod.o)
                              CMakeFiles/STM32F429IGT6_FreeRTOS_Clion.elf.dir/Drivers/STM32F4xx_HAL_Driver/Src/stm32f4xx_hal_rcc.c.obj (__aeabi_uldivmod)
c:/gnuarm~1/102021~1.10/bin/../lib/gcc/arm-none-eabi/10.3.1/thumb/v7e-m+fp/hard\libgcc.a(_udivmoddi4.o)
                              c:/gnuarm~1/102021~1.10/bin/../lib/gcc/arm-none-eabi/10.3.1/thumb/v7e-m+fp/hard\libgcc.a(_aeabi_uldivmod.o) (__udivmoddi4)
c:/gnuarm~1/102021~1.10/bin/../lib/gcc/arm-none-eabi/10.3.1/thumb/v7e-m+fp/hard\libgcc.a(_dvmd_tls.o)
                              c:/gnuarm~1/102021~1.10/bin/../lib/gcc/arm-none-eabi/10.3.1/thumb/v7e-m+fp/hard\libgcc.a(_aeabi_uldivmod.o) (__aeabi_ldiv0)
c:/gnuarm~1/102021~1.10/bin/../lib/gcc/arm-none-eabi/10.3.1/../../../../arm-none-eabi/lib/thumb/v7e-m+fp/hard\libg.a(lib_a-errno.o)
                              CMakeFiles/STM32F429IGT6_FreeRTOS_Clion.elf.dir/Core/Src/syscalls.c.obj (__errno)
c:/gnuarm~1/102021~1.10/bin/../lib/gcc/arm-none-eabi/10.3.1/../../../../arm-none-eabi/lib/thumb/v7e-m+fp/hard\libg.a(lib_a-exit.o)
                              c:/gnuarm~1/102021~1.10/bin/../lib/gcc/arm-none-eabi/10.3.1/../../../../arm-none-eabi/lib/thumb/v7e-m+fp/hard/crt0.o (exit)
c:/gnuarm~1/102021~1.10/bin/../lib/gcc/arm-none-eabi/10.3.1/../../../../arm-none-eabi/lib/thumb/v7e-m+fp/hard\libg.a(lib_a-impure.o)
                              c:/gnuarm~1/102021~1.10/bin/../lib/gcc/arm-none-eabi/10.3.1/../../../../arm-none-eabi/lib/thumb/v7e-m+fp/hard\libg.a(lib_a-exit.o) (_global_impure_ptr)
c:/gnuarm~1/102021~1.10/bin/../lib/gcc/arm-none-eabi/10.3.1/../../../../arm-none-eabi/lib/thumb/v7e-m+fp/hard\libg.a(lib_a-init.o)
                              c:/gnuarm~1/102021~1.10/bin/../lib/gcc/arm-none-eabi/10.3.1/../../../../arm-none-eabi/lib/thumb/v7e-m+fp/hard/crt0.o (__libc_init_array)
c:/gnuarm~1/102021~1.10/bin/../lib/gcc/arm-none-eabi/10.3.1/../../../../arm-none-eabi/lib/thumb/v7e-m+fp/hard\libg.a(lib_a-memcpy.o)
                              CMakeFiles/STM32F429IGT6_FreeRTOS_Clion.elf.dir/Middlewares/Third_Party/FreeRTOS/Source/queue.c.obj (memcpy)
c:/gnuarm~1/102021~1.10/bin/../lib/gcc/arm-none-eabi/10.3.1/../../../../arm-none-eabi/lib/thumb/v7e-m+fp/hard\libg.a(lib_a-memset.o)
                              c:/gnuarm~1/102021~1.10/bin/../lib/gcc/arm-none-eabi/10.3.1/../../../../arm-none-eabi/lib/thumb/v7e-m+fp/hard/crt0.o (memset)
c:/gnuarm~1/102021~1.10/bin/../lib/gcc/arm-none-eabi/10.3.1/../../../../arm-none-eabi/lib/thumb/v7e-m+fp/hard\libg.a(lib_a-printf.o)
                              CMakeFiles/STM32F429IGT6_FreeRTOS_Clion.elf.dir/Core/Src/freertos.c.obj (printf)
c:/gnuarm~1/102021~1.10/bin/../lib/gcc/arm-none-eabi/10.3.1/../../../../arm-none-eabi/lib/thumb/v7e-m+fp/hard\libg.a(lib_a-setvbuf.o)
                              CMakeFiles/STM32F429IGT6_FreeRTOS_Clion.elf.dir/User/USART/retarget.c.obj (setvbuf)
c:/gnuarm~1/102021~1.10/bin/../lib/gcc/arm-none-eabi/10.3.1/../../../../arm-none-eabi/lib/thumb/v7e-m+fp/hard\libg.a(lib_a-vfprintf.o)
                              c:/gnuarm~1/102021~1.10/bin/../lib/gcc/arm-none-eabi/10.3.1/../../../../arm-none-eabi/lib/thumb/v7e-m+fp/hard\libg.a(lib_a-printf.o) (_vfprintf_r)
c:/gnuarm~1/102021~1.10/bin/../lib/gcc/arm-none-eabi/10.3.1/../../../../arm-none-eabi/lib/thumb/v7e-m+fp/hard\libg.a(lib_a-wsetup.o)
                              c:/gnuarm~1/102021~1.10/bin/../lib/gcc/arm-none-eabi/10.3.1/../../../../arm-none-eabi/lib/thumb/v7e-m+fp/hard\libg.a(lib_a-vfprintf.o) (__swsetup_r)
c:/gnuarm~1/102021~1.10/bin/../lib/gcc/arm-none-eabi/10.3.1/../../../../arm-none-eabi/lib/thumb/v7e-m+fp/hard\libg.a(lib_a-__call_atexit.o)
                              c:/gnuarm~1/102021~1.10/bin/../lib/gcc/arm-none-eabi/10.3.1/../../../../arm-none-eabi/lib/thumb/v7e-m+fp/hard\libg.a(lib_a-exit.o) (__call_exitprocs)
c:/gnuarm~1/102021~1.10/bin/../lib/gcc/arm-none-eabi/10.3.1/../../../../arm-none-eabi/lib/thumb/v7e-m+fp/hard\libg.a(lib_a-atexit.o)
                              c:/gnuarm~1/102021~1.10/bin/../lib/gcc/arm-none-eabi/10.3.1/../../../../arm-none-eabi/lib/thumb/v7e-m+fp/hard\libg.a(lib_a-__call_atexit.o) (atexit)
c:/gnuarm~1/102021~1.10/bin/../lib/gcc/arm-none-eabi/10.3.1/../../../../arm-none-eabi/lib/thumb/v7e-m+fp/hard\libg.a(lib_a-dtoa.o)
                              c:/gnuarm~1/102021~1.10/bin/../lib/gcc/arm-none-eabi/10.3.1/../../../../arm-none-eabi/lib/thumb/v7e-m+fp/hard\libg.a(lib_a-vfprintf.o) (_dtoa_r)
c:/gnuarm~1/102021~1.10/bin/../lib/gcc/arm-none-eabi/10.3.1/../../../../arm-none-eabi/lib/thumb/v7e-m+fp/hard\libg.a(lib_a-fflush.o)
                              c:/gnuarm~1/102021~1.10/bin/../lib/gcc/arm-none-eabi/10.3.1/../../../../arm-none-eabi/lib/thumb/v7e-m+fp/hard\libg.a(lib_a-setvbuf.o) (_fflush_r)
[...]
Memory Configuration

Name             Origin             Length             Attributes
CCMRAM           0x10000000         0x00010000         xrw
RAM              0x20000000         0x00030000         xrw
FLASH            0x08000000         0x00100000         xr
*default*        0x00000000         0xffffffff

Linker script and memory map

LOAD c:/gnuarm~1/102021~1.10/bin/../lib/gcc/arm-none-eabi/10.3.1/thumb/v7e-m+fp/hard/crti.o
LOAD c:/gnuarm~1/102021~1.10/bin/../lib/gcc/arm-none-eabi/10.3.1/thumb/v7e-m+fp/hard/crtbegin.o
LOAD c:/gnuarm~1/102021~1.10/bin/../lib/gcc/arm-none-eabi/10.3.1/../../../../arm-none-eabi/lib/thumb/v7e-m+fp/hard/crt0.o
LOAD CMakeFiles/STM32F429IGT6_FreeRTOS_Clion.elf.dir/Core/Src/freertos.c.obj
LOAD CMakeFiles/STM32F429IGT6_FreeRTOS_Clion.elf.dir/Core/Src/gpio.c.obj
LOAD CMakeFiles/STM32F429IGT6_FreeRTOS_Clion.elf.dir/Core/Src/i2c.c.obj
LOAD CMakeFiles/STM32F429IGT6_FreeRTOS_Clion.elf.dir/Core/Src/main.c.obj
LOAD CMakeFiles/STM32F429IGT6_FreeRTOS_Clion.elf.dir/Core/Src/spi.c.obj
LOAD CMakeFiles/STM32F429IGT6_FreeRTOS_Clion.elf.dir/Core/Src/stm32f4xx_hal_msp.c.obj
LOAD CMakeFiles/STM32F429IGT6_FreeRTOS_Clion.elf.dir/Core/Src/stm32f4xx_hal_timebase_tim.c.obj
LOAD CMakeFiles/STM32F429IGT6_FreeRTOS_Clion.elf.dir/Core/Src/stm32f4xx_it.c.obj
LOAD CMakeFiles/STM32F429IGT6_FreeRTOS_Clion.elf.dir/Core/Src/syscalls.c.obj
LOAD CMakeFiles/STM32F429IGT6_FreeRTOS_Clion.elf.dir/Core/Src/sysmem.c.obj
LOAD CMakeFiles/STM32F429IGT6_FreeRTOS_Clion.elf.dir/Core/Src/system_stm32f4xx.c.obj
LOAD CMakeFiles/STM32F429IGT6_FreeRTOS_Clion.elf.dir/Core/Src/usart.c.obj
LOAD CMakeFiles/STM32F429IGT6_FreeRTOS_Clion.elf.dir/Core/Startup/startup_stm32f429igtx.s.obj
LOAD CMakeFiles/STM32F429IGT6_FreeRTOS_Clion.elf.dir/Drivers/STM32F4xx_HAL_Driver/Src/stm32f4xx_hal.c.obj
LOAD CMakeFiles/STM32F429IGT6_FreeRTOS_Clion.elf.dir/Drivers/STM32F4xx_HAL_Driver/Src/stm32f4xx_hal_cortex.c.obj
LOAD CMakeFiles/STM32F429IGT6_FreeRTOS_Clion.elf.dir/Drivers/STM32F4xx_HAL_Driver/Src/stm32f4xx_hal_dma.c.obj
LOAD CMakeFiles/STM32F429IGT6_FreeRTOS_Clion.elf.dir/Drivers/STM32F4xx_HAL_Driver/Src/stm32f4xx_hal_dma_ex.c.obj
LOAD CMakeFiles/STM32F429IGT6_FreeRTOS_Clion.elf.dir/Drivers/STM32F4xx_HAL_Driver/Src/stm32f4xx_hal_exti.c.obj
LOAD CMakeFiles/STM32F429IGT6_FreeRTOS_Clion.elf.dir/Drivers/STM32F4xx_HAL_Driver/Src/stm32f4xx_hal_flash.c.obj
LOAD CMakeFiles/STM32F429IGT6_FreeRTOS_Clion.elf.dir/Drivers/STM32F4xx_HAL_Driver/Src/stm32f4xx_hal_flash_ex.c.obj
LOAD CMakeFiles/STM32F429IGT6_FreeRTOS_Clion.elf.dir/Drivers/STM32F4xx_HAL_Driver/Src/stm32f4xx_hal_flash_ramfunc.c.obj
LOAD CMakeFiles/STM32F429IGT6_FreeRTOS_Clion.elf.dir/Drivers/STM32F4xx_HAL_Driver/Src/stm32f4xx_hal_gpio.c.obj
LOAD CMakeFiles/STM32F429IGT6_FreeRTOS_Clion.elf.dir/Drivers/STM32F4xx_HAL_Driver/Src/stm32f4xx_hal_i2c.c.obj
LOAD CMakeFiles/STM32F429IGT6_FreeRTOS_Clion.elf.dir/Drivers/STM32F4xx_HAL_Driver/Src/stm32f4xx_hal_i2c_ex.c.obj
LOAD CMakeFiles/STM32F429IGT6_FreeRTOS_Clion.elf.dir/Drivers/STM32F4xx_HAL_Driver/Src/stm32f4xx_hal_pwr.c.obj
LOAD CMakeFiles/STM32F429IGT6_FreeRTOS_Clion.elf.dir/Drivers/STM32F4xx_HAL_Driver/Src/stm32f4xx_hal_pwr_ex.c.obj
LOAD CMakeFiles/STM32F429IGT6_FreeRTOS_Clion.elf.dir/Drivers/STM32F4xx_HAL_Driver/Src/stm32f4xx_hal_rcc.c.obj
LOAD CMakeFiles/STM32F429IGT6_FreeRTOS_Clion.elf.dir/Drivers/STM32F4xx_HAL_Driver/Src/stm32f4xx_hal_rcc_ex.c.obj
LOAD CMakeFiles/STM32F429IGT6_FreeRTOS_Clion.elf.dir/Drivers/STM32F4xx_HAL_Driver/Src/stm32f4xx_hal_spi.c.obj
LOAD CMakeFiles/STM32F429IGT6_FreeRTOS_Clion.elf.dir/Drivers/STM32F4xx_HAL_Driver/Src/stm32f4xx_hal_tim.c.obj
LOAD CMakeFiles/STM32F429IGT6_FreeRTOS_Clion.elf.dir/Drivers/STM32F4xx_HAL_Driver/Src/stm32f4xx_hal_tim_ex.c.obj
LOAD CMakeFiles/STM32F429IGT6_FreeRTOS_Clion.elf.dir/Drivers/STM32F4xx_HAL_Driver/Src/stm32f4xx_hal_uart.c.obj
LOAD CMakeFiles/STM32F429IGT6_FreeRTOS_Clion.elf.dir/Middlewares/Third_Party/FreeRTOS/Source/CMSIS_RTOS/cmsis_os.c.obj
LOAD CMakeFiles/STM32F429IGT6_FreeRTOS_Clion.elf.dir/Middlewares/Third_Party/FreeRTOS/Source/croutine.c.obj
LOAD CMakeFiles/STM32F429IGT6_FreeRTOS_Clion.elf.dir/Middlewares/Third_Party/FreeRTOS/Source/event_groups.c.obj
LOAD CMakeFiles/STM32F429IGT6_FreeRTOS_Clion.elf.dir/Middlewares/Third_Party/FreeRTOS/Source/list.c.obj
LOAD CMakeFiles/STM32F429IGT6_FreeRTOS_Clion.elf.dir/Middlewares/Third_Party/FreeRTOS/Source/portable/GCC/ARM_CM4F/port.c.obj
LOAD CMakeFiles/STM32F429IGT6_FreeRTOS_Clion.elf.dir/Middlewares/Third_Party/FreeRTOS/Source/portable/MemMang/heap_4.c.obj
LOAD CMakeFiles/STM32F429IGT6_FreeRTOS_Clion.elf.dir/Middlewares/Third_Party/FreeRTOS/Source/queue.c.obj
LOAD CMakeFiles/STM32F429IGT6_FreeRTOS_Clion.elf.dir/Middlewares/Third_Party/FreeRTOS/Source/stream_buffer.c.obj
LOAD CMakeFiles/STM32F429IGT6_FreeRTOS_Clion.elf.dir/Middlewares/Third_Party/FreeRTOS/Source/tasks.c.obj
LOAD CMakeFiles/STM32F429IGT6_FreeRTOS_Clion.elf.dir/Middlewares/Third_Party/FreeRTOS/Source/timers.c.obj
LOAD CMakeFiles/STM32F429IGT6_FreeRTOS_Clion.elf.dir/User/DHT11/bsp_dht11.c.obj
LOAD CMakeFiles/STM32F429IGT6_FreeRTOS_Clion.elf.dir/User/ESP-01S/bsp_esp01s.c.obj
LOAD CMakeFiles/STM32F429IGT6_FreeRTOS_Clion.elf.dir/User/Functions/delay.c.obj
LOAD CMakeFiles/STM32F429IGT6_FreeRTOS_Clion.elf.dir/User/LED/bsp_led.c.obj
LOAD CMakeFiles/STM32F429IGT6_FreeRTOS_Clion.elf.dir/User/MPU6050/bsp_mpu6050.c.obj
LOAD CMakeFiles/STM32F429IGT6_FreeRTOS_Clion.elf.dir/User/OLED/bsp_096oled.c.obj
LOAD CMakeFiles/STM32F429IGT6_FreeRTOS_Clion.elf.dir/User/OLED/oled_font.c.obj
LOAD CMakeFiles/STM32F429IGT6_FreeRTOS_Clion.elf.dir/User/USART/bsp_usart1.c.obj
LOAD CMakeFiles/STM32F429IGT6_FreeRTOS_Clion.elf.dir/User/USART/retarget.c.obj
START GROUP
LOAD c:/gnuarm~1/102021~1.10/bin/../lib/gcc/arm-none-eabi/10.3.1/thumb/v7e-m+fp/hard\libgcc.a
LOAD c:/gnuarm~1/102021~1.10/bin/../lib/gcc/arm-none-eabi/10.3.1/../../../../arm-none-eabi/lib/thumb/v7e-m+fp/hard\libg.a
LOAD c:/gnuarm~1/102021~1.10/bin/../lib/gcc/arm-none-eabi/10.3.1/../../../../arm-none-eabi/lib/thumb/v7e-m+fp/hard\libc.a
END GROUP
LOAD c:/gnuarm~1/102021~1.10/bin/../lib/gcc/arm-none-eabi/10.3.1/thumb/v7e-m+fp/hard/crtend.o
LOAD c:/gnuarm~1/102021~1.10/bin/../lib/gcc/arm-none-eabi/10.3.1/thumb/v7e-m+fp/hard/crtn.o
                0x20030000                _estack = (ORIGIN (RAM) + LENGTH (RAM))
                0x00000200                _Min_Heap_Size = 0x200
                0x00000400                _Min_Stack_Size = 0x400

.isr_vector     0x08000000      0x1ac
                0x08000000                . = ALIGN (0x4)
 *(.isr_vector)
 .isr_vector    0x08000000      0x1ac CMakeFiles/STM32F429IGT6_FreeRTOS_Clion.elf.dir/Core/Startup/startup_stm32f429igtx.s.obj
                0x08000000                g_pfnVectors
                0x080001ac                . = ALIGN (0x4)

.text           0x080001c0     0xb6e8
                0x080001c0                . = ALIGN (0x4)
 *(.text)
 .text          0x080001c0       0x40 c:/gnuarm~1/102021~1.10/bin/../lib/gcc/arm-none-eabi/10.3.1/thumb/v7e-m+fp/hard/crtbegin.o
 .text          0x08000200       0x30 c:/gnuarm~1/102021~1.10/bin/../lib/gcc/arm-none-eabi/10.3.1/thumb/v7e-m+fp/hard\libgcc.a(_aeabi_uldivmod.o)
                0x08000200                __aeabi_uldivmod
 .text          0x08000230      0x2d0 c:/gnuarm~1/102021~1.10/bin/../lib/gcc/arm-none-eabi/10.3.1/thumb/v7e-m+fp/hard\libgcc.a(_udivmoddi4.o)
                0x08000230                __udivmoddi4
 .text          0x08000500        0x4 c:/gnuarm~1/102021~1.10/bin/../lib/gcc/arm-none-eabi/10.3.1/thumb/v7e-m+fp/hard\libgcc.a(_dvmd_tls.o)
                0x08000500                __aeabi_idiv0
                0x08000500                __aeabi_ldiv0
 .text          0x08000504      0x134 c:/gnuarm~1/102021~1.10/bin/../lib/gcc/arm-none-eabi/10.3.1/../../../../arm-none-eabi/lib/thumb/v7e-m+fp/hard\libg.a(lib_a-memcpy.o)
                0x08000504                memcpy
 *fill*         0x08000638        0x8 
 .text          0x08000640       0xa0 c:/gnuarm~1/102021~1.10/bin/../lib/gcc/arm-none-eabi/10.3.1/../../../../arm-none-eabi/lib/thumb/v7e-m+fp/hard\libg.a(lib_a-memchr.o)
                0x08000640                memchr
 *fill*         0x080006e0       0x20 
 .text          0x08000700       0xdc c:/gnuarm~1/102021~1.10/bin/../lib/gcc/arm-none-eabi/10.3.1/../../../../arm-none-eabi/lib/thumb/v7e-m+fp/hard\libg.a(lib_a-strlen.o)
                0x08000700                strlen
 .text          0x080007dc      0x378 c:/gnuarm~1/102021~1.10/bin/../lib/gcc/arm-none-eabi/10.3.1/thumb/v7e-m+fp/hard\libgcc.a(_arm_addsubdf3.o)
                0x080007dc                __aeabi_drsub
                0x080007e4                __aeabi_dsub
                0x080007e4                __subdf3
                0x080007e8                __aeabi_dadd
                0x080007e8                __adddf3
                0x08000a60                __floatunsidf
                0x08000a60                __aeabi_ui2d
                0x08000a80                __floatsidf
                0x08000a80                __aeabi_i2d
                0x08000aa4                __aeabi_f2d
                0x08000aa4                __extendsfdf2
                0x08000ae8                __floatundidf
                0x08000ae8                __aeabi_ul2d
                0x08000af8                __floatdidf
                0x08000af8                __aeabi_l2d
 .text          0x08000b54      0x424 c:/gnuarm~1/102021~1.10/bin/../lib/gcc/arm-none-eabi/10.3.1/thumb/v7e-m+fp/hard\libgcc.a(_arm_muldivdf3.o)
                0x08000b54                __aeabi_dmul
                0x08000b54                __muldf3
                0x08000da8                __divdf3
                0x08000da8                __aeabi_ddiv
 .text          0x08000f78      0x110 c:/gnuarm~1/102021~1.10/bin/../lib/gcc/arm-none-eabi/10.3.1/thumb/v7e-m+fp/hard\libgcc.a(_arm_cmpdf2.o)
                0x08000f78                __gtdf2
                0x08000f78                __gedf2
                0x08000f80                __ltdf2
                0x08000f80                __ledf2
                0x08000f88                __nedf2
                0x08000f88                __eqdf2
                0x08000f88                __cmpdf2
                0x08001004                __aeabi_cdrcmple
                0x08001014                __aeabi_cdcmpeq
                0x08001014                __aeabi_cdcmple
                0x08001024                __aeabi_dcmpeq
                0x08001038                __aeabi_dcmplt
                0x0800104c                __aeabi_dcmple
                0x08001060                __aeabi_dcmpge
                0x08001074                __aeabi_dcmpgt
 .text          0x08001088       0x2c c:/gnuarm~1/102021~1.10/bin/../lib/gcc/arm-none-eabi/10.3.1/thumb/v7e-m+fp/hard\libgcc.a(_arm_unorddf2.o)
                0x08001088                __unorddf2
                0x08001088                __aeabi_dcmpun
 .text          0x080010b4       0x50 c:/gnuarm~1/102021~1.10/bin/../lib/gcc/arm-none-eabi/10.3.1/thumb/v7e-m+fp/hard\libgcc.a(_arm_fixdfsi.o)
                0x080010b4                __aeabi_d2iz
                0x080010b4                __fixdfsi
 *(.text*)
 .text.StartDefaultTask
                0x08001104       0x9c CMakeFiles/STM32F429IGT6_FreeRTOS_Clion.elf.dir/Core/Src/freertos.c.obj
                0x08001104                StartDefaultTask
 .text.StartPrint1
                0x080011a0        0xc CMakeFiles/STM32F429IGT6_FreeRTOS_Clion.elf.dir/Core/Src/freertos.c.obj
                0x080011a0                StartPrint1
 .text.StartPrint2
                0x080011ac        0xc CMakeFiles/STM32F429IGT6_FreeRTOS_Clion.elf.dir/Core/Src/freertos.c.obj
                0x080011ac                StartPrint2
 .text.StartESP01S
                0x080011b8        0xc CMakeFiles/STM32F429IGT6_FreeRTOS_Clion.elf.dir/Core/Src/freertos.c.obj
                0x080011b8                StartESP01S
 .text.StartLED
                0x080011c4       0x78 CMakeFiles/STM32F429IGT6_FreeRTOS_Clion.elf.dir/Core/Src/freertos.c.obj
                0x080011c4                StartLED
 .text.StartKEY
                0x0800123c       0x4c CMakeFiles/STM32F429IGT6_FreeRTOS_Clion.elf.dir/Core/Src/freertos.c.obj
                0x0800123c                StartKEY
 .text.StartDHT11
                0x08001288       0x44 CMakeFiles/STM32F429IGT6_FreeRTOS_Clion.elf.dir/Core/Src/freertos.c.obj
                0x08001288                StartDHT11
 .text.StartOLED
                0x080012cc      0x128 CMakeFiles/STM32F429IGT6_FreeRTOS_Clion.elf.dir/Core/Src/freertos.c.obj
                0x080012cc                StartOLED
 .text.vApplicationGetIdleTaskMemory
                0x080013f4       0x18 CMakeFiles/STM32F429IGT6_FreeRTOS_Clion.elf.dir/Core/Src/freertos.c.obj
                0x080013f4                vApplicationGetIdleTaskMemory
 .text.MX_FREERTOS_Init
                0x0800140c      0x19c CMakeFiles/STM32F429IGT6_FreeRTOS_Clion.elf.dir/Core/Src/freertos.c.obj
                0x0800140c                MX_FREERTOS_Init
 .text.MX_GPIO_Init
                0x080015a8      0x14c CMakeFiles/STM32F429IGT6_FreeRTOS_Clion.elf.dir/Core/Src/gpio.c.obj
                0x080015a8                MX_GPIO_Init
 .text.MX_I2C1_Init
                0x080016f4       0x5c CMakeFiles/STM32F429IGT6_FreeRTOS_Clion.elf.dir/Core/Src/i2c.c.obj
                0x080016f4                MX_I2C1_Init
 .text.HAL_I2C_MspInit
                0x08001750       0x70 CMakeFiles/STM32F429IGT6_FreeRTOS_Clion.elf.dir/Core/Src/i2c.c.obj
                0x08001750                HAL_I2C_MspInit
 .text.HAL_TIM_PeriodElapsedCallback
                0x080017c0       0x18 CMakeFiles/STM32F429IGT6_FreeRTOS_Clion.elf.dir/Core/Src/main.c.obj
                0x080017c0                HAL_TIM_PeriodElapsedCallback
 .text.Error_Handler
                0x080017d8        0x4 CMakeFiles/STM32F429IGT6_FreeRTOS_Clion.elf.dir/Core/Src/main.c.obj
                0x080017d8                Error_Handler
 .text.SystemClock_Config
                0x080017dc       0xb4 CMakeFiles/STM32F429IGT6_FreeRTOS_Clion.elf.dir/Core/Src/main.c.obj
                0x080017dc                SystemClock_Config
 .text.main     0x08001890       0x60 CMakeFiles/STM32F429IGT6_FreeRTOS_Clion.elf.dir/Core/Src/main.c.obj
                0x08001890                main
 .text.MX_SPI1_Init
                0x080018f0       0x40 CMakeFiles/STM32F429IGT6_FreeRTOS_Clion.elf.dir/Core/Src/spi.c.obj
                0x080018f0                MX_SPI1_Init
 .text.HAL_SPI_MspInit
                0x08001930       0x70 CMakeFiles/STM32F429IGT6_FreeRTOS_Clion.elf.dir/Core/Src/spi.c.obj
                0x08001930                HAL_SPI_MspInit
 .text.HAL_MspInit
                0x080019a0       0x44 CMakeFiles/STM32F429IGT6_FreeRTOS_Clion.elf.dir/Core/Src/stm32f4xx_hal_msp.c.obj
                0x080019a0                HAL_MspInit
 .text.HAL_InitTick
                0x080019e4       0x98 CMakeFiles/STM32F429IGT6_FreeRTOS_Clion.elf.dir/Core/Src/stm32f4xx_hal_timebase_tim.c.obj
                0x080019e4                HAL_InitTick
 .text.NMI_Handler
                0x08001a7c        0x2 CMakeFiles/STM32F429IGT6_FreeRTOS_Clion.elf.dir/Core/Src/stm32f4xx_it.c.obj
                0x08001a7c                NMI_Handler
 .text.HardFault_Handler
                0x08001a7e        0x2 CMakeFiles/STM32F429IGT6_FreeRTOS_Clion.elf.dir/Core/Src/stm32f4xx_it.c.obj
                0x08001a7e                HardFault_Handler
 .text.MemManage_Handler
                0x08001a80        0x2 CMakeFiles/STM32F429IGT6_FreeRTOS_Clion.elf.dir/Core/Src/stm32f4xx_it.c.obj
                0x08001a80                MemManage_Handler
 .text.BusFault_Handler
                0x08001a82        0x2 CMakeFiles/STM32F429IGT6_FreeRTOS_Clion.elf.dir/Core/Src/stm32f4xx_it.c.obj
                0x08001a82                BusFault_Handler
 .text.UsageFault_Handler
                0x08001a84        0x2 CMakeFiles/STM32F429IGT6_FreeRTOS_Clion.elf.dir/Core/Src/stm32f4xx_it.c.obj
                0x08001a84                UsageFault_Handler
 .text.DebugMon_Handler
                0x08001a86        0x2 CMakeFiles/STM32F429IGT6_FreeRTOS_Clion.elf.dir/Core/Src/stm32f4xx_it.c.obj
                0x08001a86                DebugMon_Handler
 .text.TIM1_UP_TIM10_IRQHandler
                0x08001a88       0x10 CMakeFiles/STM32F429IGT6_FreeRTOS_Clion.elf.dir/Core/Src/stm32f4xx_it.c.obj
                0x08001a88                TIM1_UP_TIM10_IRQHandler
 .text.USART1_IRQHandler
                0x08001a98       0x10 CMakeFiles/STM32F429IGT6_FreeRTOS_Clion.elf.dir/Core/Src/stm32f4xx_it.c.obj
                0x08001a98                USART1_IRQHandler
 .text.USART2_IRQHandler
                0x08001aa8       0x10 CMakeFiles/STM32F429IGT6_FreeRTOS_Clion.elf.dir/Core/Src/stm32f4xx_it.c.obj
                0x08001aa8                USART2_IRQHandler
 .text._getpid  0x08001ab8        0x4 CMakeFiles/STM32F429IGT6_FreeRTOS_Clion.elf.dir/Core/Src/syscalls.c.obj
                0x08001ab8                _getpid
 .text._kill    0x08001abc       0x10 CMakeFiles/STM32F429IGT6_FreeRTOS_Clion.elf.dir/Core/Src/syscalls.c.obj
                0x08001abc                _kill
 .text._exit    0x08001acc        0xc CMakeFiles/STM32F429IGT6_FreeRTOS_Clion.elf.dir/Core/Src/syscalls.c.obj
                0x08001acc                _exit
 .text._sbrk    0x08001ad8       0x48 CMakeFiles/STM32F429IGT6_FreeRTOS_Clion.elf.dir/Core/Src/sysmem.c.obj
                0x08001ad8                _sbrk
 .text.SystemInit
                0x08001b20       0x14 CMakeFiles/STM32F429IGT6_FreeRTOS_Clion.elf.dir/Core/Src/system_stm32f4xx.c.obj
                0x08001b20                SystemInit
 .text.MX_USART1_UART_Init
                0x08001b34       0x34 CMakeFiles/STM32F429IGT6_FreeRTOS_Clion.elf.dir/Core/Src/usart.c.obj
                0x08001b34                MX_USART1_UART_Init
 .text.MX_USART2_UART_Init
                0x08001b68       0x34 CMakeFiles/STM32F429IGT6_FreeRTOS_Clion.elf.dir/Core/Src/usart.c.obj
                0x08001b68                MX_USART2_UART_Init
 .text.HAL_UART_MspInit
                0x08001b9c      0x10c CMakeFiles/STM32F429IGT6_FreeRTOS_Clion.elf.dir/Core/Src/usart.c.obj
                0x08001b9c                HAL_UART_MspInit
 .text.Reset_Handler
                0x08001ca8       0x50 CMakeFiles/STM32F429IGT6_FreeRTOS_Clion.elf.dir/Core/Startup/startup_stm32f429igtx.s.obj
                0x08001ca8                Reset_Handler
 .text.Default_Handler
                0x08001cf8        0x2 CMakeFiles/STM32F429IGT6_FreeRTOS_Clion.elf.dir/Core/Startup/startup_stm32f429igtx.s.obj
                0x08001cf8                RTC_Alarm_IRQHandler
                0x08001cf8                HASH_RNG_IRQHandler
                0x08001cf8                EXTI2_IRQHandler
                0x08001cf8                TIM8_CC_IRQHandler
                0x08001cf8                UART8_IRQHandler
                0x08001cf8                SPI4_IRQHandler
                0x08001cf8                TIM1_CC_IRQHandler
                0x08001cf8                DMA2_Stream5_IRQHandler
                0x08001cf8                DMA1_Stream5_IRQHandler
                0x08001cf8                PVD_IRQHandler
                0x08001cf8                SDIO_IRQHandler
                0x08001cf8                TAMP_STAMP_IRQHandler
                0x08001cf8                CAN2_RX1_IRQHandler
                0x08001cf8                EXTI3_IRQHandler
                0x08001cf8                TIM8_TRG_COM_TIM14_IRQHandler
                0x08001cf8                TIM8_UP_TIM13_IRQHandler
                0x08001cf8                I2C3_ER_IRQHandler
                0x08001cf8                EXTI0_IRQHandler
                0x08001cf8                I2C2_EV_IRQHandler
                0x08001cf8                DMA1_Stream2_IRQHandler
                0x08001cf8                CAN1_RX0_IRQHandler
                0x08001cf8                FPU_IRQHandler
                0x08001cf8                OTG_HS_WKUP_IRQHandler
                0x08001cf8                LTDC_ER_IRQHandler
                0x08001cf8                CAN2_SCE_IRQHandler
                0x08001cf8                DMA2_Stream2_IRQHandler
                0x08001cf8                SPI1_IRQHandler
                0x08001cf8                TIM6_DAC_IRQHandler
                0x08001cf8                TIM1_BRK_TIM9_IRQHandler
                0x08001cf8                DCMI_IRQHandler
                0x08001cf8                CAN2_RX0_IRQHandler
                0x08001cf8                DMA2_Stream3_IRQHandler
                0x08001cf8                USART6_IRQHandler
                0x08001cf8                USART3_IRQHandler
                0x08001cf8                CAN1_RX1_IRQHandler
                0x08001cf8                UART5_IRQHandler
                0x08001cf8                DMA2_Stream0_IRQHandler
                0x08001cf8                TIM4_IRQHandler
                0x08001cf8                I2C1_EV_IRQHandler
                0x08001cf8                DMA1_Stream6_IRQHandler
                0x08001cf8                DMA1_Stream1_IRQHandler
                0x08001cf8                UART4_IRQHandler
                0x08001cf8                TIM3_IRQHandler
                0x08001cf8                RCC_IRQHandler
                0x08001cf8                TIM8_BRK_TIM12_IRQHandler
                0x08001cf8                Default_Handler
                0x08001cf8                EXTI15_10_IRQHandler
                0x08001cf8                ADC_IRQHandler
                0x08001cf8                DMA1_Stream7_IRQHandler
                0x08001cf8                SPI5_IRQHandler
                0x08001cf8                TIM7_IRQHandler
                0x08001cf8                CAN2_TX_IRQHandler
                0x08001cf8                TIM5_IRQHandler
                0x08001cf8                DMA2_Stream7_IRQHandler
                0x08001cf8                I2C3_EV_IRQHandler
                0x08001cf8                EXTI9_5_IRQHandler
                0x08001cf8                RTC_WKUP_IRQHandler
                0x08001cf8                LTDC_IRQHandler
                0x08001cf8                ETH_WKUP_IRQHandler
                0x08001cf8                SPI2_IRQHandler
                0x08001cf8                OTG_HS_EP1_IN_IRQHandler
                0x08001cf8                DMA1_Stream0_IRQHandler
                0x08001cf8                CAN1_TX_IRQHandler
                0x08001cf8                EXTI4_IRQHandler
                0x08001cf8                ETH_IRQHandler
                0x08001cf8                OTG_HS_EP1_OUT_IRQHandler
                0x08001cf8                WWDG_IRQHandler
                0x08001cf8                SPI6_IRQHandler
                0x08001cf8                TIM2_IRQHandler
                0x08001cf8                OTG_FS_WKUP_IRQHandler
                0x08001cf8                TIM1_TRG_COM_TIM11_IRQHandler
                0x08001cf8                OTG_HS_IRQHandler
                0x08001cf8                DMA2D_IRQHandler
                0x08001cf8                EXTI1_IRQHandler
                0x08001cf8                UART7_IRQHandler
                0x08001cf8                I2C2_ER_IRQHandler
                0x08001cf8                DMA2_Stream1_IRQHandler
                0x08001cf8                CAN1_SCE_IRQHandler
                0x08001cf8                FLASH_IRQHandler
                0x08001cf8                DMA2_Stream4_IRQHandler
                0x08001cf8                OTG_FS_IRQHandler
                0x08001cf8                SPI3_IRQHandler
                0x08001cf8                DMA1_Stream4_IRQHandler
                0x08001cf8                I2C1_ER_IRQHandler
                0x08001cf8                FMC_IRQHandler
                0x08001cf8                DMA2_Stream6_IRQHandler
                0x08001cf8                SAI1_IRQHandler
                0x08001cf8                DMA1_Stream3_IRQHandler
 *fill*         0x08001cfa        0x2 
 .text.HAL_Init
                0x08001cfc       0x34 CMakeFiles/STM32F429IGT6_FreeRTOS_Clion.elf.dir/Drivers/STM32F4xx_HAL_Driver/Src/stm32f4xx_hal.c.obj
                0x08001cfc                HAL_Init
 .text.HAL_IncTick
                0x08001d30       0x18 CMakeFiles/STM32F429IGT6_FreeRTOS_Clion.elf.dir/Drivers/STM32F4xx_HAL_Driver/Src/stm32f4xx_hal.c.obj
                0x08001d30                HAL_IncTick
 .text.HAL_GetTick
                0x08001d48        0xc CMakeFiles/STM32F429IGT6_FreeRTOS_Clion.elf.dir/Drivers/STM32F4xx_HAL_Driver/Src/stm32f4xx_hal.c.obj
                0x08001d48                HAL_GetTick
 .text.HAL_Delay
                0x08001d54       0x28 CMakeFiles/STM32F429IGT6_FreeRTOS_Clion.elf.dir/Drivers/STM32F4xx_HAL_Driver/Src/stm32f4xx_hal.c.obj
                0x08001d54                HAL_Delay
 .text.HAL_NVIC_SetPriorityGrouping
                0x08001d7c       0x24 CMakeFiles/STM32F429IGT6_FreeRTOS_Clion.elf.dir/Drivers/STM32F4xx_HAL_Driver/Src/stm32f4xx_hal_cortex.c.obj
                0x08001d7c                HAL_NVIC_SetPriorityGrouping
 .text.HAL_NVIC_SetPriority
                0x08001da0       0x70 CMakeFiles/STM32F429IGT6_FreeRTOS_Clion.elf.dir/Drivers/STM32F4xx_HAL_Driver/Src/stm32f4xx_hal_cortex.c.obj
                0x08001da0                HAL_NVIC_SetPriority
 .text.HAL_NVIC_EnableIRQ
                0x08001e10       0x1c CMakeFiles/STM32F429IGT6_FreeRTOS_Clion.elf.dir/Drivers/STM32F4xx_HAL_Driver/Src/stm32f4xx_hal_cortex.c.obj
                0x08001e10                HAL_NVIC_EnableIRQ
 .text.HAL_DMA_Abort
                0x08001e2c       0x94 CMakeFiles/STM32F429IGT6_FreeRTOS_Clion.elf.dir/Drivers/STM32F4xx_HAL_Driver/Src/stm32f4xx_hal_dma.c.obj
                0x08001e2c                HAL_DMA_Abort
 .text.HAL_DMA_Abort_IT
                0x08001ec0       0x26 CMakeFiles/STM32F429IGT6_FreeRTOS_Clion.elf.dir/Drivers/STM32F4xx_HAL_Driver/Src/stm32f4xx_hal_dma.c.obj
                0x08001ec0                HAL_DMA_Abort_IT
 *fill*         0x08001ee6        0x2 
 .text.HAL_GPIO_Init
                0x08001ee8      0x1fc CMakeFiles/STM32F429IGT6_FreeRTOS_Clion.elf.dir/Drivers/STM32F4xx_HAL_Driver/Src/stm32f4xx_hal_gpio.c.obj
                0x08001ee8                HAL_GPIO_Init
 .text.HAL_GPIO_ReadPin
                0x080020e4        0xe CMakeFiles/STM32F429IGT6_FreeRTOS_Clion.elf.dir/Drivers/STM32F4xx_HAL_Driver/Src/stm32f4xx_hal_gpio.c.obj
                0x080020e4                HAL_GPIO_ReadPin
 .text.HAL_GPIO_WritePin
                0x080020f2        0xc CMakeFiles/STM32F429IGT6_FreeRTOS_Clion.elf.dir/Drivers/STM32F4xx_HAL_Driver/Src/stm32f4xx_hal_gpio.c.obj
                0x080020f2                HAL_GPIO_WritePin
 *fill*         0x080020fe        0x2 
 .text.HAL_I2C_Init
                0x08002100      0x1bc CMakeFiles/STM32F429IGT6_FreeRTOS_Clion.elf.dir/Drivers/STM32F4xx_HAL_Driver/Src/stm32f4xx_hal_i2c.c.obj
                0x08002100                HAL_I2C_Init
 .text.HAL_I2CEx_ConfigAnalogFilter
                0x080022bc       0x44 CMakeFiles/STM32F429IGT6_FreeRTOS_Clion.elf.dir/Drivers/STM32F4xx_HAL_Driver/Src/stm32f4xx_hal_i2c_ex.c.obj
                0x080022bc                HAL_I2CEx_ConfigAnalogFilter
 .text.HAL_I2CEx_ConfigDigitalFilter
                0x08002300       0x42 CMakeFiles/STM32F429IGT6_FreeRTOS_Clion.elf.dir/Drivers/STM32F4xx_HAL_Driver/Src/stm32f4xx_hal_i2c_ex.c.obj
                0x08002300                HAL_I2CEx_ConfigDigitalFilter
 *fill*         0x08002342        0x2 
 .text.HAL_PWREx_EnableOverDrive
                0x08002344       0x7c CMakeFiles/STM32F429IGT6_FreeRTOS_Clion.elf.dir/Drivers/STM32F4xx_HAL_Driver/Src/stm32f4xx_hal_pwr_ex.c.obj
                0x08002344                HAL_PWREx_EnableOverDrive
 .text.HAL_RCC_OscConfig
                0x080023c0      0x3f8 CMakeFiles/STM32F429IGT6_FreeRTOS_Clion.elf.dir/Drivers/STM32F4xx_HAL_Driver/Src/stm32f4xx_hal_rcc.c.obj
                0x080023c0                HAL_RCC_OscConfig
 .text.HAL_RCC_GetSysClockFreq
                0x080027b8       0xa4 CMakeFiles/STM32F429IGT6_FreeRTOS_Clion.elf.dir/Drivers/STM32F4xx_HAL_Driver/Src/stm32f4xx_hal_rcc.c.obj
                0x080027b8                HAL_RCC_GetSysClockFreq
 .text.HAL_RCC_ClockConfig
                0x0800285c      0x160 CMakeFiles/STM32F429IGT6_FreeRTOS_Clion.elf.dir/Drivers/STM32F4xx_HAL_Driver/Src/stm32f4xx_hal_rcc.c.obj
                0x0800285c                HAL_RCC_ClockConfig
 .text.HAL_RCC_GetHCLKFreq
                0x080029bc        0xc CMakeFiles/STM32F429IGT6_FreeRTOS_Clion.elf.dir/Drivers/STM32F4xx_HAL_Driver/Src/stm32f4xx_hal_rcc.c.obj
                0x080029bc                HAL_RCC_GetHCLKFreq
 .text.HAL_RCC_GetPCLK1Freq
                0x080029c8       0x20 CMakeFiles/STM32F429IGT6_FreeRTOS_Clion.elf.dir/Drivers/STM32F4xx_HAL_Driver/Src/stm32f4xx_hal_rcc.c.obj
                0x080029c8                HAL_RCC_GetPCLK1Freq
 .text.HAL_RCC_GetPCLK2Freq
                0x080029e8       0x20 CMakeFiles/STM32F429IGT6_FreeRTOS_Clion.elf.dir/Drivers/STM32F4xx_HAL_Driver/Src/stm32f4xx_hal_rcc.c.obj
                0x080029e8                HAL_RCC_GetPCLK2Freq
 .text.HAL_RCC_GetClockConfig
                0x08002a08       0x3c CMakeFiles/STM32F429IGT6_FreeRTOS_Clion.elf.dir/Drivers/STM32F4xx_HAL_Driver/Src/stm32f4xx_hal_rcc.c.obj
                0x08002a08                HAL_RCC_GetClockConfig
 .text.SPI_WaitFlagStateUntilTimeout
                0x08002a44       0xd4 CMakeFiles/STM32F429IGT6_FreeRTOS_Clion.elf.dir/Drivers/STM32F4xx_HAL_Driver/Src/stm32f4xx_hal_spi.c.obj
 .text.SPI_EndRxTxTransaction
                0x08002b18       0x68 CMakeFiles/STM32F429IGT6_FreeRTOS_Clion.elf.dir/Drivers/STM32F4xx_HAL_Driver/Src/stm32f4xx_hal_spi.c.obj
 .text.HAL_SPI_Init
                0x08002b80       0xbe CMakeFiles/STM32F429IGT6_FreeRTOS_Clion.elf.dir/Drivers/STM32F4xx_HAL_Driver/Src/stm32f4xx_hal_spi.c.obj
                0x08002b80                HAL_SPI_Init
 .text.HAL_SPI_Transmit
                0x08002c3e      0x1b8 CMakeFiles/STM32F429IGT6_FreeRTOS_Clion.elf.dir/Drivers/STM32F4xx_HAL_Driver/Src/stm32f4xx_hal_spi.c.obj
                0x08002c3e                HAL_SPI_Transmit
 .text.HAL_TIM_Base_MspInit
                0x08002df6        0x2 CMakeFiles/STM32F429IGT6_FreeRTOS_Clion.elf.dir/Drivers/STM32F4xx_HAL_Driver/Src/stm32f4xx_hal_tim.c.obj
                0x08002df6                HAL_TIM_Base_MspInit
 .text.HAL_TIM_Base_Start_IT
                0x08002df8       0x88 CMakeFiles/STM32F429IGT6_FreeRTOS_Clion.elf.dir/Drivers/STM32F4xx_HAL_Driver/Src/stm32f4xx_hal_tim.c.obj
                0x08002df8                HAL_TIM_Base_Start_IT
 .text.HAL_TIM_OC_DelayElapsedCallback
                0x08002e80        0x2 CMakeFiles/STM32F429IGT6_FreeRTOS_Clion.elf.dir/Drivers/STM32F4xx_HAL_Driver/Src/stm32f4xx_hal_tim.c.obj
                0x08002e80                HAL_TIM_OC_DelayElapsedCallback
 .text.HAL_TIM_IC_CaptureCallback
                0x08002e82        0x2 CMakeFiles/STM32F429IGT6_FreeRTOS_Clion.elf.dir/Drivers/STM32F4xx_HAL_Driver/Src/stm32f4xx_hal_tim.c.obj
                0x08002e82                HAL_TIM_IC_CaptureCallback
 .text.HAL_TIM_PWM_PulseFinishedCallback
                0x08002e84        0x2 CMakeFiles/STM32F429IGT6_FreeRTOS_Clion.elf.dir/Drivers/STM32F4xx_HAL_Driver/Src/stm32f4xx_hal_tim.c.obj
                0x08002e84                HAL_TIM_PWM_PulseFinishedCallback
 .text.HAL_TIM_TriggerCallback
                0x08002e86        0x2 CMakeFiles/STM32F429IGT6_FreeRTOS_Clion.elf.dir/Drivers/STM32F4xx_HAL_Driver/Src/stm32f4xx_hal_tim.c.obj
                0x08002e86                HAL_TIM_TriggerCallback
 .text.HAL_TIM_IRQHandler
                0x08002e88      0x17a CMakeFiles/STM32F429IGT6_FreeRTOS_Clion.elf.dir/Drivers/STM32F4xx_HAL_Driver/Src/stm32f4xx_hal_tim.c.obj
                0x08002e88                HAL_TIM_IRQHandler
 *fill*         0x08003002        0x2 
 .text.TIM_Base_SetConfig
                0x08003004       0xc8 CMakeFiles/STM32F429IGT6_FreeRTOS_Clion.elf.dir/Drivers/STM32F4xx_HAL_Driver/Src/stm32f4xx_hal_tim.c.obj
                0x08003004                TIM_Base_SetConfig
 .text.HAL_TIM_Base_Init
                0x080030cc       0x58 CMakeFiles/STM32F429IGT6_FreeRTOS_Clion.elf.dir/Drivers/STM32F4xx_HAL_Driver/Src/stm32f4xx_hal_tim.c.obj
                0x080030cc                HAL_TIM_Base_Init
 .text.HAL_TIMEx_CommutCallback
                0x08003124        0x2 CMakeFiles/STM32F429IGT6_FreeRTOS_Clion.elf.dir/Drivers/STM32F4xx_HAL_Driver/Src/stm32f4xx_hal_tim_ex.c.obj
                0x08003124                HAL_TIMEx_CommutCallback
 .text.HAL_TIMEx_BreakCallback
                0x08003126        0x2 CMakeFiles/STM32F429IGT6_FreeRTOS_Clion.elf.dir/Drivers/STM32F4xx_HAL_Driver/Src/stm32f4xx_hal_tim_ex.c.obj
                0x08003126                HAL_TIMEx_BreakCallback
 .text.UART_EndRxTransfer
                0x08003128       0x5c CMakeFiles/STM32F429IGT6_FreeRTOS_Clion.elf.dir/Drivers/STM32F4xx_HAL_Driver/Src/stm32f4xx_hal_uart.c.obj
 .text.UART_Transmit_IT
                0x08003184       0x60 CMakeFiles/STM32F429IGT6_FreeRTOS_Clion.elf.dir/Drivers/STM32F4xx_HAL_Driver/Src/stm32f4xx_hal_uart.c.obj
 .text.UART_SetConfig
                0x080031e4      0x110 CMakeFiles/STM32F429IGT6_FreeRTOS_Clion.elf.dir/Drivers/STM32F4xx_HAL_Driver/Src/stm32f4xx_hal_uart.c.obj
 .text.UART_WaitOnFlagUntilTimeout
                0x080032f4       0x88 CMakeFiles/STM32F429IGT6_FreeRTOS_Clion.elf.dir/Drivers/STM32F4xx_HAL_Driver/Src/stm32f4xx_hal_uart.c.obj
 .text.HAL_UART_Init
                0x0800337c       0x5e CMakeFiles/STM32F429IGT6_FreeRTOS_Clion.elf.dir/Drivers/STM32F4xx_HAL_Driver/Src/stm32f4xx_hal_uart.c.obj
                0x0800337c                HAL_UART_Init
 .text.HAL_UART_Transmit
                0x080033da       0xd8 CMakeFiles/STM32F429IGT6_FreeRTOS_Clion.elf.dir/Drivers/STM32F4xx_HAL_Driver/Src/stm32f4xx_hal_uart.c.obj
                0x080033da                HAL_UART_Transmit
 .text.HAL_UART_Receive
                0x080034b2       0xe4 CMakeFiles/STM32F429IGT6_FreeRTOS_Clion.elf.dir/Drivers/STM32F4xx_HAL_Driver/Src/stm32f4xx_hal_uart.c.obj
                0x080034b2                HAL_UART_Receive
 .text.HAL_UART_TxCpltCallback
                0x08003596        0x2 CMakeFiles/STM32F429IGT6_FreeRTOS_Clion.elf.dir/Drivers/STM32F4xx_HAL_Driver/Src/stm32f4xx_hal_uart.c.obj
                0x08003596                HAL_UART_TxCpltCallback
 .text.UART_EndTransmit_IT
                0x08003598       0x1a CMakeFiles/STM32F429IGT6_FreeRTOS_Clion.elf.dir/Drivers/STM32F4xx_HAL_Driver/Src/stm32f4xx_hal_uart.c.obj
 .text.HAL_UART_ErrorCallback
                0x080035b2        0x2 CMakeFiles/STM32F429IGT6_FreeRTOS_Clion.elf.dir/Drivers/STM32F4xx_HAL_Driver/Src/stm32f4xx_hal_uart.c.obj
                0x080035b2                HAL_UART_ErrorCallback
 .text.UART_DMAAbortOnError
                0x080035b4       0x10 CMakeFiles/STM32F429IGT6_FreeRTOS_Clion.elf.dir/Drivers/STM32F4xx_HAL_Driver/Src/stm32f4xx_hal_uart.c.obj
 .text.HAL_UARTEx_RxEventCallback
                0x080035c4        0x2 CMakeFiles/STM32F429IGT6_FreeRTOS_Clion.elf.dir/Drivers/STM32F4xx_HAL_Driver/Src/stm32f4xx_hal_uart.c.obj
                0x080035c4                HAL_UARTEx_RxEventCallback
 .text.UART_Receive_IT
                0x080035c6       0xe2 CMakeFiles/STM32F429IGT6_FreeRTOS_Clion.elf.dir/Drivers/STM32F4xx_HAL_Driver/Src/stm32f4xx_hal_uart.c.obj
 .text.HAL_UART_IRQHandler
                0x080036a8      0x280 CMakeFiles/STM32F429IGT6_FreeRTOS_Clion.elf.dir/Drivers/STM32F4xx_HAL_Driver/Src/stm32f4xx_hal_uart.c.obj
                0x080036a8                HAL_UART_IRQHandler
 .text.UART_Start_Receive_IT
                0x08003928       0x3a CMakeFiles/STM32F429IGT6_FreeRTOS_Clion.elf.dir/Drivers/STM32F4xx_HAL_Driver/Src/stm32f4xx_hal_uart.c.obj
                0x08003928                UART_Start_Receive_IT
 .text.HAL_UART_Receive_IT
                0x08003962       0x38 CMakeFiles/STM32F429IGT6_FreeRTOS_Clion.elf.dir/Drivers/STM32F4xx_HAL_Driver/Src/stm32f4xx_hal_uart.c.obj
                0x08003962                HAL_UART_Receive_IT
 .text.makeFreeRtosPriority
                0x0800399a        0xc CMakeFiles/STM32F429IGT6_FreeRTOS_Clion.elf.dir/Middlewares/Third_Party/FreeRTOS/Source/CMSIS_RTOS/cmsis_os.c.obj
 .text.osKernelStart
                0x080039a6        0xa CMakeFiles/STM32F429IGT6_FreeRTOS_Clion.elf.dir/Middlewares/Third_Party/FreeRTOS/Source/CMSIS_RTOS/cmsis_os.c.obj
                0x080039a6                osKernelStart
 .text.osThreadCreate
                0x080039b0       0x6a CMakeFiles/STM32F429IGT6_FreeRTOS_Clion.elf.dir/Middlewares/Third_Party/FreeRTOS/Source/CMSIS_RTOS/cmsis_os.c.obj
                0x080039b0                osThreadCreate
 .text.osDelay  0x08003a1a        0xe CMakeFiles/STM32F429IGT6_FreeRTOS_Clion.elf.dir/Middlewares/Third_Party/FreeRTOS/Source/CMSIS_RTOS/cmsis_os.c.obj
                0x08003a1a                osDelay
 .text.osMutexCreate
                0x08003a28       0x16 CMakeFiles/STM32F429IGT6_FreeRTOS_Clion.elf.dir/Middlewares/Third_Party/FreeRTOS/Source/CMSIS_RTOS/cmsis_os.c.obj
                0x08003a28                osMutexCreate
 .text.osMessageCreate
                0x08003a3e       0x2a CMakeFiles/STM32F429IGT6_FreeRTOS_Clion.elf.dir/Middlewares/Third_Party/FreeRTOS/Source/CMSIS_RTOS/cmsis_os.c.obj
                0x08003a3e                osMessageCreate
 .text.vListInitialise
                0x08003a68       0x16 CMakeFiles/STM32F429IGT6_FreeRTOS_Clion.elf.dir/Middlewares/Third_Party/FreeRTOS/Source/list.c.obj
                0x08003a68                vListInitialise
 .text.vListInitialiseItem
                0x08003a7e        0x6 CMakeFiles/STM32F429IGT6_FreeRTOS_Clion.elf.dir/Middlewares/Third_Party/FreeRTOS/Source/list.c.obj
                0x08003a7e                vListInitialiseItem
 .text.vListInsertEnd
                0x08003a84       0x16 CMakeFiles/STM32F429IGT6_FreeRTOS_Clion.elf.dir/Middlewares/Third_Party/FreeRTOS/Source/list.c.obj
                0x08003a84                vListInsertEnd
 .text.vListInsert
                0x08003a9a       0x32 CMakeFiles/STM32F429IGT6_FreeRTOS_Clion.elf.dir/Middlewares/Third_Party/FreeRTOS/Source/list.c.obj
                0x08003a9a                vListInsert
 .text.uxListRemove
                0x08003acc       0x26 CMakeFiles/STM32F429IGT6_FreeRTOS_Clion.elf.dir/Middlewares/Third_Party/FreeRTOS/Source/list.c.obj
                0x08003acc                uxListRemove
 *fill*         0x08003af2        0x2 
 .text.prvTaskExitError
                0x08003af4       0x40 CMakeFiles/STM32F429IGT6_FreeRTOS_Clion.elf.dir/Middlewares/Third_Party/FreeRTOS/Source/portable/GCC/ARM_CM4F/port.c.obj
 .text.prvPortStartFirstTask
                0x08003b34       0x28 CMakeFiles/STM32F429IGT6_FreeRTOS_Clion.elf.dir/Middlewares/Third_Party/FreeRTOS/Source/portable/GCC/ARM_CM4F/port.c.obj
 .text.vPortEnableVFP
                0x08003b5c       0x14 CMakeFiles/STM32F429IGT6_FreeRTOS_Clion.elf.dir/Middlewares/Third_Party/FreeRTOS/Source/portable/GCC/ARM_CM4F/port.c.obj
 .text.pxPortInitialiseStack
                0x08003b70       0x2c CMakeFiles/STM32F429IGT6_FreeRTOS_Clion.elf.dir/Middlewares/Third_Party/FreeRTOS/Source/portable/GCC/ARM_CM4F/port.c.obj
                0x08003b70                pxPortInitialiseStack
 *fill*         0x08003b9c        0x4 
 .text.SVC_Handler
                0x08003ba0       0x24 CMakeFiles/STM32F429IGT6_FreeRTOS_Clion.elf.dir/Middlewares/Third_Party/FreeRTOS/Source/portable/GCC/ARM_CM4F/port.c.obj
                0x08003ba0                SVC_Handler
 .text.vPortEnterCritical
                0x08003bc4       0x44 CMakeFiles/STM32F429IGT6_FreeRTOS_Clion.elf.dir/Middlewares/Third_Party/FreeRTOS/Source/portable/GCC/ARM_CM4F/port.c.obj
                0x08003bc4                vPortEnterCritical
 .text.vPortExitCritical
                0x08003c08       0x2c CMakeFiles/STM32F429IGT6_FreeRTOS_Clion.elf.dir/Middlewares/Third_Party/FreeRTOS/Source/portable/GCC/ARM_CM4F/port.c.obj
                0x08003c08                vPortExitCritical
 *fill*         0x08003c34        0xc 
 .text.PendSV_Handler
                0x08003c40       0x64 CMakeFiles/STM32F429IGT6_FreeRTOS_Clion.elf.dir/Middlewares/Third_Party/FreeRTOS/Source/portable/GCC/ARM_CM4F/port.c.obj
                0x08003c40                PendSV_Handler
 .text.SysTick_Handler
                0x08003ca4       0x2c CMakeFiles/STM32F429IGT6_FreeRTOS_Clion.elf.dir/Middlewares/Third_Party/FreeRTOS/Source/portable/GCC/ARM_CM4F/port.c.obj
                0x08003ca4                SysTick_Handler
 .text.vPortSetupTimerInterrupt
                0x08003cd0       0x28 CMakeFiles/STM32F429IGT6_FreeRTOS_Clion.elf.dir/Middlewares/Third_Party/FreeRTOS/Source/portable/GCC/ARM_CM4F/port.c.obj
                0x08003cd0                vPortSetupTimerInterrupt
 .text.xPortStartScheduler
                0x08003cf8      0x118 CMakeFiles/STM32F429IGT6_FreeRTOS_Clion.elf.dir/Middlewares/Third_Party/FreeRTOS/Source/portable/GCC/ARM_CM4F/port.c.obj
                0x08003cf8                xPortStartScheduler
 .text.prvHeapInit
                0x08003e10       0x64 CMakeFiles/STM32F429IGT6_FreeRTOS_Clion.elf.dir/Middlewares/Third_Party/FreeRTOS/Source/portable/MemMang/heap_4.c.obj
 .text.prvInsertBlockIntoFreeList
                0x08003e74       0x64 CMakeFiles/STM32F429IGT6_FreeRTOS_Clion.elf.dir/Middlewares/Third_Party/FreeRTOS/Source/portable/MemMang/heap_4.c.obj
 .text.pvPortMalloc
                0x08003ed8       0xfc CMakeFiles/STM32F429IGT6_FreeRTOS_Clion.elf.dir/Middlewares/Third_Party/FreeRTOS/Source/portable/MemMang/heap_4.c.obj
                0x08003ed8                pvPortMalloc
 .text.vPortFree
                0x08003fd4       0x7c CMakeFiles/STM32F429IGT6_FreeRTOS_Clion.elf.dir/Middlewares/Third_Party/FreeRTOS/Source/portable/MemMang/heap_4.c.obj
                0x08003fd4                vPortFree
 .text.prvIsQueueFull
                0x08004050       0x1e CMakeFiles/STM32F429IGT6_FreeRTOS_Clion.elf.dir/Middlewares/Third_Party/FreeRTOS/Source/queue.c.obj
 .text.prvIsQueueEmpty
                0x0800406e       0x1a CMakeFiles/STM32F429IGT6_FreeRTOS_Clion.elf.dir/Middlewares/Third_Party/FreeRTOS/Source/queue.c.obj
 .text.prvCopyDataToQueue
                0x08004088       0x76 CMakeFiles/STM32F429IGT6_FreeRTOS_Clion.elf.dir/Middlewares/Third_Party/FreeRTOS/Source/queue.c.obj
 .text.prvCopyDataFromQueue
                0x080040fe       0x24 CMakeFiles/STM32F429IGT6_FreeRTOS_Clion.elf.dir/Middlewares/Third_Party/FreeRTOS/Source/queue.c.obj
 .text.prvUnlockQueue
                0x08004122       0x6e CMakeFiles/STM32F429IGT6_FreeRTOS_Clion.elf.dir/Middlewares/Third_Party/FreeRTOS/Source/queue.c.obj
 .text.xQueueGenericReset
                0x08004190       0x84 CMakeFiles/STM32F429IGT6_FreeRTOS_Clion.elf.dir/Middlewares/Third_Party/FreeRTOS/Source/queue.c.obj
                0x08004190                xQueueGenericReset
 .text.prvInitialiseNewQueue
                0x08004214       0x1c CMakeFiles/STM32F429IGT6_FreeRTOS_Clion.elf.dir/Middlewares/Third_Party/FreeRTOS/Source/queue.c.obj
 .text.xQueueGenericCreateStatic
                0x08004230       0x94 CMakeFiles/STM32F429IGT6_FreeRTOS_Clion.elf.dir/Middlewares/Third_Party/FreeRTOS/Source/queue.c.obj
                0x08004230                xQueueGenericCreateStatic
 .text.xQueueGenericCreate
                0x080042c4       0x48 CMakeFiles/STM32F429IGT6_FreeRTOS_Clion.elf.dir/Middlewares/Third_Party/FreeRTOS/Source/queue.c.obj
                0x080042c4                xQueueGenericCreate
 .text.xQueueGenericSend
                0x0800430c      0x188 CMakeFiles/STM32F429IGT6_FreeRTOS_Clion.elf.dir/Middlewares/Third_Party/FreeRTOS/Source/queue.c.obj
                0x0800430c                xQueueGenericSend
 .text.prvInitialiseMutex
                0x08004494       0x18 CMakeFiles/STM32F429IGT6_FreeRTOS_Clion.elf.dir/Middlewares/Third_Party/FreeRTOS/Source/queue.c.obj
 .text.xQueueCreateMutex
                0x080044ac       0x16 CMakeFiles/STM32F429IGT6_FreeRTOS_Clion.elf.dir/Middlewares/Third_Party/FreeRTOS/Source/queue.c.obj
                0x080044ac                xQueueCreateMutex
 .text.xQueueCreateMutexStatic
                0x080044c2       0x1e CMakeFiles/STM32F429IGT6_FreeRTOS_Clion.elf.dir/Middlewares/Third_Party/FreeRTOS/Source/queue.c.obj
                0x080044c2                xQueueCreateMutexStatic
 .text.xQueueReceive
                0x080044e0      0x15e CMakeFiles/STM32F429IGT6_FreeRTOS_Clion.elf.dir/Middlewares/Third_Party/FreeRTOS/Source/queue.c.obj
                0x080044e0                xQueueReceive
 .text.prvTaskCheckFreeStackSpace
                0x0800463e       0x14 CMakeFiles/STM32F429IGT6_FreeRTOS_Clion.elf.dir/Middlewares/Third_Party/FreeRTOS/Source/tasks.c.obj
 *fill*         0x08004652        0x2 
 .text.prvResetNextTaskUnblockTime
                0x08004654       0x2c CMakeFiles/STM32F429IGT6_FreeRTOS_Clion.elf.dir/Middlewares/Third_Party/FreeRTOS/Source/tasks.c.obj
 .text.prvInitialiseNewTask
                0x08004680       0xa6 CMakeFiles/STM32F429IGT6_FreeRTOS_Clion.elf.dir/Middlewares/Third_Party/FreeRTOS/Source/tasks.c.obj
 *fill*         0x08004726        0x2 
 .text.prvInitialiseTaskLists
                0x08004728       0x68 CMakeFiles/STM32F429IGT6_FreeRTOS_Clion.elf.dir/Middlewares/Third_Party/FreeRTOS/Source/tasks.c.obj
 .text.prvAddNewTaskToReadyList
                0x08004790       0xa8 CMakeFiles/STM32F429IGT6_FreeRTOS_Clion.elf.dir/Middlewares/Third_Party/FreeRTOS/Source/tasks.c.obj
 .text.prvDeleteTCB
                0x08004838       0x38 CMakeFiles/STM32F429IGT6_FreeRTOS_Clion.elf.dir/Middlewares/Third_Party/FreeRTOS/Source/tasks.c.obj
 .text.prvCheckTasksWaitingTermination
                0x08004870       0x4c CMakeFiles/STM32F429IGT6_FreeRTOS_Clion.elf.dir/Middlewares/Third_Party/FreeRTOS/Source/tasks.c.obj
 .text.prvIdleTask
                0x080048bc       0x28 CMakeFiles/STM32F429IGT6_FreeRTOS_Clion.elf.dir/Middlewares/Third_Party/FreeRTOS/Source/tasks.c.obj
 .text.prvAddCurrentTaskToDelayedList
                0x080048e4       0x98 CMakeFiles/STM32F429IGT6_FreeRTOS_Clion.elf.dir/Middlewares/Third_Party/FreeRTOS/Source/tasks.c.obj
 .text.xTaskCreateStatic
                0x0800497c       0x76 CMakeFiles/STM32F429IGT6_FreeRTOS_Clion.elf.dir/Middlewares/Third_Party/FreeRTOS/Source/tasks.c.obj
                0x0800497c                xTaskCreateStatic
 .text.xTaskCreate
                0x080049f2       0x68 CMakeFiles/STM32F429IGT6_FreeRTOS_Clion.elf.dir/Middlewares/Third_Party/FreeRTOS/Source/tasks.c.obj
                0x080049f2                xTaskCreate
 *fill*         0x08004a5a        0x2 
 .text.vTaskStartScheduler
                0x08004a5c       0x74 CMakeFiles/STM32F429IGT6_FreeRTOS_Clion.elf.dir/Middlewares/Third_Party/FreeRTOS/Source/tasks.c.obj
                0x08004a5c                vTaskStartScheduler
 .text.vTaskSuspendAll
                0x08004ad0       0x10 CMakeFiles/STM32F429IGT6_FreeRTOS_Clion.elf.dir/Middlewares/Third_Party/FreeRTOS/Source/tasks.c.obj
                0x08004ad0                vTaskSuspendAll
 .text.xTaskIncrementTick
                0x08004ae0      0x118 CMakeFiles/STM32F429IGT6_FreeRTOS_Clion.elf.dir/Middlewares/Third_Party/FreeRTOS/Source/tasks.c.obj
                0x08004ae0                xTaskIncrementTick
 .text.xTaskResumeAll
                0x08004bf8       0xf8 CMakeFiles/STM32F429IGT6_FreeRTOS_Clion.elf.dir/Middlewares/Third_Party/FreeRTOS/Source/tasks.c.obj
                0x08004bf8                xTaskResumeAll
 .text.vTaskDelay
                0x08004cf0       0x4c CMakeFiles/STM32F429IGT6_FreeRTOS_Clion.elf.dir/Middlewares/Third_Party/FreeRTOS/Source/tasks.c.obj
                0x08004cf0                vTaskDelay
 .text.vTaskSwitchContext
                0x08004d3c       0x98 CMakeFiles/STM32F429IGT6_FreeRTOS_Clion.elf.dir/Middlewares/Third_Party/FreeRTOS/Source/tasks.c.obj
                0x08004d3c                vTaskSwitchContext
 .text.vTaskPlaceOnEventList
                0x08004dd4       0x30 CMakeFiles/STM32F429IGT6_FreeRTOS_Clion.elf.dir/Middlewares/Third_Party/FreeRTOS/Source/tasks.c.obj
                0x08004dd4                vTaskPlaceOnEventList
 .text.xTaskRemoveFromEventList
                0x08004e04       0x8c CMakeFiles/STM32F429IGT6_FreeRTOS_Clion.elf.dir/Middlewares/Third_Party/FreeRTOS/Source/tasks.c.obj
                0x08004e04                xTaskRemoveFromEventList
 .text.vTaskInternalSetTimeOutState
                0x08004e90       0x18 CMakeFiles/STM32F429IGT6_FreeRTOS_Clion.elf.dir/Middlewares/Third_Party/FreeRTOS/Source/tasks.c.obj
                0x08004e90                vTaskInternalSetTimeOutState
 .text.xTaskCheckForTimeOut
                0x08004ea8       0x84 CMakeFiles/STM32F429IGT6_FreeRTOS_Clion.elf.dir/Middlewares/Third_Party/FreeRTOS/Source/tasks.c.obj
                0x08004ea8                xTaskCheckForTimeOut
 .text.vTaskMissedYield
                0x08004f2c        0xc CMakeFiles/STM32F429IGT6_FreeRTOS_Clion.elf.dir/Middlewares/Third_Party/FreeRTOS/Source/tasks.c.obj
                0x08004f2c                vTaskMissedYield
 .text.uxTaskGetStackHighWaterMark
                0x08004f38       0x18 CMakeFiles/STM32F429IGT6_FreeRTOS_Clion.elf.dir/Middlewares/Third_Party/FreeRTOS/Source/tasks.c.obj
                0x08004f38                uxTaskGetStackHighWaterMark
 .text.xTaskGetSchedulerState
                0x08004f50       0x20 CMakeFiles/STM32F429IGT6_FreeRTOS_Clion.elf.dir/Middlewares/Third_Party/FreeRTOS/Source/tasks.c.obj
                0x08004f50                xTaskGetSchedulerState
 .text.xTaskPriorityDisinherit
                0x08004f70       0xb4 CMakeFiles/STM32F429IGT6_FreeRTOS_Clion.elf.dir/Middlewares/Third_Party/FreeRTOS/Source/tasks.c.obj
                0x08004f70                xTaskPriorityDisinherit
 .text.DHT11_Pin_Mode
                0x08005024       0x40 CMakeFiles/STM32F429IGT6_FreeRTOS_Clion.elf.dir/User/DHT11/bsp_dht11.c.obj
                0x08005024                DHT11_Pin_Mode
 .text.DHT11_Read_Byte
                0x08005064       0x60 CMakeFiles/STM32F429IGT6_FreeRTOS_Clion.elf.dir/User/DHT11/bsp_dht11.c.obj
                0x08005064                DHT11_Read_Byte
 .text.DHT11_Read_Temperature_and_Humidity
                0x080050c4       0xd8 CMakeFiles/STM32F429IGT6_FreeRTOS_Clion.elf.dir/User/DHT11/bsp_dht11.c.obj
                0x080050c4                DHT11_Read_Temperature_and_Humidity
 .text.ESP_Init
                0x0800519c       0x34 CMakeFiles/STM32F429IGT6_FreeRTOS_Clion.elf.dir/User/ESP-01S/bsp_esp01s.c.obj
                0x0800519c                ESP_Init
 .text.HAL_UART_RxCpltCallback
                0x080051d0       0x64 CMakeFiles/STM32F429IGT6_FreeRTOS_Clion.elf.dir/User/ESP-01S/bsp_esp01s.c.obj
                0x080051d0                HAL_UART_RxCpltCallback
 .text.Delay_us
                0x08005234       0x5c CMakeFiles/STM32F429IGT6_FreeRTOS_Clion.elf.dir/User/Functions/delay.c.obj
                0x08005234                Delay_us
 .text.Delay_ms
                0x08005290       0x16 CMakeFiles/STM32F429IGT6_FreeRTOS_Clion.elf.dir/User/Functions/delay.c.obj
                0x08005290                Delay_ms
 *fill*         0x080052a6        0x2 
 .text.LED_Init
                0x080052a8       0x14 CMakeFiles/STM32F429IGT6_FreeRTOS_Clion.elf.dir/User/LED/bsp_led.c.obj
                0x080052a8                LED_Init
 .text.OLED_Reset
                0x080052bc       0x24 CMakeFiles/STM32F429IGT6_FreeRTOS_Clion.elf.dir/User/OLED/bsp_096oled.c.obj
                0x080052bc                OLED_Reset
 .text.OLED_Send_Data
                0x080052e0       0x30 CMakeFiles/STM32F429IGT6_FreeRTOS_Clion.elf.dir/User/OLED/bsp_096oled.c.obj
                0x080052e0                OLED_Send_Data
 .text.OLED_Send_Command
                0x08005310       0x30 CMakeFiles/STM32F429IGT6_FreeRTOS_Clion.elf.dir/User/OLED/bsp_096oled.c.obj
                0x08005310                OLED_Send_Command
 .text.OLED_Clean
                0x08005340       0x5e CMakeFiles/STM32F429IGT6_FreeRTOS_Clion.elf.dir/User/OLED/bsp_096oled.c.obj
                0x08005340                OLED_Clean
 .text.OLED_Init
                0x0800539e       0xa8 CMakeFiles/STM32F429IGT6_FreeRTOS_Clion.elf.dir/User/OLED/bsp_096oled.c.obj
                0x0800539e                OLED_Init
 .text.OLED_Put_Char
                0x08005446       0x94 CMakeFiles/STM32F429IGT6_FreeRTOS_Clion.elf.dir/User/OLED/bsp_096oled.c.obj
                0x08005446                OLED_Put_Char
 *fill*         0x080054da        0x2 
 .text.RetargetInit
                0x080054dc       0x20 CMakeFiles/STM32F429IGT6_FreeRTOS_Clion.elf.dir/User/USART/retarget.c.obj
                0x080054dc                RetargetInit
 .text._isatty  0x080054fc       0x16 CMakeFiles/STM32F429IGT6_FreeRTOS_Clion.elf.dir/User/USART/retarget.c.obj
                0x080054fc                _isatty
 *fill*         0x08005512        0x2 
 .text._write   0x08005514       0x34 CMakeFiles/STM32F429IGT6_FreeRTOS_Clion.elf.dir/User/USART/retarget.c.obj
                0x08005514                _write
 .text._close   0x08005548       0x18 CMakeFiles/STM32F429IGT6_FreeRTOS_Clion.elf.dir/User/USART/retarget.c.obj
                0x08005548                _close
 .text._lseek   0x08005560       0x10 CMakeFiles/STM32F429IGT6_FreeRTOS_Clion.elf.dir/User/USART/retarget.c.obj
                0x08005560                _lseek
 .text._read    0x08005570       0x30 CMakeFiles/STM32F429IGT6_FreeRTOS_Clion.elf.dir/User/USART/retarget.c.obj
                0x08005570                _read
 .text._fstat   0x080055a0       0x1a CMakeFiles/STM32F429IGT6_FreeRTOS_Clion.elf.dir/User/USART/retarget.c.obj
                0x080055a0                _fstat
 *fill*         0x080055ba        0x2 
 .text.__errno  0x080055bc        0xc c:/gnuarm~1/102021~1.10/bin/../lib/gcc/arm-none-eabi/10.3.1/../../../../arm-none-eabi/lib/thumb/v7e-m+fp/hard\libg.a(lib_a-errno.o)
                0x080055bc                __errno
 .text.__libc_init_array
                0x080055c8       0x48 c:/gnuarm~1/102021~1.10/bin/../lib/gcc/arm-none-eabi/10.3.1/../../../../arm-none-eabi/lib/thumb/v7e-m+fp/hard\libg.a(lib_a-init.o)
                0x080055c8                __libc_init_array
 .text.memset   0x08005610       0xa4 c:/gnuarm~1/102021~1.10/bin/../lib/gcc/arm-none-eabi/10.3.1/../../../../arm-none-eabi/lib/thumb/v7e-m+fp/hard\libg.a(lib_a-memset.o)
                0x08005610                memset
 .text.printf   0x080056b4       0x28 c:/gnuarm~1/102021~1.10/bin/../lib/gcc/arm-none-eabi/10.3.1/../../../../arm-none-eabi/lib/thumb/v7e-m+fp/hard\libg.a(lib_a-printf.o)
                0x080056b4                printf
 .text.setvbuf  0x080056dc      0x1b0 c:/gnuarm~1/102021~1.10/bin/../lib/gcc/arm-none-eabi/10.3.1/../../../../arm-none-eabi/lib/thumb/v7e-m+fp/hard\libg.a(lib_a-setvbuf.o)
                0x080056dc                setvbuf
 *fill*         0x0800588c        0x4 
 .text._vfprintf_r
                0x08005890     0x1b90 c:/gnuarm~1/102021~1.10/bin/../lib/gcc/arm-none-eabi/10.3.1/../../../../arm-none-eabi/lib/thumb/v7e-m+fp/hard\libg.a(lib_a-vfprintf.o)
                0x08005890                _vfprintf_r
 .text.__sbprintf
                0x08007420       0x80 c:/gnuarm~1/102021~1.10/bin/../lib/gcc/arm-none-eabi/10.3.1/../../../../arm-none-eabi/lib/thumb/v7e-m+fp/hard\libg.a(lib_a-vfprintf.o)
 .text.__swsetup_r
                0x080074a0       0xd4 c:/gnuarm~1/102021~1.10/bin/../lib/gcc/arm-none-eabi/10.3.1/../../../../arm-none-eabi/lib/thumb/v7e-m+fp/hard\libg.a(lib_a-wsetup.o)
                0x080074a0                __swsetup_r
 .text.startup.register_fini
                0x08007574       0x14 c:/gnuarm~1/102021~1.10/bin/../lib/gcc/arm-none-eabi/10.3.1/../../../../arm-none-eabi/lib/thumb/v7e-m+fp/hard\libg.a(lib_a-__call_atexit.o)
 .text.atexit   0x08007588        0xc c:/gnuarm~1/102021~1.10/bin/../lib/gcc/arm-none-eabi/10.3.1/../../../../arm-none-eabi/lib/thumb/v7e-m+fp/hard\libg.a(lib_a-atexit.o)
                0x08007588                atexit
 .text.quorem   0x08007594      0x128 c:/gnuarm~1/102021~1.10/bin/../lib/gcc/arm-none-eabi/10.3.1/../../../../arm-none-eabi/lib/thumb/v7e-m+fp/hard\libg.a(lib_a-dtoa.o)
 *fill*         0x080076bc        0x4 
 .text._dtoa_r  0x080076c0      0xf3c c:/gnuarm~1/102021~1.10/bin/../lib/gcc/arm-none-eabi/10.3.1/../../../../arm-none-eabi/lib/thumb/v7e-m+fp/hard\libg.a(lib_a-dtoa.o)
                0x080076c0                _dtoa_r
 .text.__sflush_r
                0x080085fc      0x130 c:/gnuarm~1/102021~1.10/bin/../lib/gcc/arm-none-eabi/10.3.1/../../../../arm-none-eabi/lib/thumb/v7e-m+fp/hard\libg.a(lib_a-fflush.o)
                0x080085fc                __sflush_r
 .text._fflush_r
                0x0800872c       0x5c c:/gnuarm~1/102021~1.10/bin/../lib/gcc/arm-none-eabi/10.3.1/../../../../arm-none-eabi/lib/thumb/v7e-m+fp/hard\libg.a(lib_a-fflush.o)
                0x0800872c                _fflush_r
 .text._cleanup_r
                0x08008788        0xc c:/gnuarm~1/102021~1.10/bin/../lib/gcc/arm-none-eabi/10.3.1/../../../../arm-none-eabi/lib/thumb/v7e-m+fp/hard\libg.a(lib_a-findfp.o)
                0x08008788                _cleanup_r
 .text.__sinit  0x08008794      0x10c c:/gnuarm~1/102021~1.10/bin/../lib/gcc/arm-none-eabi/10.3.1/../../../../arm-none-eabi/lib/thumb/v7e-m+fp/hard\libg.a(lib_a-findfp.o)
                0x08008794                __sinit
 .text.__sfp_lock_acquire
                0x080088a0        0xc c:/gnuarm~1/102021~1.10/bin/../lib/gcc/arm-none-eabi/10.3.1/../../../../arm-none-eabi/lib/thumb/v7e-m+fp/hard\libg.a(lib_a-findfp.o)
                0x080088a0                __sfp_lock_acquire
 .text.__sfp_lock_release
                0x080088ac        0xc c:/gnuarm~1/102021~1.10/bin/../lib/gcc/arm-none-eabi/10.3.1/../../../../arm-none-eabi/lib/thumb/v7e-m+fp/hard\libg.a(lib_a-findfp.o)
                0x080088ac                __sfp_lock_release
 .text.__libc_fini_array
                0x080088b8       0x2c c:/gnuarm~1/102021~1.10/bin/../lib/gcc/arm-none-eabi/10.3.1/../../../../arm-none-eabi/lib/thumb/v7e-m+fp/hard\libg.a(lib_a-fini.o)
                0x080088b8                __libc_fini_array
 .text._malloc_trim_r
                0x080088e4       0xa0 c:/gnuarm~1/102021~1.10/bin/../lib/gcc/arm-none-eabi/10.3.1/../../../../arm-none-eabi/lib/thumb/v7e-m+fp/hard\libg.a(lib_a-freer.o)
                0x080088e4                _malloc_trim_r
 .text._free_r  0x08008984      0x20c c:/gnuarm~1/102021~1.10/bin/../lib/gcc/arm-none-eabi/10.3.1/../../../../arm-none-eabi/lib/thumb/v7e-m+fp/hard\libg.a(lib_a-freer.o)
                0x08008984                _free_r
 .text._fwalk_reent
                0x08008b90       0x48 c:/gnuarm~1/102021~1.10/bin/../lib/gcc/arm-none-eabi/10.3.1/../../../../arm-none-eabi/lib/thumb/v7e-m+fp/hard\libg.a(lib_a-fwalk.o)
                0x08008b90                _fwalk_reent
 .text._localeconv_r
                0x08008bd8        0x8 c:/gnuarm~1/102021~1.10/bin/../lib/gcc/arm-none-eabi/10.3.1/../../../../arm-none-eabi/lib/thumb/v7e-m+fp/hard\libg.a(lib_a-localeconv.o)
                0x08008bd8                _localeconv_r
 .text.__retarget_lock_init_recursive
                0x08008be0        0x4 c:/gnuarm~1/102021~1.10/bin/../lib/gcc/arm-none-eabi/10.3.1/../../../../arm-none-eabi/lib/thumb/v7e-m+fp/hard\libg.a(lib_a-lock.o)
                0x08008be0                __retarget_lock_init_recursive
 .text.__retarget_lock_close_recursive
                0x08008be4        0x4 c:/gnuarm~1/102021~1.10/bin/../lib/gcc/arm-none-eabi/10.3.1/../../../../arm-none-eabi/lib/thumb/v7e-m+fp/hard\libg.a(lib_a-lock.o)
                0x08008be4                __retarget_lock_close_recursive
 .text.__retarget_lock_acquire_recursive
                0x08008be8        0x4 c:/gnuarm~1/102021~1.10/bin/../lib/gcc/arm-none-eabi/10.3.1/../../../../arm-none-eabi/lib/thumb/v7e-m+fp/hard\libg.a(lib_a-lock.o)
                0x08008be8                __retarget_lock_acquire_recursive
 .text.__retarget_lock_release_recursive
                0x08008bec        0x4 c:/gnuarm~1/102021~1.10/bin/../lib/gcc/arm-none-eabi/10.3.1/../../../../arm-none-eabi/lib/thumb/v7e-m+fp/hard\libg.a(lib_a-lock.o)
                0x08008bec                __retarget_lock_release_recursive
 .text.__smakebuf_r
                0x08008bf0       0xe0 c:/gnuarm~1/102021~1.10/bin/../lib/gcc/arm-none-eabi/10.3.1/../../../../arm-none-eabi/lib/thumb/v7e-m+fp/hard\libg.a(lib_a-makebuf.o)
                0x08008bf0                __smakebuf_r
 .text.__swhatbuf_r
                0x08008cd0       0x60 c:/gnuarm~1/102021~1.10/bin/../lib/gcc/arm-none-eabi/10.3.1/../../../../arm-none-eabi/lib/thumb/v7e-m+fp/hard\libg.a(lib_a-makebuf.o)
                0x08008cd0                __swhatbuf_r
 .text.malloc   0x08008d30       0x10 c:/gnuarm~1/102021~1.10/bin/../lib/gcc/arm-none-eabi/10.3.1/../../../../arm-none-eabi/lib/thumb/v7e-m+fp/hard\libg.a(lib_a-malloc.o)
                0x08008d30                malloc
 .text._malloc_r
                0x08008d40      0x560 c:/gnuarm~1/102021~1.10/bin/../lib/gcc/arm-none-eabi/10.3.1/../../../../arm-none-eabi/lib/thumb/v7e-m+fp/hard\libg.a(lib_a-mallocr.o)
                0x08008d40                _malloc_r
 .text.__malloc_lock
                0x080092a0        0xc c:/gnuarm~1/102021~1.10/bin/../lib/gcc/arm-none-eabi/10.3.1/../../../../arm-none-eabi/lib/thumb/v7e-m+fp/hard\libg.a(lib_a-mlock.o)
                0x080092a0                __malloc_lock
 .text.__malloc_unlock
                0x080092ac        0xc c:/gnuarm~1/102021~1.10/bin/../lib/gcc/arm-none-eabi/10.3.1/../../../../arm-none-eabi/lib/thumb/v7e-m+fp/hard\libg.a(lib_a-mlock.o)
                0x080092ac                __malloc_unlock
 .text._Balloc  0x080092b8       0x4c c:/gnuarm~1/102021~1.10/bin/../lib/gcc/arm-none-eabi/10.3.1/../../../../arm-none-eabi/lib/thumb/v7e-m+fp/hard\libg.a(lib_a-mprec.o)
                0x080092b8                _Balloc
 .text._Bfree   0x08009304       0x14 c:/gnuarm~1/102021~1.10/bin/../lib/gcc/arm-none-eabi/10.3.1/../../../../arm-none-eabi/lib/thumb/v7e-m+fp/hard\libg.a(lib_a-mprec.o)
                0x08009304                _Bfree
 .text.__multadd
                0x08009318       0xa8 c:/gnuarm~1/102021~1.10/bin/../lib/gcc/arm-none-eabi/10.3.1/../../../../arm-none-eabi/lib/thumb/v7e-m+fp/hard\libg.a(lib_a-mprec.o)
                0x08009318                __multadd
 .text.__hi0bits
                0x080093c0       0x40 c:/gnuarm~1/102021~1.10/bin/../lib/gcc/arm-none-eabi/10.3.1/../../../../arm-none-eabi/lib/thumb/v7e-m+fp/hard\libg.a(lib_a-mprec.o)
                0x080093c0                __hi0bits
 .text.__lo0bits
                0x08009400       0x60 c:/gnuarm~1/102021~1.10/bin/../lib/gcc/arm-none-eabi/10.3.1/../../../../arm-none-eabi/lib/thumb/v7e-m+fp/hard\libg.a(lib_a-mprec.o)
                0x08009400                __lo0bits
 .text.__i2b    0x08009460       0x5c c:/gnuarm~1/102021~1.10/bin/../lib/gcc/arm-none-eabi/10.3.1/../../../../arm-none-eabi/lib/thumb/v7e-m+fp/hard\libg.a(lib_a-mprec.o)
                0x08009460                __i2b
 .text.__multiply
                0x080094bc      0x15c c:/gnuarm~1/102021~1.10/bin/../lib/gcc/arm-none-eabi/10.3.1/../../../../arm-none-eabi/lib/thumb/v7e-m+fp/hard\libg.a(lib_a-mprec.o)
                0x080094bc                __multiply
 .text.__pow5mult
                0x08009618       0xc0 c:/gnuarm~1/102021~1.10/bin/../lib/gcc/arm-none-eabi/10.3.1/../../../../arm-none-eabi/lib/thumb/v7e-m+fp/hard\libg.a(lib_a-mprec.o)
                0x08009618                __pow5mult
 .text.__lshift
                0x080096d8       0xf0 c:/gnuarm~1/102021~1.10/bin/../lib/gcc/arm-none-eabi/10.3.1/../../../../arm-none-eabi/lib/thumb/v7e-m+fp/hard\libg.a(lib_a-mprec.o)
                0x080096d8                __lshift
 .text.__mcmp   0x080097c8       0x44 c:/gnuarm~1/102021~1.10/bin/../lib/gcc/arm-none-eabi/10.3.1/../../../../arm-none-eabi/lib/thumb/v7e-m+fp/hard\libg.a(lib_a-mprec.o)
                0x080097c8                __mcmp
 .text.__mdiff  0x0800980c      0x14c c:/gnuarm~1/102021~1.10/bin/../lib/gcc/arm-none-eabi/10.3.1/../../../../arm-none-eabi/lib/thumb/v7e-m+fp/hard\libg.a(lib_a-mprec.o)
                0x0800980c                __mdiff
 .text.__d2b    0x08009958       0xd0 c:/gnuarm~1/102021~1.10/bin/../lib/gcc/arm-none-eabi/10.3.1/../../../../arm-none-eabi/lib/thumb/v7e-m+fp/hard\libg.a(lib_a-mprec.o)
                0x08009958                __d2b
 .text.frexp    0x08009a28       0x6c c:/gnuarm~1/102021~1.10/bin/../lib/gcc/arm-none-eabi/10.3.1/../../../../arm-none-eabi/lib/thumb/v7e-m+fp/hard\libg.a(lib_a-s_frexp.o)
                0x08009a28                frexp
 .text._sbrk_r  0x08009a94       0x24 c:/gnuarm~1/102021~1.10/bin/../lib/gcc/arm-none-eabi/10.3.1/../../../../arm-none-eabi/lib/thumb/v7e-m+fp/hard\libg.a(lib_a-sbrkr.o)
                0x08009a94                _sbrk_r
 .text.__sread  0x08009ab8       0x24 c:/gnuarm~1/102021~1.10/bin/../lib/gcc/arm-none-eabi/10.3.1/../../../../arm-none-eabi/lib/thumb/v7e-m+fp/hard\libg.a(lib_a-stdio.o)
                0x08009ab8                __sread
 .text.__swrite
                0x08009adc       0x40 c:/gnuarm~1/102021~1.10/bin/../lib/gcc/arm-none-eabi/10.3.1/../../../../arm-none-eabi/lib/thumb/v7e-m+fp/hard\libg.a(lib_a-stdio.o)
                0x08009adc                __swrite
 .text.__sseek  0x08009b1c       0x20 c:/gnuarm~1/102021~1.10/bin/../lib/gcc/arm-none-eabi/10.3.1/../../../../arm-none-eabi/lib/thumb/v7e-m+fp/hard\libg.a(lib_a-stdio.o)
                0x08009b1c                __sseek
 .text.__sclose
                0x08009b3c        0x8 c:/gnuarm~1/102021~1.10/bin/../lib/gcc/arm-none-eabi/10.3.1/../../../../arm-none-eabi/lib/thumb/v7e-m+fp/hard\libg.a(lib_a-stdio.o)
                0x08009b3c                __sclose
 .text.strncpy  0x08009b44       0x64 c:/gnuarm~1/102021~1.10/bin/../lib/gcc/arm-none-eabi/10.3.1/../../../../arm-none-eabi/lib/thumb/v7e-m+fp/hard\libg.a(lib_a-strncpy.o)
                0x08009b44                strncpy
 .text.__sprint_r.part.0
                0x08009ba8       0x78 c:/gnuarm~1/102021~1.10/bin/../lib/gcc/arm-none-eabi/10.3.1/../../../../arm-none-eabi/lib/thumb/v7e-m+fp/hard\libg.a(lib_a-vfiprintf.o)
 .text.__sprint_r
                0x08009c20       0x18 c:/gnuarm~1/102021~1.10/bin/../lib/gcc/arm-none-eabi/10.3.1/../../../../arm-none-eabi/lib/thumb/v7e-m+fp/hard\libg.a(lib_a-vfiprintf.o)
                0x08009c20                __sprint_r
 .text._vfiprintf_r
                0x08009c38      0xdfc c:/gnuarm~1/102021~1.10/bin/../lib/gcc/arm-none-eabi/10.3.1/../../../../arm-none-eabi/lib/thumb/v7e-m+fp/hard\libg.a(lib_a-vfiprintf.o)
                0x08009c38                _vfiprintf_r
 .text.__sbprintf
                0x0800aa34       0x80 c:/gnuarm~1/102021~1.10/bin/../lib/gcc/arm-none-eabi/10.3.1/../../../../arm-none-eabi/lib/thumb/v7e-m+fp/hard\libg.a(lib_a-vfiprintf.o)
 .text._write_r
                0x0800aab4       0x2c c:/gnuarm~1/102021~1.10/bin/../lib/gcc/arm-none-eabi/10.3.1/../../../../arm-none-eabi/lib/thumb/v7e-m+fp/hard\libg.a(lib_a-writer.o)
                0x0800aab4                _write_r
 .text.__register_exitproc
                0x0800aae0       0x8c c:/gnuarm~1/102021~1.10/bin/../lib/gcc/arm-none-eabi/10.3.1/../../../../arm-none-eabi/lib/thumb/v7e-m+fp/hard\libg.a(lib_a-__atexit.o)
                0x0800aae0                __register_exitproc
 .text.__assert_func
                0x0800ab6c       0x40 c:/gnuarm~1/102021~1.10/bin/../lib/gcc/arm-none-eabi/10.3.1/../../../../arm-none-eabi/lib/thumb/v7e-m+fp/hard\libg.a(lib_a-assert.o)
                0x0800ab6c                __assert_func
 .text._calloc_r
                0x0800abac       0x78 c:/gnuarm~1/102021~1.10/bin/../lib/gcc/arm-none-eabi/10.3.1/../../../../arm-none-eabi/lib/thumb/v7e-m+fp/hard\libg.a(lib_a-callocr.o)
                0x0800abac                _calloc_r
 .text._close_r
                0x0800ac24       0x24 c:/gnuarm~1/102021~1.10/bin/../lib/gcc/arm-none-eabi/10.3.1/../../../../arm-none-eabi/lib/thumb/v7e-m+fp/hard\libg.a(lib_a-closer.o)
                0x0800ac24                _close_r
 .text._fclose_r
                0x0800ac48       0xcc c:/gnuarm~1/102021~1.10/bin/../lib/gcc/arm-none-eabi/10.3.1/../../../../arm-none-eabi/lib/thumb/v7e-m+fp/hard\libg.a(lib_a-fclose.o)
                0x0800ac48                _fclose_r
 .text.fiprintf
                0x0800ad14       0x28 c:/gnuarm~1/102021~1.10/bin/../lib/gcc/arm-none-eabi/10.3.1/../../../../arm-none-eabi/lib/thumb/v7e-m+fp/hard\libg.a(lib_a-fiprintf.o)
                0x0800ad14                fiprintf
 .text.__fputwc
                0x0800ad3c       0xa8 c:/gnuarm~1/102021~1.10/bin/../lib/gcc/arm-none-eabi/10.3.1/../../../../arm-none-eabi/lib/thumb/v7e-m+fp/hard\libg.a(lib_a-fputwc.o)
                0x0800ad3c                __fputwc
 .text._fputwc_r
                0x0800ade4       0x68 c:/gnuarm~1/102021~1.10/bin/../lib/gcc/arm-none-eabi/10.3.1/../../../../arm-none-eabi/lib/thumb/v7e-m+fp/hard\libg.a(lib_a-fputwc.o)
                0x0800ade4                _fputwc_r
 .text._fstat_r
                0x0800ae4c       0x2c c:/gnuarm~1/102021~1.10/bin/../lib/gcc/arm-none-eabi/10.3.1/../../../../arm-none-eabi/lib/thumb/v7e-m+fp/hard\libg.a(lib_a-fstatr.o)
                0x0800ae4c                _fstat_r
 .text.__sfvwrite_r
                0x0800ae78      0x2f0 c:/gnuarm~1/102021~1.10/bin/../lib/gcc/arm-none-eabi/10.3.1/../../../../arm-none-eabi/lib/thumb/v7e-m+fp/hard\libg.a(lib_a-fvwrite.o)
                0x0800ae78                __sfvwrite_r
 .text._isatty_r
                0x0800b168       0x24 c:/gnuarm~1/102021~1.10/bin/../lib/gcc/arm-none-eabi/10.3.1/../../../../arm-none-eabi/lib/thumb/v7e-m+fp/hard\libg.a(lib_a-isattyr.o)
                0x0800b168                _isatty_r
 .text.__locale_mb_cur_max
                0x0800b18c        0xc c:/gnuarm~1/102021~1.10/bin/../lib/gcc/arm-none-eabi/10.3.1/../../../../arm-none-eabi/lib/thumb/v7e-m+fp/hard\libg.a(lib_a-locale.o)
                0x0800b18c                __locale_mb_cur_max
 .text._lseek_r
                0x0800b198       0x2c c:/gnuarm~1/102021~1.10/bin/../lib/gcc/arm-none-eabi/10.3.1/../../../../arm-none-eabi/lib/thumb/v7e-m+fp/hard\libg.a(lib_a-lseekr.o)
                0x0800b198                _lseek_r
 .text.__ascii_mbtowc
                0x0800b1c4       0x2c c:/gnuarm~1/102021~1.10/bin/../lib/gcc/arm-none-eabi/10.3.1/../../../../arm-none-eabi/lib/thumb/v7e-m+fp/hard\libg.a(lib_a-mbtowc_r.o)
                0x0800b1c4                __ascii_mbtowc
 .text.memmove  0x0800b1f0       0xf8 c:/gnuarm~1/102021~1.10/bin/../lib/gcc/arm-none-eabi/10.3.1/../../../../arm-none-eabi/lib/thumb/v7e-m+fp/hard\libg.a(lib_a-memmove.o)
                0x0800b1f0                memmove
 .text._read_r  0x0800b2e8       0x2c c:/gnuarm~1/102021~1.10/bin/../lib/gcc/arm-none-eabi/10.3.1/../../../../arm-none-eabi/lib/thumb/v7e-m+fp/hard\libg.a(lib_a-readr.o)
                0x0800b2e8                _read_r
 .text._realloc_r
                0x0800b314      0x3d8 c:/gnuarm~1/102021~1.10/bin/../lib/gcc/arm-none-eabi/10.3.1/../../../../arm-none-eabi/lib/thumb/v7e-m+fp/hard\libg.a(lib_a-reallocr.o)
                0x0800b314                _realloc_r
 .text.__swbuf_r
                0x0800b6ec       0xb0 c:/gnuarm~1/102021~1.10/bin/../lib/gcc/arm-none-eabi/10.3.1/../../../../arm-none-eabi/lib/thumb/v7e-m+fp/hard\libg.a(lib_a-wbuf.o)
                0x0800b6ec                __swbuf_r
 .text._wcrtomb_r
                0x0800b79c       0x3c c:/gnuarm~1/102021~1.10/bin/../lib/gcc/arm-none-eabi/10.3.1/../../../../arm-none-eabi/lib/thumb/v7e-m+fp/hard\libg.a(lib_a-wcrtomb.o)
                0x0800b79c                _wcrtomb_r
 .text.__ascii_wctomb
                0x0800b7d8       0x1c c:/gnuarm~1/102021~1.10/bin/../lib/gcc/arm-none-eabi/10.3.1/../../../../arm-none-eabi/lib/thumb/v7e-m+fp/hard\libg.a(lib_a-wctomb_r.o)
                0x0800b7d8                __ascii_wctomb
 .text.abort    0x0800b7f4       0x10 c:/gnuarm~1/102021~1.10/bin/../lib/gcc/arm-none-eabi/10.3.1/../../../../arm-none-eabi/lib/thumb/v7e-m+fp/hard\libg.a(lib_a-abort.o)
                0x0800b7f4                abort
 .text.raise    0x0800b804       0x5c c:/gnuarm~1/102021~1.10/bin/../lib/gcc/arm-none-eabi/10.3.1/../../../../arm-none-eabi/lib/thumb/v7e-m+fp/hard\libg.a(lib_a-signal.o)
                0x0800b804                raise
 .text._kill_r  0x0800b860       0x2c c:/gnuarm~1/102021~1.10/bin/../lib/gcc/arm-none-eabi/10.3.1/../../../../arm-none-eabi/lib/thumb/v7e-m+fp/hard\libg.a(lib_a-signalr.o)
                0x0800b860                _kill_r
 .text._getpid_r
                0x0800b88c        0x4 c:/gnuarm~1/102021~1.10/bin/../lib/gcc/arm-none-eabi/10.3.1/../../../../arm-none-eabi/lib/thumb/v7e-m+fp/hard\libg.a(lib_a-signalr.o)
                0x0800b88c                _getpid_r
 *(.glue_7)
 .glue_7        0x0800b890        0x0 linker stubs
 *(.glue_7t)
 .glue_7t       0x0800b890        0x0 linker stubs
 *(.eh_frame)
 .eh_frame      0x0800b890        0x0 c:/gnuarm~1/102021~1.10/bin/../lib/gcc/arm-none-eabi/10.3.1/thumb/v7e-m+fp/hard/crtbegin.o
 *(.init)
 .init          0x0800b890        0x4 c:/gnuarm~1/102021~1.10/bin/../lib/gcc/arm-none-eabi/10.3.1/thumb/v7e-m+fp/hard/crti.o
                0x0800b890                _init
 .init          0x0800b894        0x8 c:/gnuarm~1/102021~1.10/bin/../lib/gcc/arm-none-eabi/10.3.1/thumb/v7e-m+fp/hard/crtn.o
 *(.fini)
 .fini          0x0800b89c        0x4 c:/gnuarm~1/102021~1.10/bin/../lib/gcc/arm-none-eabi/10.3.1/thumb/v7e-m+fp/hard/crti.o
                0x0800b89c                _fini
 .fini          0x0800b8a0        0x8 c:/gnuarm~1/102021~1.10/bin/../lib/gcc/arm-none-eabi/10.3.1/thumb/v7e-m+fp/hard/crtn.o
                0x0800b8a8                . = ALIGN (0x4)
                0x0800b8a8                _etext = .

.vfp11_veneer   0x0800b8a8        0x0
 .vfp11_veneer  0x0800b8a8        0x0 linker stubs

.v4_bx          0x0800b8a8        0x0
 .v4_bx         0x0800b8a8        0x0 linker stubs

.iplt           0x0800b8a8        0x0
 .iplt          0x0800b8a8        0x0 c:/gnuarm~1/102021~1.10/bin/../lib/gcc/arm-none-eabi/10.3.1/thumb/v7e-m+fp/hard/crtbegin.o

.rodata         0x0800b8a8      0x5b0
                0x0800b8a8                . = ALIGN (0x4)
 *(.rodata)
 .rodata        0x0800b8a8       0xf0 CMakeFiles/STM32F429IGT6_FreeRTOS_Clion.elf.dir/Core/Src/freertos.c.obj
 *(.rodata*)
 .rodata.str1.4
                0x0800b998       0x3b CMakeFiles/STM32F429IGT6_FreeRTOS_Clion.elf.dir/Core/Src/freertos.c.obj
 *fill*         0x0800b9d3        0x1 
 .rodata.StartDefaultTask.str1.4
                0x0800b9d4       0x61 CMakeFiles/STM32F429IGT6_FreeRTOS_Clion.elf.dir/Core/Src/freertos.c.obj
 *fill*         0x0800ba35        0x3 
 .rodata.AHBPrescTable
                0x0800ba38       0x10 CMakeFiles/STM32F429IGT6_FreeRTOS_Clion.elf.dir/Core/Src/system_stm32f4xx.c.obj
                0x0800ba38                AHBPrescTable
 .rodata.APBPrescTable
                0x0800ba48        0x8 CMakeFiles/STM32F429IGT6_FreeRTOS_Clion.elf.dir/Core/Src/system_stm32f4xx.c.obj
                0x0800ba48                APBPrescTable
 .rodata.vTaskStartScheduler.str1.4
                0x0800ba50        0x5 CMakeFiles/STM32F429IGT6_FreeRTOS_Clion.elf.dir/Middlewares/Third_Party/FreeRTOS/Source/tasks.c.obj
 *fill*         0x0800ba55        0x3 
 .rodata._global_impure_ptr
                0x0800ba58        0x4 c:/gnuarm~1/102021~1.10/bin/../lib/gcc/arm-none-eabi/10.3.1/../../../../arm-none-eabi/lib/thumb/v7e-m+fp/hard\libg.a(lib_a-impure.o)
                0x0800ba58                _global_impure_ptr
 .rodata._vfprintf_r.str1.4
                0x0800ba5c       0x42 c:/gnuarm~1/102021~1.10/bin/../lib/gcc/arm-none-eabi/10.3.1/../../../../arm-none-eabi/lib/thumb/v7e-m+fp/hard\libg.a(lib_a-vfprintf.o)
 *fill*         0x0800ba9e        0x2 
 .rodata.blanks.1
                0x0800baa0       0x10 c:/gnuarm~1/102021~1.10/bin/../lib/gcc/arm-none-eabi/10.3.1/../../../../arm-none-eabi/lib/thumb/v7e-m+fp/hard\libg.a(lib_a-vfprintf.o)
 .rodata.zeroes.0
                0x0800bab0       0x10 c:/gnuarm~1/102021~1.10/bin/../lib/gcc/arm-none-eabi/10.3.1/../../../../arm-none-eabi/lib/thumb/v7e-m+fp/hard\libg.a(lib_a-vfprintf.o)
 .rodata._dtoa_r.str1.4
                0x0800bac0       0xa2 c:/gnuarm~1/102021~1.10/bin/../lib/gcc/arm-none-eabi/10.3.1/../../../../arm-none-eabi/lib/thumb/v7e-m+fp/hard\libg.a(lib_a-dtoa.o)
                                 0xa6 (size before relaxing)
 *fill*         0x0800bb62        0x2 
 .rodata.__multadd.str1.4
                0x0800bb64       0x7f c:/gnuarm~1/102021~1.10/bin/../lib/gcc/arm-none-eabi/10.3.1/../../../../arm-none-eabi/lib/thumb/v7e-m+fp/hard\libg.a(lib_a-mprec.o)
                                 0x93 (size before relaxing)
 *fill*         0x0800bbe3        0x5 
 .rodata.__mprec_bigtens
                0x0800bbe8       0x28 c:/gnuarm~1/102021~1.10/bin/../lib/gcc/arm-none-eabi/10.3.1/../../../../arm-none-eabi/lib/thumb/v7e-m+fp/hard\libg.a(lib_a-mprec.o)
                0x0800bbe8                __mprec_bigtens
 .rodata.__mprec_tens
                0x0800bc10       0xc8 c:/gnuarm~1/102021~1.10/bin/../lib/gcc/arm-none-eabi/10.3.1/../../../../arm-none-eabi/lib/thumb/v7e-m+fp/hard\libg.a(lib_a-mprec.o)
                0x0800bc10                __mprec_tens
 .rodata.p05.0  0x0800bcd8        0xc c:/gnuarm~1/102021~1.10/bin/../lib/gcc/arm-none-eabi/10.3.1/../../../../arm-none-eabi/lib/thumb/v7e-m+fp/hard\libg.a(lib_a-mprec.o)
 .rodata._vfiprintf_r.str1.4
                0x0800bce4       0x2f c:/gnuarm~1/102021~1.10/bin/../lib/gcc/arm-none-eabi/10.3.1/../../../../arm-none-eabi/lib/thumb/v7e-m+fp/hard\libg.a(lib_a-vfiprintf.o)
 .rodata.blanks.1
                0x0800bce4       0x10 c:/gnuarm~1/102021~1.10/bin/../lib/gcc/arm-none-eabi/10.3.1/../../../../arm-none-eabi/lib/thumb/v7e-m+fp/hard\libg.a(lib_a-vfiprintf.o)
 .rodata.zeroes.0
                0x0800bcf4       0x10 c:/gnuarm~1/102021~1.10/bin/../lib/gcc/arm-none-eabi/10.3.1/../../../../arm-none-eabi/lib/thumb/v7e-m+fp/hard\libg.a(lib_a-vfiprintf.o)
 .rodata.__assert_func.str1.4
                0x0800bd04       0x3f c:/gnuarm~1/102021~1.10/bin/../lib/gcc/arm-none-eabi/10.3.1/../../../../arm-none-eabi/lib/thumb/v7e-m+fp/hard\libg.a(lib_a-assert.o)
                                 0x43 (size before relaxing)
 *fill*         0x0800bd43        0x1 
 .rodata._setlocale_r.str1.4
                0x0800bd44        0xa c:/gnuarm~1/102021~1.10/bin/../lib/gcc/arm-none-eabi/10.3.1/../../../../arm-none-eabi/lib/thumb/v7e-m+fp/hard\libg.a(lib_a-locale.o)
                                  0xd (size before relaxing)
 *fill*         0x0800bd4e        0x2 
 .rodata.str1.4
                0x0800bd50        0x2 c:/gnuarm~1/102021~1.10/bin/../lib/gcc/arm-none-eabi/10.3.1/../../../../arm-none-eabi/lib/thumb/v7e-m+fp/hard\libg.a(lib_a-locale.o)
 *fill*         0x0800bd52        0x2 
 .rodata._ctype_
                0x0800bd54      0x101 c:/gnuarm~1/102021~1.10/bin/../lib/gcc/arm-none-eabi/10.3.1/../../../../arm-none-eabi/lib/thumb/v7e-m+fp/hard\libg.a(lib_a-ctype_.o)
                0x0800bd54                _ctype_
                0x0800be58                . = ALIGN (0x4)
 *fill*         0x0800be55        0x3 

.ARM.extab      0x0800be58        0x0
                0x0800be58                . = ALIGN (0x4)
 *(.ARM.extab* .gnu.linkonce.armextab.*)
                0x0800be58                . = ALIGN (0x4)

.ARM            0x0800be58        0x8
                0x0800be58                . = ALIGN (0x4)
                0x0800be58                __exidx_start = .
 *(.ARM.exidx*)
 .ARM.exidx     0x0800be58        0x8 c:/gnuarm~1/102021~1.10/bin/../lib/gcc/arm-none-eabi/10.3.1/thumb/v7e-m+fp/hard\libgcc.a(_udivmoddi4.o)
                0x0800be60                __exidx_end = .
                0x0800be60                . = ALIGN (0x4)

.rel.dyn        0x0800be60        0x0
 .rel.iplt      0x0800be60        0x0 c:/gnuarm~1/102021~1.10/bin/../lib/gcc/arm-none-eabi/10.3.1/thumb/v7e-m+fp/hard/crtbegin.o

.preinit_array  0x0800be60        0x0
                0x0800be60                . = ALIGN (0x4)
                0x0800be60                PROVIDE (__preinit_array_start = .)
 *(.preinit_array*)
                0x0800be60                PROVIDE (__preinit_array_end = .)
                0x0800be60                . = ALIGN (0x4)

.init_array     0x0800be60        0x8
                0x0800be60                . = ALIGN (0x4)
                0x0800be60                PROVIDE (__init_array_start = .)
 *(SORT_BY_NAME(.init_array.*))
 .init_array.00000
                0x0800be60        0x4 c:/gnuarm~1/102021~1.10/bin/../lib/gcc/arm-none-eabi/10.3.1/../../../../arm-none-eabi/lib/thumb/v7e-m+fp/hard\libg.a(lib_a-__call_atexit.o)
 *(.init_array*)
 .init_array    0x0800be64        0x4 c:/gnuarm~1/102021~1.10/bin/../lib/gcc/arm-none-eabi/10.3.1/thumb/v7e-m+fp/hard/crtbegin.o
                0x0800be68                PROVIDE (__init_array_end = .)
                0x0800be68                . = ALIGN (0x4)

.fini_array     0x0800be68        0x4
                0x0800be68                . = ALIGN (0x4)
                0x0800be68                PROVIDE (__fini_array_start = .)
 *(SORT_BY_NAME(.fini_array.*))
 *(.fini_array*)
 .fini_array    0x0800be68        0x4 c:/gnuarm~1/102021~1.10/bin/../lib/gcc/arm-none-eabi/10.3.1/thumb/v7e-m+fp/hard/crtbegin.o
                0x0800be6c                PROVIDE (__fini_array_end = .)
                0x0800be6c                . = ALIGN (0x4)
                0x0800be6c                _sidata = LOADADDR (.data)

.data           0x20000000      0xb40 load address 0x0800be6c
                0x20000000                . = ALIGN (0x4)
                0x20000000                _sdata = .
 *(.data)
 *(.data*)
 .data.SystemCoreClock
                0x20000000        0x4 CMakeFiles/STM32F429IGT6_FreeRTOS_Clion.elf.dir/Core/Src/system_stm32f4xx.c.obj
                0x20000000                SystemCoreClock
 .data.uwTickFreq
                0x20000004        0x1 CMakeFiles/STM32F429IGT6_FreeRTOS_Clion.elf.dir/Drivers/STM32F4xx_HAL_Driver/Src/stm32f4xx_hal.c.obj
                0x20000004                uwTickFreq
 *fill*         0x20000005        0x3 
 .data.uwTickPrio
                0x20000008        0x4 CMakeFiles/STM32F429IGT6_FreeRTOS_Clion.elf.dir/Drivers/STM32F4xx_HAL_Driver/Src/stm32f4xx_hal.c.obj
                0x20000008                uwTickPrio
 .data.uxCriticalNesting
                0x2000000c        0x4 CMakeFiles/STM32F429IGT6_FreeRTOS_Clion.elf.dir/Middlewares/Third_Party/FreeRTOS/Source/portable/GCC/ARM_CM4F/port.c.obj
 .data.Characters
                0x20000010       0x70 CMakeFiles/STM32F429IGT6_FreeRTOS_Clion.elf.dir/User/OLED/oled_font.c.obj
                0x20000010                Characters
 .data.Numbers  0x20000080       0xa0 CMakeFiles/STM32F429IGT6_FreeRTOS_Clion.elf.dir/User/OLED/oled_font.c.obj
                0x20000080                Numbers
 .data.title    0x20000120       0x70 CMakeFiles/STM32F429IGT6_FreeRTOS_Clion.elf.dir/User/OLED/oled_font.c.obj
                0x20000120                title
 .data._impure_ptr
                0x20000190        0x4 c:/gnuarm~1/102021~1.10/bin/../lib/gcc/arm-none-eabi/10.3.1/../../../../arm-none-eabi/lib/thumb/v7e-m+fp/hard\libg.a(lib_a-impure.o)
                0x20000190                _impure_ptr
 *fill*         0x20000194        0x4 
 .data.impure_data
                0x20000198      0x428 c:/gnuarm~1/102021~1.10/bin/../lib/gcc/arm-none-eabi/10.3.1/../../../../arm-none-eabi/lib/thumb/v7e-m+fp/hard\libg.a(lib_a-impure.o)
 .data.__atexit_recursive_mutex
                0x200005c0        0x4 c:/gnuarm~1/102021~1.10/bin/../lib/gcc/arm-none-eabi/10.3.1/../../../../arm-none-eabi/lib/thumb/v7e-m+fp/hard\libg.a(lib_a-__call_atexit.o)
                0x200005c0                __atexit_recursive_mutex
 .data.__malloc_av_
                0x200005c4      0x408 c:/gnuarm~1/102021~1.10/bin/../lib/gcc/arm-none-eabi/10.3.1/../../../../arm-none-eabi/lib/thumb/v7e-m+fp/hard\libg.a(lib_a-mallocr.o)
                0x200005c4                __malloc_av_
 .data.__malloc_sbrk_base
                0x200009cc        0x4 c:/gnuarm~1/102021~1.10/bin/../lib/gcc/arm-none-eabi/10.3.1/../../../../arm-none-eabi/lib/thumb/v7e-m+fp/hard\libg.a(lib_a-mallocr.o)
                0x200009cc                __malloc_sbrk_base
 .data.__malloc_trim_threshold
                0x200009d0        0x4 c:/gnuarm~1/102021~1.10/bin/../lib/gcc/arm-none-eabi/10.3.1/../../../../arm-none-eabi/lib/thumb/v7e-m+fp/hard\libg.a(lib_a-mallocr.o)
                0x200009d0                __malloc_trim_threshold
 .data.__global_locale
                0x200009d4      0x16c c:/gnuarm~1/102021~1.10/bin/../lib/gcc/arm-none-eabi/10.3.1/../../../../arm-none-eabi/lib/thumb/v7e-m+fp/hard\libg.a(lib_a-locale.o)
                0x200009d4                __global_locale
 *(.RamFunc)
 *(.RamFunc*)
                0x20000b40                . = ALIGN (0x4)
                0x20000b40                _edata = .
                0x0800c9ac                _siccmram = LOADADDR (.ccmram)

.igot.plt       0x20000b40        0x0 load address 0x0800c9ac
 .igot.plt      0x20000b40        0x0 c:/gnuarm~1/102021~1.10/bin/../lib/gcc/arm-none-eabi/10.3.1/thumb/v7e-m+fp/hard/crtbegin.o

.ccmram         0x10000000        0x0 load address 0x0800c9ac
                0x10000000                . = ALIGN (0x4)
                0x10000000                _sccmram = .
 *(.ccmram)
 *(.ccmram*)
                0x10000000                . = ALIGN (0x4)
                0x10000000                _eccmram = .
                0x10000000                . = ALIGN (0x4)

.bss            0x20000b40     0x4360
                0x20000b40                _sbss = .
                0x20000b40                __bss_start__ = _sbss
 *(.bss)
 .bss           0x20000b40       0x1c c:/gnuarm~1/102021~1.10/bin/../lib/gcc/arm-none-eabi/10.3.1/thumb/v7e-m+fp/hard/crtbegin.o
 *(.bss*)
 .bss.DHT11Handle
                0x20000b5c        0x4 CMakeFiles/STM32F429IGT6_FreeRTOS_Clion.elf.dir/Core/Src/freertos.c.obj
                0x20000b5c                DHT11Handle
 .bss.ESP01SHandle
                0x20000b60        0x4 CMakeFiles/STM32F429IGT6_FreeRTOS_Clion.elf.dir/Core/Src/freertos.c.obj
                0x20000b60                ESP01SHandle
 .bss.HumidityHandle
                0x20000b64        0x4 CMakeFiles/STM32F429IGT6_FreeRTOS_Clion.elf.dir/Core/Src/freertos.c.obj
                0x20000b64                HumidityHandle
 .bss.KEYHandle
                0x20000b68        0x4 CMakeFiles/STM32F429IGT6_FreeRTOS_Clion.elf.dir/Core/Src/freertos.c.obj
                0x20000b68                KEYHandle
 .bss.LEDHandle
                0x20000b6c        0x4 CMakeFiles/STM32F429IGT6_FreeRTOS_Clion.elf.dir/Core/Src/freertos.c.obj
                0x20000b6c                LEDHandle
 .bss.OLEDHandle
                0x20000b70        0x4 CMakeFiles/STM32F429IGT6_FreeRTOS_Clion.elf.dir/Core/Src/freertos.c.obj
                0x20000b70                OLEDHandle
 .bss.Print1Handle
                0x20000b74        0x4 CMakeFiles/STM32F429IGT6_FreeRTOS_Clion.elf.dir/Core/Src/freertos.c.obj
                0x20000b74                Print1Handle
 .bss.Print2Handle
                0x20000b78        0x4 CMakeFiles/STM32F429IGT6_FreeRTOS_Clion.elf.dir/Core/Src/freertos.c.obj
                0x20000b78                Print2Handle
 .bss.TemperatureHandle
                0x20000b7c        0x4 CMakeFiles/STM32F429IGT6_FreeRTOS_Clion.elf.dir/Core/Src/freertos.c.obj
                0x20000b7c                TemperatureHandle
 .bss.USART1_MutexControlBlock
                0x20000b80       0x48 CMakeFiles/STM32F429IGT6_FreeRTOS_Clion.elf.dir/Core/Src/freertos.c.obj
                0x20000b80                USART1_MutexControlBlock
 .bss.USART1_MutexHandle
                0x20000bc8        0x4 CMakeFiles/STM32F429IGT6_FreeRTOS_Clion.elf.dir/Core/Src/freertos.c.obj
                0x20000bc8                USART1_MutexHandle
 .bss.defaultTaskBuffer
                0x20000bcc      0x200 CMakeFiles/STM32F429IGT6_FreeRTOS_Clion.elf.dir/Core/Src/freertos.c.obj
                0x20000bcc                defaultTaskBuffer
 .bss.defaultTaskControlBlock
                0x20000dcc       0x54 CMakeFiles/STM32F429IGT6_FreeRTOS_Clion.elf.dir/Core/Src/freertos.c.obj
                0x20000dcc                defaultTaskControlBlock
 .bss.defaultTaskHandle
                0x20000e20        0x4 CMakeFiles/STM32F429IGT6_FreeRTOS_Clion.elf.dir/Core/Src/freertos.c.obj
                0x20000e20                defaultTaskHandle
 .bss.xIdleStack
                0x20000e24      0x100 CMakeFiles/STM32F429IGT6_FreeRTOS_Clion.elf.dir/Core/Src/freertos.c.obj
 .bss.xIdleTaskTCBBuffer
                0x20000f24       0x54 CMakeFiles/STM32F429IGT6_FreeRTOS_Clion.elf.dir/Core/Src/freertos.c.obj
 .bss.hi2c1     0x20000f78       0x54 CMakeFiles/STM32F429IGT6_FreeRTOS_Clion.elf.dir/Core/Src/i2c.c.obj
                0x20000f78                hi2c1
 .bss.a         0x20000fcc        0x1 CMakeFiles/STM32F429IGT6_FreeRTOS_Clion.elf.dir/Core/Src/main.c.obj
                0x20000fcc                a
 .bss.b         0x20000fcd        0x1 CMakeFiles/STM32F429IGT6_FreeRTOS_Clion.elf.dir/Core/Src/main.c.obj
                0x20000fcd                b
 *fill*         0x20000fce        0x2 
 .bss.hspi1     0x20000fd0       0x58 CMakeFiles/STM32F429IGT6_FreeRTOS_Clion.elf.dir/Core/Src/spi.c.obj
                0x20000fd0                hspi1
 .bss.htim1     0x20001028       0x48 CMakeFiles/STM32F429IGT6_FreeRTOS_Clion.elf.dir/Core/Src/stm32f4xx_hal_timebase_tim.c.obj
                0x20001028                htim1
 .bss.__sbrk_heap_end
                0x20001070        0x4 CMakeFiles/STM32F429IGT6_FreeRTOS_Clion.elf.dir/Core/Src/sysmem.c.obj
 .bss.huart1    0x20001074       0x44 CMakeFiles/STM32F429IGT6_FreeRTOS_Clion.elf.dir/Core/Src/usart.c.obj
                0x20001074                huart1
 .bss.huart2    0x200010b8       0x44 CMakeFiles/STM32F429IGT6_FreeRTOS_Clion.elf.dir/Core/Src/usart.c.obj
                0x200010b8                huart2
 .bss.uwTick    0x200010fc        0x4 CMakeFiles/STM32F429IGT6_FreeRTOS_Clion.elf.dir/Drivers/STM32F4xx_HAL_Driver/Src/stm32f4xx_hal.c.obj
                0x200010fc                uwTick
 .bss.ucMaxSysCallPriority
                0x20001100        0x1 CMakeFiles/STM32F429IGT6_FreeRTOS_Clion.elf.dir/Middlewares/Third_Party/FreeRTOS/Source/portable/GCC/ARM_CM4F/port.c.obj
 *fill*         0x20001101        0x3 
 .bss.ulMaxPRIGROUPValue
                0x20001104        0x4 CMakeFiles/STM32F429IGT6_FreeRTOS_Clion.elf.dir/Middlewares/Third_Party/FreeRTOS/Source/portable/GCC/ARM_CM4F/port.c.obj
 .bss.pxEnd     0x20001108        0x4 CMakeFiles/STM32F429IGT6_FreeRTOS_Clion.elf.dir/Middlewares/Third_Party/FreeRTOS/Source/portable/MemMang/heap_4.c.obj
 .bss.ucHeap    0x2000110c     0x3c00 CMakeFiles/STM32F429IGT6_FreeRTOS_Clion.elf.dir/Middlewares/Third_Party/FreeRTOS/Source/portable/MemMang/heap_4.c.obj
 .bss.xBlockAllocatedBit
                0x20004d0c        0x4 CMakeFiles/STM32F429IGT6_FreeRTOS_Clion.elf.dir/Middlewares/Third_Party/FreeRTOS/Source/portable/MemMang/heap_4.c.obj
 .bss.xFreeBytesRemaining
                0x20004d10        0x4 CMakeFiles/STM32F429IGT6_FreeRTOS_Clion.elf.dir/Middlewares/Third_Party/FreeRTOS/Source/portable/MemMang/heap_4.c.obj
 .bss.xMinimumEverFreeBytesRemaining
                0x20004d14        0x4 CMakeFiles/STM32F429IGT6_FreeRTOS_Clion.elf.dir/Middlewares/Third_Party/FreeRTOS/Source/portable/MemMang/heap_4.c.obj
 .bss.xNumberOfSuccessfulAllocations
                0x20004d18        0x4 CMakeFiles/STM32F429IGT6_FreeRTOS_Clion.elf.dir/Middlewares/Third_Party/FreeRTOS/Source/portable/MemMang/heap_4.c.obj
 .bss.xNumberOfSuccessfulFrees
                0x20004d1c        0x4 CMakeFiles/STM32F429IGT6_FreeRTOS_Clion.elf.dir/Middlewares/Third_Party/FreeRTOS/Source/portable/MemMang/heap_4.c.obj
 .bss.xStart    0x20004d20        0x8 CMakeFiles/STM32F429IGT6_FreeRTOS_Clion.elf.dir/Middlewares/Third_Party/FreeRTOS/Source/portable/MemMang/heap_4.c.obj
 .bss.pxCurrentTCB
                0x20004d28        0x4 CMakeFiles/STM32F429IGT6_FreeRTOS_Clion.elf.dir/Middlewares/Third_Party/FreeRTOS/Source/tasks.c.obj
                0x20004d28                pxCurrentTCB
 .bss.pxDelayedTaskList
                0x20004d2c        0x4 CMakeFiles/STM32F429IGT6_FreeRTOS_Clion.elf.dir/Middlewares/Third_Party/FreeRTOS/Source/tasks.c.obj
 .bss.pxOverflowDelayedTaskList
                0x20004d30        0x4 CMakeFiles/STM32F429IGT6_FreeRTOS_Clion.elf.dir/Middlewares/Third_Party/FreeRTOS/Source/tasks.c.obj
 .bss.pxReadyTasksLists
                0x20004d34       0x8c CMakeFiles/STM32F429IGT6_FreeRTOS_Clion.elf.dir/Middlewares/Third_Party/FreeRTOS/Source/tasks.c.obj
 .bss.uxCurrentNumberOfTasks
                0x20004dc0        0x4 CMakeFiles/STM32F429IGT6_FreeRTOS_Clion.elf.dir/Middlewares/Third_Party/FreeRTOS/Source/tasks.c.obj
 .bss.uxDeletedTasksWaitingCleanUp
                0x20004dc4        0x4 CMakeFiles/STM32F429IGT6_FreeRTOS_Clion.elf.dir/Middlewares/Third_Party/FreeRTOS/Source/tasks.c.obj
 .bss.uxSchedulerSuspended
                0x20004dc8        0x4 CMakeFiles/STM32F429IGT6_FreeRTOS_Clion.elf.dir/Middlewares/Third_Party/FreeRTOS/Source/tasks.c.obj
 .bss.uxTaskNumber
                0x20004dcc        0x4 CMakeFiles/STM32F429IGT6_FreeRTOS_Clion.elf.dir/Middlewares/Third_Party/FreeRTOS/Source/tasks.c.obj
 .bss.uxTopReadyPriority
                0x20004dd0        0x4 CMakeFiles/STM32F429IGT6_FreeRTOS_Clion.elf.dir/Middlewares/Third_Party/FreeRTOS/Source/tasks.c.obj
 .bss.xDelayedTaskList1
                0x20004dd4       0x14 CMakeFiles/STM32F429IGT6_FreeRTOS_Clion.elf.dir/Middlewares/Third_Party/FreeRTOS/Source/tasks.c.obj
 .bss.xDelayedTaskList2
                0x20004de8       0x14 CMakeFiles/STM32F429IGT6_FreeRTOS_Clion.elf.dir/Middlewares/Third_Party/FreeRTOS/Source/tasks.c.obj
 .bss.xIdleTaskHandle
                0x20004dfc        0x4 CMakeFiles/STM32F429IGT6_FreeRTOS_Clion.elf.dir/Middlewares/Third_Party/FreeRTOS/Source/tasks.c.obj
 .bss.xNextTaskUnblockTime
                0x20004e00        0x4 CMakeFiles/STM32F429IGT6_FreeRTOS_Clion.elf.dir/Middlewares/Third_Party/FreeRTOS/Source/tasks.c.obj
 .bss.xNumOfOverflows
                0x20004e04        0x4 CMakeFiles/STM32F429IGT6_FreeRTOS_Clion.elf.dir/Middlewares/Third_Party/FreeRTOS/Source/tasks.c.obj